<?xml version="1.0"?>
<link_info>
   <banner>MSP430 Linker PC v16.9.4.LTS</banner>
   <copyright>Copyright (c) 2003-2017 Texas Instruments Incorporated</copyright>
   <link_time>0x599c3a2a</link_time>
   <link_errors>0x0</link_errors>
   <output_file>fsat_eps.out</output_file>
   <entry_point>
      <name>_c_int00_noargs_noexit</name>
      <address>0x8a12</address>
   </entry_point>
   <input_file_list>
      <input_file id="fl-2">
         <path>.\</path>
         <kind>object</kind>
         <file>ADC.obj</file>
         <name>ADC.obj</name>
      </input_file>
      <input_file id="fl-3">
         <path>.\</path>
         <kind>object</kind>
         <file>ADS1248.obj</file>
         <name>ADS1248.obj</name>
      </input_file>
      <input_file id="fl-4">
         <path>.\</path>
         <kind>object</kind>
         <file>I2C.obj</file>
         <name>I2C.obj</name>
      </input_file>
      <input_file id="fl-5">
         <path>.\</path>
         <kind>object</kind>
         <file>SPI.obj</file>
         <name>SPI.obj</name>
      </input_file>
      <input_file id="fl-6">
         <path>.\</path>
         <kind>object</kind>
         <file>clock.obj</file>
         <name>clock.obj</name>
      </input_file>
      <input_file id="fl-7">
         <path>.\</path>
         <kind>object</kind>
         <file>crc.obj</file>
         <name>crc.obj</name>
      </input_file>
      <input_file id="fl-8">
         <path>.\</path>
         <kind>object</kind>
         <file>energy_level_algorithm.obj</file>
         <name>energy_level_algorithm.obj</name>
      </input_file>
      <input_file id="fl-9">
         <path>.\</path>
         <kind>object</kind>
         <file>main.obj</file>
         <name>main.obj</name>
      </input_file>
      <input_file id="fl-a">
         <path>.\</path>
         <kind>object</kind>
         <file>misc.obj</file>
         <name>misc.obj</name>
      </input_file>
      <input_file id="fl-b">
         <path>.\</path>
         <kind>object</kind>
         <file>mppt.obj</file>
         <name>mppt.obj</name>
      </input_file>
      <input_file id="fl-c">
         <path>.\</path>
         <kind>object</kind>
         <file>onewire.obj</file>
         <name>onewire.obj</name>
      </input_file>
      <input_file id="fl-d">
         <path>.\</path>
         <kind>object</kind>
         <file>pid.obj</file>
         <name>pid.obj</name>
      </input_file>
      <input_file id="fl-e">
         <path>.\</path>
         <kind>object</kind>
         <file>timer.obj</file>
         <name>timer.obj</name>
      </input_file>
      <input_file id="fl-f">
         <path>.\</path>
         <kind>object</kind>
         <file>uart.obj</file>
         <name>uart.obj</name>
      </input_file>
      <input_file id="fl-10">
         <path>.\</path>
         <kind>object</kind>
         <file>watchdog.obj</file>
         <name>watchdog.obj</name>
      </input_file>
      <input_file id="fl-16">
         <kind>object</kind>
         <file>&lt;internal&gt;</file>
         <name>&lt;internal&gt;</name>
      </input_file>
      <input_file id="fl-2c">
         <path>C:\ti\ccsv6\tools\compiler\ti-cgt-msp430_16.9.4.LTS\lib\</path>
         <kind>archive</kind>
         <file>rts430x_lc_rd_eabi.lib</file>
         <name>addd.obj</name>
      </input_file>
      <input_file id="fl-2d">
         <path>C:\ti\ccsv6\tools\compiler\ti-cgt-msp430_16.9.4.LTS\lib\</path>
         <kind>archive</kind>
         <file>rts430x_lc_rd_eabi.lib</file>
         <name>boot.obj</name>
      </input_file>
      <input_file id="fl-2e">
         <path>C:\ti\ccsv6\tools\compiler\ti-cgt-msp430_16.9.4.LTS\lib\</path>
         <kind>archive</kind>
         <file>rts430x_lc_rd_eabi.lib</file>
         <name>boot_special.obj</name>
      </input_file>
      <input_file id="fl-2f">
         <path>C:\ti\ccsv6\tools\compiler\ti-cgt-msp430_16.9.4.LTS\lib\</path>
         <kind>archive</kind>
         <file>rts430x_lc_rd_eabi.lib</file>
         <name>cmpd.obj</name>
      </input_file>
      <input_file id="fl-30">
         <path>C:\ti\ccsv6\tools\compiler\ti-cgt-msp430_16.9.4.LTS\lib\</path>
         <kind>archive</kind>
         <file>rts430x_lc_rd_eabi.lib</file>
         <name>copy_decompress_lzss.obj</name>
      </input_file>
      <input_file id="fl-31">
         <path>C:\ti\ccsv6\tools\compiler\ti-cgt-msp430_16.9.4.LTS\lib\</path>
         <kind>archive</kind>
         <file>rts430x_lc_rd_eabi.lib</file>
         <name>copy_decompress_none.obj</name>
      </input_file>
      <input_file id="fl-32">
         <path>C:\ti\ccsv6\tools\compiler\ti-cgt-msp430_16.9.4.LTS\lib\</path>
         <kind>archive</kind>
         <file>rts430x_lc_rd_eabi.lib</file>
         <name>copy_zero_init.obj</name>
      </input_file>
      <input_file id="fl-33">
         <path>C:\ti\ccsv6\tools\compiler\ti-cgt-msp430_16.9.4.LTS\lib\</path>
         <kind>archive</kind>
         <file>rts430x_lc_rd_eabi.lib</file>
         <name>cvtdf.obj</name>
      </input_file>
      <input_file id="fl-34">
         <path>C:\ti\ccsv6\tools\compiler\ti-cgt-msp430_16.9.4.LTS\lib\</path>
         <kind>archive</kind>
         <file>rts430x_lc_rd_eabi.lib</file>
         <name>cvtfd.obj</name>
      </input_file>
      <input_file id="fl-35">
         <path>C:\ti\ccsv6\tools\compiler\ti-cgt-msp430_16.9.4.LTS\lib\</path>
         <kind>archive</kind>
         <file>rts430x_lc_rd_eabi.lib</file>
         <name>div16u.obj</name>
      </input_file>
      <input_file id="fl-36">
         <path>C:\ti\ccsv6\tools\compiler\ti-cgt-msp430_16.9.4.LTS\lib\</path>
         <kind>archive</kind>
         <file>rts430x_lc_rd_eabi.lib</file>
         <name>div32s.obj</name>
      </input_file>
      <input_file id="fl-37">
         <path>C:\ti\ccsv6\tools\compiler\ti-cgt-msp430_16.9.4.LTS\lib\</path>
         <kind>archive</kind>
         <file>rts430x_lc_rd_eabi.lib</file>
         <name>div32u.obj</name>
      </input_file>
      <input_file id="fl-38">
         <path>C:\ti\ccsv6\tools\compiler\ti-cgt-msp430_16.9.4.LTS\lib\</path>
         <kind>archive</kind>
         <file>rts430x_lc_rd_eabi.lib</file>
         <name>divd.obj</name>
      </input_file>
      <input_file id="fl-39">
         <path>C:\ti\ccsv6\tools\compiler\ti-cgt-msp430_16.9.4.LTS\lib\</path>
         <kind>archive</kind>
         <file>rts430x_lc_rd_eabi.lib</file>
         <name>exit.obj</name>
      </input_file>
      <input_file id="fl-3a">
         <path>C:\ti\ccsv6\tools\compiler\ti-cgt-msp430_16.9.4.LTS\lib\</path>
         <kind>archive</kind>
         <file>rts430x_lc_rd_eabi.lib</file>
         <name>exit_gvars.obj</name>
      </input_file>
      <input_file id="fl-3b">
         <path>C:\ti\ccsv6\tools\compiler\ti-cgt-msp430_16.9.4.LTS\lib\</path>
         <kind>archive</kind>
         <file>rts430x_lc_rd_eabi.lib</file>
         <name>fltud.obj</name>
      </input_file>
      <input_file id="fl-3c">
         <path>C:\ti\ccsv6\tools\compiler\ti-cgt-msp430_16.9.4.LTS\lib\</path>
         <kind>archive</kind>
         <file>rts430x_lc_rd_eabi.lib</file>
         <name>fltuld.obj</name>
      </input_file>
      <input_file id="fl-3d">
         <path>C:\ti\ccsv6\tools\compiler\ti-cgt-msp430_16.9.4.LTS\lib\</path>
         <kind>archive</kind>
         <file>rts430x_lc_rd_eabi.lib</file>
         <name>frcaddd.obj</name>
      </input_file>
      <input_file id="fl-3e">
         <path>C:\ti\ccsv6\tools\compiler\ti-cgt-msp430_16.9.4.LTS\lib\</path>
         <kind>archive</kind>
         <file>rts430x_lc_rd_eabi.lib</file>
         <name>frcdivd.obj</name>
      </input_file>
      <input_file id="fl-3f">
         <path>C:\ti\ccsv6\tools\compiler\ti-cgt-msp430_16.9.4.LTS\lib\</path>
         <kind>archive</kind>
         <file>rts430x_lc_rd_eabi.lib</file>
         <name>fs_add.obj</name>
      </input_file>
      <input_file id="fl-40">
         <path>C:\ti\ccsv6\tools\compiler\ti-cgt-msp430_16.9.4.LTS\lib\</path>
         <kind>archive</kind>
         <file>rts430x_lc_rd_eabi.lib</file>
         <name>fs_cmp.obj</name>
      </input_file>
      <input_file id="fl-41">
         <path>C:\ti\ccsv6\tools\compiler\ti-cgt-msp430_16.9.4.LTS\lib\</path>
         <kind>archive</kind>
         <file>rts430x_lc_rd_eabi.lib</file>
         <name>fs_div.obj</name>
      </input_file>
      <input_file id="fl-42">
         <path>C:\ti\ccsv6\tools\compiler\ti-cgt-msp430_16.9.4.LTS\lib\</path>
         <kind>archive</kind>
         <file>rts430x_lc_rd_eabi.lib</file>
         <name>fs_itof.obj</name>
      </input_file>
      <input_file id="fl-43">
         <path>C:\ti\ccsv6\tools\compiler\ti-cgt-msp430_16.9.4.LTS\lib\</path>
         <kind>archive</kind>
         <file>rts430x_lc_rd_eabi.lib</file>
         <name>fs_ltof.obj</name>
      </input_file>
      <input_file id="fl-44">
         <path>C:\ti\ccsv6\tools\compiler\ti-cgt-msp430_16.9.4.LTS\lib\</path>
         <kind>archive</kind>
         <file>rts430x_lc_rd_eabi.lib</file>
         <name>fs_mpy.obj</name>
      </input_file>
      <input_file id="fl-45">
         <path>C:\ti\ccsv6\tools\compiler\ti-cgt-msp430_16.9.4.LTS\lib\</path>
         <kind>archive</kind>
         <file>rts430x_lc_rd_eabi.lib</file>
         <name>fs_neg.obj</name>
      </input_file>
      <input_file id="fl-46">
         <path>C:\ti\ccsv6\tools\compiler\ti-cgt-msp430_16.9.4.LTS\lib\</path>
         <kind>archive</kind>
         <file>rts430x_lc_rd_eabi.lib</file>
         <name>fs_toi.obj</name>
      </input_file>
      <input_file id="fl-47">
         <path>C:\ti\ccsv6\tools\compiler\ti-cgt-msp430_16.9.4.LTS\lib\</path>
         <kind>archive</kind>
         <file>rts430x_lc_rd_eabi.lib</file>
         <name>fs_tou.obj</name>
      </input_file>
      <input_file id="fl-48">
         <path>C:\ti\ccsv6\tools\compiler\ti-cgt-msp430_16.9.4.LTS\lib\</path>
         <kind>archive</kind>
         <file>rts430x_lc_rd_eabi.lib</file>
         <name>fs_utof.obj</name>
      </input_file>
      <input_file id="fl-49">
         <path>C:\ti\ccsv6\tools\compiler\ti-cgt-msp430_16.9.4.LTS\lib\</path>
         <kind>archive</kind>
         <file>rts430x_lc_rd_eabi.lib</file>
         <name>int36.obj</name>
      </input_file>
      <input_file id="fl-4a">
         <path>C:\ti\ccsv6\tools\compiler\ti-cgt-msp430_16.9.4.LTS\lib\</path>
         <kind>archive</kind>
         <file>rts430x_lc_rd_eabi.lib</file>
         <name>int37.obj</name>
      </input_file>
      <input_file id="fl-4b">
         <path>C:\ti\ccsv6\tools\compiler\ti-cgt-msp430_16.9.4.LTS\lib\</path>
         <kind>archive</kind>
         <file>rts430x_lc_rd_eabi.lib</file>
         <name>int38.obj</name>
      </input_file>
      <input_file id="fl-4c">
         <path>C:\ti\ccsv6\tools\compiler\ti-cgt-msp430_16.9.4.LTS\lib\</path>
         <kind>archive</kind>
         <file>rts430x_lc_rd_eabi.lib</file>
         <name>int39.obj</name>
      </input_file>
      <input_file id="fl-4d">
         <path>C:\ti\ccsv6\tools\compiler\ti-cgt-msp430_16.9.4.LTS\lib\</path>
         <kind>archive</kind>
         <file>rts430x_lc_rd_eabi.lib</file>
         <name>int41.obj</name>
      </input_file>
      <input_file id="fl-4e">
         <path>C:\ti\ccsv6\tools\compiler\ti-cgt-msp430_16.9.4.LTS\lib\</path>
         <kind>archive</kind>
         <file>rts430x_lc_rd_eabi.lib</file>
         <name>int42.obj</name>
      </input_file>
      <input_file id="fl-4f">
         <path>C:\ti\ccsv6\tools\compiler\ti-cgt-msp430_16.9.4.LTS\lib\</path>
         <kind>archive</kind>
         <file>rts430x_lc_rd_eabi.lib</file>
         <name>int43.obj</name>
      </input_file>
      <input_file id="fl-50">
         <path>C:\ti\ccsv6\tools\compiler\ti-cgt-msp430_16.9.4.LTS\lib\</path>
         <kind>archive</kind>
         <file>rts430x_lc_rd_eabi.lib</file>
         <name>int44.obj</name>
      </input_file>
      <input_file id="fl-51">
         <path>C:\ti\ccsv6\tools\compiler\ti-cgt-msp430_16.9.4.LTS\lib\</path>
         <kind>archive</kind>
         <file>rts430x_lc_rd_eabi.lib</file>
         <name>int45.obj</name>
      </input_file>
      <input_file id="fl-52">
         <path>C:\ti\ccsv6\tools\compiler\ti-cgt-msp430_16.9.4.LTS\lib\</path>
         <kind>archive</kind>
         <file>rts430x_lc_rd_eabi.lib</file>
         <name>int46.obj</name>
      </input_file>
      <input_file id="fl-53">
         <path>C:\ti\ccsv6\tools\compiler\ti-cgt-msp430_16.9.4.LTS\lib\</path>
         <kind>archive</kind>
         <file>rts430x_lc_rd_eabi.lib</file>
         <name>int47.obj</name>
      </input_file>
      <input_file id="fl-54">
         <path>C:\ti\ccsv6\tools\compiler\ti-cgt-msp430_16.9.4.LTS\lib\</path>
         <kind>archive</kind>
         <file>rts430x_lc_rd_eabi.lib</file>
         <name>int48.obj</name>
      </input_file>
      <input_file id="fl-55">
         <path>C:\ti\ccsv6\tools\compiler\ti-cgt-msp430_16.9.4.LTS\lib\</path>
         <kind>archive</kind>
         <file>rts430x_lc_rd_eabi.lib</file>
         <name>int49.obj</name>
      </input_file>
      <input_file id="fl-56">
         <path>C:\ti\ccsv6\tools\compiler\ti-cgt-msp430_16.9.4.LTS\lib\</path>
         <kind>archive</kind>
         <file>rts430x_lc_rd_eabi.lib</file>
         <name>int50.obj</name>
      </input_file>
      <input_file id="fl-57">
         <path>C:\ti\ccsv6\tools\compiler\ti-cgt-msp430_16.9.4.LTS\lib\</path>
         <kind>archive</kind>
         <file>rts430x_lc_rd_eabi.lib</file>
         <name>int51.obj</name>
      </input_file>
      <input_file id="fl-58">
         <path>C:\ti\ccsv6\tools\compiler\ti-cgt-msp430_16.9.4.LTS\lib\</path>
         <kind>archive</kind>
         <file>rts430x_lc_rd_eabi.lib</file>
         <name>int52.obj</name>
      </input_file>
      <input_file id="fl-59">
         <path>C:\ti\ccsv6\tools\compiler\ti-cgt-msp430_16.9.4.LTS\lib\</path>
         <kind>archive</kind>
         <file>rts430x_lc_rd_eabi.lib</file>
         <name>int54.obj</name>
      </input_file>
      <input_file id="fl-5a">
         <path>C:\ti\ccsv6\tools\compiler\ti-cgt-msp430_16.9.4.LTS\lib\</path>
         <kind>archive</kind>
         <file>rts430x_lc_rd_eabi.lib</file>
         <name>int55.obj</name>
      </input_file>
      <input_file id="fl-5b">
         <path>C:\ti\ccsv6\tools\compiler\ti-cgt-msp430_16.9.4.LTS\lib\</path>
         <kind>archive</kind>
         <file>rts430x_lc_rd_eabi.lib</file>
         <name>int56.obj</name>
      </input_file>
      <input_file id="fl-5c">
         <path>C:\ti\ccsv6\tools\compiler\ti-cgt-msp430_16.9.4.LTS\lib\</path>
         <kind>archive</kind>
         <file>rts430x_lc_rd_eabi.lib</file>
         <name>int57.obj</name>
      </input_file>
      <input_file id="fl-5d">
         <path>C:\ti\ccsv6\tools\compiler\ti-cgt-msp430_16.9.4.LTS\lib\</path>
         <kind>archive</kind>
         <file>rts430x_lc_rd_eabi.lib</file>
         <name>int58.obj</name>
      </input_file>
      <input_file id="fl-5e">
         <path>C:\ti\ccsv6\tools\compiler\ti-cgt-msp430_16.9.4.LTS\lib\</path>
         <kind>archive</kind>
         <file>rts430x_lc_rd_eabi.lib</file>
         <name>int59.obj</name>
      </input_file>
      <input_file id="fl-5f">
         <path>C:\ti\ccsv6\tools\compiler\ti-cgt-msp430_16.9.4.LTS\lib\</path>
         <kind>archive</kind>
         <file>rts430x_lc_rd_eabi.lib</file>
         <name>int60.obj</name>
      </input_file>
      <input_file id="fl-60">
         <path>C:\ti\ccsv6\tools\compiler\ti-cgt-msp430_16.9.4.LTS\lib\</path>
         <kind>archive</kind>
         <file>rts430x_lc_rd_eabi.lib</file>
         <name>int61.obj</name>
      </input_file>
      <input_file id="fl-61">
         <path>C:\ti\ccsv6\tools\compiler\ti-cgt-msp430_16.9.4.LTS\lib\</path>
         <kind>archive</kind>
         <file>rts430x_lc_rd_eabi.lib</file>
         <name>int62.obj</name>
      </input_file>
      <input_file id="fl-62">
         <path>C:\ti\ccsv6\tools\compiler\ti-cgt-msp430_16.9.4.LTS\lib\</path>
         <kind>archive</kind>
         <file>rts430x_lc_rd_eabi.lib</file>
         <name>isr_trap.obj</name>
      </input_file>
      <input_file id="fl-63">
         <path>C:\ti\ccsv6\tools\compiler\ti-cgt-msp430_16.9.4.LTS\lib\</path>
         <kind>archive</kind>
         <file>rts430x_lc_rd_eabi.lib</file>
         <name>lsl16.obj</name>
      </input_file>
      <input_file id="fl-64">
         <path>C:\ti\ccsv6\tools\compiler\ti-cgt-msp430_16.9.4.LTS\lib\</path>
         <kind>archive</kind>
         <file>rts430x_lc_rd_eabi.lib</file>
         <name>lsl32.obj</name>
      </input_file>
      <input_file id="fl-65">
         <path>C:\ti\ccsv6\tools\compiler\ti-cgt-msp430_16.9.4.LTS\lib\</path>
         <kind>archive</kind>
         <file>rts430x_lc_rd_eabi.lib</file>
         <name>lsr32.obj</name>
      </input_file>
      <input_file id="fl-66">
         <path>C:\ti\ccsv6\tools\compiler\ti-cgt-msp430_16.9.4.LTS\lib\</path>
         <kind>archive</kind>
         <file>rts430x_lc_rd_eabi.lib</file>
         <name>lsr64.obj</name>
      </input_file>
      <input_file id="fl-67">
         <path>C:\ti\ccsv6\tools\compiler\ti-cgt-msp430_16.9.4.LTS\lib\</path>
         <kind>archive</kind>
         <file>rts430x_lc_rd_eabi.lib</file>
         <name>memcpy.obj</name>
      </input_file>
      <input_file id="fl-68">
         <path>C:\ti\ccsv6\tools\compiler\ti-cgt-msp430_16.9.4.LTS\lib\</path>
         <kind>archive</kind>
         <file>rts430x_lc_rd_eabi.lib</file>
         <name>memset.obj</name>
      </input_file>
      <input_file id="fl-69">
         <path>C:\ti\ccsv6\tools\compiler\ti-cgt-msp430_16.9.4.LTS\lib\</path>
         <kind>archive</kind>
         <file>rts430x_lc_rd_eabi.lib</file>
         <name>mpu_init.obj</name>
      </input_file>
      <input_file id="fl-6a">
         <path>C:\ti\ccsv6\tools\compiler\ti-cgt-msp430_16.9.4.LTS\lib\</path>
         <kind>archive</kind>
         <file>rts430x_lc_rd_eabi.lib</file>
         <name>mpyd.obj</name>
      </input_file>
      <input_file id="fl-6b">
         <path>C:\ti\ccsv6\tools\compiler\ti-cgt-msp430_16.9.4.LTS\lib\</path>
         <kind>archive</kind>
         <file>rts430x_lc_rd_eabi.lib</file>
         <name>mult16.obj</name>
      </input_file>
      <input_file id="fl-6c">
         <path>C:\ti\ccsv6\tools\compiler\ti-cgt-msp430_16.9.4.LTS\lib\</path>
         <kind>archive</kind>
         <file>rts430x_lc_rd_eabi.lib</file>
         <name>mult1632_f5hw.obj</name>
      </input_file>
      <input_file id="fl-6d">
         <path>C:\ti\ccsv6\tools\compiler\ti-cgt-msp430_16.9.4.LTS\lib\</path>
         <kind>archive</kind>
         <file>rts430x_lc_rd_eabi.lib</file>
         <name>mult16_f5hw.obj</name>
      </input_file>
      <input_file id="fl-6e">
         <path>C:\ti\ccsv6\tools\compiler\ti-cgt-msp430_16.9.4.LTS\lib\</path>
         <kind>archive</kind>
         <file>rts430x_lc_rd_eabi.lib</file>
         <name>mult32.obj</name>
      </input_file>
      <input_file id="fl-6f">
         <path>C:\ti\ccsv6\tools\compiler\ti-cgt-msp430_16.9.4.LTS\lib\</path>
         <kind>archive</kind>
         <file>rts430x_lc_rd_eabi.lib</file>
         <name>mult3264_f5hw.obj</name>
      </input_file>
      <input_file id="fl-70">
         <path>C:\ti\ccsv6\tools\compiler\ti-cgt-msp430_16.9.4.LTS\lib\</path>
         <kind>archive</kind>
         <file>rts430x_lc_rd_eabi.lib</file>
         <name>mult32_f5hw.obj</name>
      </input_file>
      <input_file id="fl-71">
         <path>C:\ti\ccsv6\tools\compiler\ti-cgt-msp430_16.9.4.LTS\lib\</path>
         <kind>archive</kind>
         <file>rts430x_lc_rd_eabi.lib</file>
         <name>mult64_f5hw.obj</name>
      </input_file>
      <input_file id="fl-72">
         <path>C:\ti\ccsv6\tools\compiler\ti-cgt-msp430_16.9.4.LTS\lib\</path>
         <kind>archive</kind>
         <file>rts430x_lc_rd_eabi.lib</file>
         <name>pre_init.obj</name>
      </input_file>
      <input_file id="fl-73">
         <path>C:\ti\ccsv6\tools\compiler\ti-cgt-msp430_16.9.4.LTS\lib\</path>
         <kind>archive</kind>
         <file>rts430x_lc_rd_eabi.lib</file>
         <name>renormd.obj</name>
      </input_file>
      <input_file id="fl-74">
         <path>C:\ti\ccsv6\tools\compiler\ti-cgt-msp430_16.9.4.LTS\lib\</path>
         <kind>archive</kind>
         <file>rts430x_lc_rd_eabi.lib</file>
         <name>sprintf.obj</name>
      </input_file>
      <input_file id="fl-75">
         <path>C:\ti\ccsv6\tools\compiler\ti-cgt-msp430_16.9.4.LTS\lib\</path>
         <kind>archive</kind>
         <file>rts430x_lc_rd_eabi.lib</file>
         <name>subd.obj</name>
      </input_file>
      <input_file id="fl-76">
         <path>C:\ti\ccsv6\tools\compiler\ti-cgt-msp430_16.9.4.LTS\lib\</path>
         <kind>archive</kind>
         <file>rts430x_lc_rd_eabi.lib</file>
         <name>_lock.obj</name>
      </input_file>
      <input_file id="fl-77">
         <path>C:\ti\ccsv6\tools\compiler\ti-cgt-msp430_16.9.4.LTS\lib\</path>
         <kind>archive</kind>
         <file>rts430x_lc_rd_eabi.lib</file>
         <name>_printfi.obj</name>
      </input_file>
      <input_file id="fl-78">
         <path>C:\ti\ccsv6\tools\compiler\ti-cgt-msp430_16.9.4.LTS\lib\</path>
         <kind>archive</kind>
         <file>rts430x_lc_rd_eabi.lib</file>
         <name>abs.obj</name>
      </input_file>
      <input_file id="fl-79">
         <path>C:\ti\ccsv6\tools\compiler\ti-cgt-msp430_16.9.4.LTS\lib\</path>
         <kind>archive</kind>
         <file>rts430x_lc_rd_eabi.lib</file>
         <name>args_main.obj</name>
      </input_file>
      <input_file id="fl-7a">
         <path>C:\ti\ccsv6\tools\compiler\ti-cgt-msp430_16.9.4.LTS\lib\</path>
         <kind>archive</kind>
         <file>rts430x_lc_rd_eabi.lib</file>
         <name>asr32.obj</name>
      </input_file>
      <input_file id="fl-7b">
         <path>C:\ti\ccsv6\tools\compiler\ti-cgt-msp430_16.9.4.LTS\lib\</path>
         <kind>archive</kind>
         <file>rts430x_lc_rd_eabi.lib</file>
         <name>atoi.obj</name>
      </input_file>
      <input_file id="fl-7c">
         <path>C:\ti\ccsv6\tools\compiler\ti-cgt-msp430_16.9.4.LTS\lib\</path>
         <kind>archive</kind>
         <file>rts430x_lc_rd_eabi.lib</file>
         <name>autoinit_wdt.obj</name>
      </input_file>
      <input_file id="fl-7d">
         <path>C:\ti\ccsv6\tools\compiler\ti-cgt-msp430_16.9.4.LTS\lib\</path>
         <kind>archive</kind>
         <file>rts430x_lc_rd_eabi.lib</file>
         <name>cpy_tbl.obj</name>
      </input_file>
      <input_file id="fl-7e">
         <path>C:\ti\ccsv6\tools\compiler\ti-cgt-msp430_16.9.4.LTS\lib\</path>
         <kind>archive</kind>
         <file>rts430x_lc_rd_eabi.lib</file>
         <name>ctype.obj</name>
      </input_file>
      <input_file id="fl-7f">
         <path>C:\ti\ccsv6\tools\compiler\ti-cgt-msp430_16.9.4.LTS\lib\</path>
         <kind>archive</kind>
         <file>rts430x_lc_rd_eabi.lib</file>
         <name>div64u.obj</name>
      </input_file>
      <input_file id="fl-80">
         <path>C:\ti\ccsv6\tools\compiler\ti-cgt-msp430_16.9.4.LTS\lib\</path>
         <kind>archive</kind>
         <file>rts430x_lc_rd_eabi.lib</file>
         <name>fixdi.obj</name>
      </input_file>
      <input_file id="fl-81">
         <path>C:\ti\ccsv6\tools\compiler\ti-cgt-msp430_16.9.4.LTS\lib\</path>
         <kind>archive</kind>
         <file>rts430x_lc_rd_eabi.lib</file>
         <name>fixdli.obj</name>
      </input_file>
      <input_file id="fl-82">
         <path>C:\ti\ccsv6\tools\compiler\ti-cgt-msp430_16.9.4.LTS\lib\</path>
         <kind>archive</kind>
         <file>rts430x_lc_rd_eabi.lib</file>
         <name>fltid.obj</name>
      </input_file>
      <input_file id="fl-83">
         <path>C:\ti\ccsv6\tools\compiler\ti-cgt-msp430_16.9.4.LTS\lib\</path>
         <kind>archive</kind>
         <file>rts430x_lc_rd_eabi.lib</file>
         <name>fltlid.obj</name>
      </input_file>
      <input_file id="fl-84">
         <path>C:\ti\ccsv6\tools\compiler\ti-cgt-msp430_16.9.4.LTS\lib\</path>
         <kind>archive</kind>
         <file>rts430x_lc_rd_eabi.lib</file>
         <name>frcmpyd.obj</name>
      </input_file>
      <input_file id="fl-85">
         <path>C:\ti\ccsv6\tools\compiler\ti-cgt-msp430_16.9.4.LTS\lib\</path>
         <kind>archive</kind>
         <file>rts430x_lc_rd_eabi.lib</file>
         <name>lsl64.obj</name>
      </input_file>
      <input_file id="fl-86">
         <path>C:\ti\ccsv6\tools\compiler\ti-cgt-msp430_16.9.4.LTS\lib\</path>
         <kind>archive</kind>
         <file>rts430x_lc_rd_eabi.lib</file>
         <name>ltoa.obj</name>
      </input_file>
      <input_file id="fl-87">
         <path>C:\ti\ccsv6\tools\compiler\ti-cgt-msp430_16.9.4.LTS\lib\</path>
         <kind>archive</kind>
         <file>rts430x_lc_rd_eabi.lib</file>
         <name>memccpy.obj</name>
      </input_file>
      <input_file id="fl-88">
         <path>C:\ti\ccsv6\tools\compiler\ti-cgt-msp430_16.9.4.LTS\lib\</path>
         <kind>archive</kind>
         <file>rts430x_lc_rd_eabi.lib</file>
         <name>negd.obj</name>
      </input_file>
      <input_file id="fl-89">
         <path>C:\ti\ccsv6\tools\compiler\ti-cgt-msp430_16.9.4.LTS\lib\</path>
         <kind>archive</kind>
         <file>rts430x_lc_rd_eabi.lib</file>
         <name>s_frexp.obj</name>
      </input_file>
      <input_file id="fl-8a">
         <path>C:\ti\ccsv6\tools\compiler\ti-cgt-msp430_16.9.4.LTS\lib\</path>
         <kind>archive</kind>
         <file>rts430x_lc_rd_eabi.lib</file>
         <name>s_scalbn.obj</name>
      </input_file>
      <input_file id="fl-8b">
         <path>C:\ti\ccsv6\tools\compiler\ti-cgt-msp430_16.9.4.LTS\lib\</path>
         <kind>archive</kind>
         <file>rts430x_lc_rd_eabi.lib</file>
         <name>startup.obj</name>
      </input_file>
      <input_file id="fl-8c">
         <path>C:\ti\ccsv6\tools\compiler\ti-cgt-msp430_16.9.4.LTS\lib\</path>
         <kind>archive</kind>
         <file>rts430x_lc_rd_eabi.lib</file>
         <name>strchr.obj</name>
      </input_file>
      <input_file id="fl-8d">
         <path>C:\ti\ccsv6\tools\compiler\ti-cgt-msp430_16.9.4.LTS\lib\</path>
         <kind>archive</kind>
         <file>rts430x_lc_rd_eabi.lib</file>
         <name>strlen.obj</name>
      </input_file>
      <input_file id="fl-8e">
         <path>C:\ti\ccsv6\tools\compiler\ti-cgt-msp430_16.9.4.LTS\lib\</path>
         <kind>archive</kind>
         <file>rts430x_lc_rd_eabi.lib</file>
         <name>toupper.obj</name>
      </input_file>
      <input_file id="fl-8f">
         <path>C:\ti\ccsv6\tools\compiler\ti-cgt-msp430_16.9.4.LTS\lib\</path>
         <kind>archive</kind>
         <file>rts430x_lc_rd_eabi.lib</file>
         <name>errno.obj</name>
      </input_file>
      <input_file id="fl-90">
         <path>C:\ti\ccsv6\tools\compiler\ti-cgt-msp430_16.9.4.LTS\lib\</path>
         <kind>archive</kind>
         <file>rts430x_lc_rd_eabi.lib</file>
         <name>s_copysign.obj</name>
      </input_file>
   </input_file_list>
   <object_component_list>
      <object_component id="oc-51c">
         <name>.data:EPS_data</name>
         <load_address>0x2448</load_address>
         <run_address>0x2448</run_address>
         <size>0x47</size>
         <input_file_ref idref="fl-4"/>
      </object_component>
      <object_component id="oc-519">
         <name>.data:EPS_data2</name>
         <load_address>0x2400</load_address>
         <run_address>0x2400</run_address>
         <size>0x47</size>
         <input_file_ref idref="fl-4"/>
      </object_component>
      <object_component id="oc-525">
         <name>.data</name>
         <load_address>0x2447</load_address>
         <run_address>0x2447</run_address>
         <size>0x1</size>
         <input_file_ref idref="fl-4"/>
      </object_component>
      <object_component id="oc-52f">
         <name>.data</name>
         <load_address>0x24ae</load_address>
         <run_address>0x24ae</run_address>
         <size>0x16</size>
         <input_file_ref idref="fl-e"/>
      </object_component>
      <object_component id="oc-57a">
         <name>.data:parameters_heater1$3</name>
         <load_address>0x2490</load_address>
         <run_address>0x2490</run_address>
         <size>0x1e</size>
         <input_file_ref idref="fl-e"/>
      </object_component>
      <object_component id="oc-53b">
         <name>.data:panel12_parameters$15</name>
         <load_address>0x24c4</load_address>
         <run_address>0x24c4</run_address>
         <size>0x8</size>
         <input_file_ref idref="fl-e"/>
      </object_component>
      <object_component id="oc-542">
         <name>.data:panel34_parameters$16</name>
         <load_address>0x24cc</load_address>
         <run_address>0x24cc</run_address>
         <size>0x8</size>
         <input_file_ref idref="fl-e"/>
      </object_component>
      <object_component id="oc-543">
         <name>.data:panel56_parameters$17</name>
         <load_address>0x24d4</load_address>
         <run_address>0x24d4</run_address>
         <size>0x8</size>
         <input_file_ref idref="fl-e"/>
      </object_component>
      <object_component id="oc-8f2">
         <name>.data</name>
         <load_address>0x24dc</load_address>
         <run_address>0x24dc</run_address>
         <size>0x2</size>
         <input_file_ref idref="fl-8f"/>
      </object_component>
      <object_component id="oc-495">
         <name>.stack</name>
         <uninitialized>true</uninitialized>
         <run_address>0x6270</run_address>
         <size>0x4</size>
         <input_file_ref idref="fl-2d"/>
      </object_component>
      <object_component id="oc-973">
         <name>.stack</name>
         <uninitialized>true</uninitialized>
         <run_address>0x6270</run_address>
         <size>0x0</size>
      </object_component>
      <object_component id="oc-658">
         <name>.text:__TI_frcdivd</name>
         <load_address>0x10000</load_address>
         <run_address>0x10000</run_address>
         <size>0x478</size>
         <input_file_ref idref="fl-3e"/>
      </object_component>
      <object_component id="oc-84c">
         <name>.text:__mspabi_divull</name>
         <load_address>0x10478</load_address>
         <run_address>0x10478</run_address>
         <size>0x34e</size>
         <input_file_ref idref="fl-7f"/>
      </object_component>
      <object_component id="oc-651">
         <name>.text:__mspabi_addd</name>
         <load_address>0x107c6</load_address>
         <run_address>0x107c6</run_address>
         <size>0x2d8</size>
         <input_file_ref idref="fl-2c"/>
      </object_component>
      <object_component id="oc-57b">
         <name>.text:Pid_Control</name>
         <load_address>0x10a9e</load_address>
         <run_address>0x10a9e</run_address>
         <size>0x2c0</size>
         <input_file_ref idref="fl-d"/>
      </object_component>
      <object_component id="oc-598">
         <name>.text:energyLevelAlgorithm</name>
         <load_address>0x10d5e</load_address>
         <run_address>0x10d5e</run_address>
         <size>0x28e</size>
         <input_file_ref idref="fl-8"/>
      </object_component>
      <object_component id="oc-644">
         <name>.text:__TI_frcmpyd</name>
         <load_address>0x10fec</load_address>
         <run_address>0x10fec</run_address>
         <size>0x286</size>
         <input_file_ref idref="fl-84"/>
      </object_component>
      <object_component id="oc-562">
         <name>.text:__mspabi_mpyd</name>
         <load_address>0x11272</load_address>
         <run_address>0x11272</run_address>
         <size>0x282</size>
         <input_file_ref idref="fl-6a"/>
      </object_component>
      <object_component id="oc-7f4">
         <name>.text:_pproc_fgea</name>
         <load_address>0x114f4</load_address>
         <run_address>0x114f4</run_address>
         <size>0x260</size>
         <input_file_ref idref="fl-77"/>
      </object_component>
      <object_component id="oc-7bd">
         <name>.text:_setfield</name>
         <load_address>0x11754</load_address>
         <run_address>0x11754</run_address>
         <size>0x25e</size>
         <input_file_ref idref="fl-77"/>
      </object_component>
      <object_component id="oc-737">
         <name>.text:__TI_frcaddd</name>
         <load_address>0x119b2</load_address>
         <run_address>0x119b2</run_address>
         <size>0x252</size>
         <input_file_ref idref="fl-3d"/>
      </object_component>
      <object_component id="oc-760">
         <name>.text:__TI_printfi</name>
         <load_address>0x11c04</load_address>
         <run_address>0x11c04</run_address>
         <size>0x23c</size>
         <input_file_ref idref="fl-77"/>
      </object_component>
      <object_component id="oc-88d">
         <name>.text:acvt</name>
         <load_address>0x11e40</load_address>
         <run_address>0x11e40</run_address>
         <size>0x224</size>
         <input_file_ref idref="fl-77"/>
      </object_component>
      <object_component id="oc-56e">
         <name>.text:__mspabi_divd</name>
         <load_address>0x12064</load_address>
         <run_address>0x12064</run_address>
         <size>0x222</size>
         <input_file_ref idref="fl-38"/>
      </object_component>
      <object_component id="oc-866">
         <name>.text:ecvt</name>
         <load_address>0x12286</load_address>
         <run_address>0x12286</run_address>
         <size>0x210</size>
         <input_file_ref idref="fl-77"/>
      </object_component>
      <object_component id="oc-879">
         <name>.text:fcvt</name>
         <load_address>0x12496</load_address>
         <run_address>0x12496</run_address>
         <size>0x1fe</size>
         <input_file_ref idref="fl-77"/>
      </object_component>
      <object_component id="oc-551">
         <name>.text:read_ADS1248</name>
         <load_address>0x12694</load_address>
         <run_address>0x12694</run_address>
         <size>0x1f6</size>
         <input_file_ref idref="fl-3"/>
      </object_component>
      <object_component id="oc-837">
         <name>.text:_pconv_e</name>
         <load_address>0x1288a</load_address>
         <run_address>0x1288a</run_address>
         <size>0x1a4</size>
         <input_file_ref idref="fl-77"/>
      </object_component>
      <object_component id="oc-8ce">
         <name>.text:scalbn</name>
         <load_address>0x12a2e</load_address>
         <run_address>0x12a2e</run_address>
         <size>0x1a0</size>
         <input_file_ref idref="fl-8a"/>
      </object_component>
      <object_component id="oc-53c">
         <name>.text:mppt_algorithm</name>
         <load_address>0x12bce</load_address>
         <run_address>0x12bce</run_address>
         <size>0x19e</size>
         <input_file_ref idref="fl-b"/>
      </object_component>
      <object_component id="oc-80d">
         <name>.text:_getarg_diouxp</name>
         <load_address>0x12d6c</load_address>
         <run_address>0x12d6c</run_address>
         <size>0x188</size>
         <input_file_ref idref="fl-77"/>
      </object_component>
      <object_component id="oc-83d">
         <name>.text:_pconv_a</name>
         <load_address>0x12ef4</load_address>
         <run_address>0x12ef4</run_address>
         <size>0x170</size>
         <input_file_ref idref="fl-77"/>
      </object_component>
      <object_component id="oc-7ee">
         <name>.text:_pproc_diouxp</name>
         <load_address>0x13064</load_address>
         <run_address>0x13064</run_address>
         <size>0x148</size>
         <input_file_ref idref="fl-77"/>
      </object_component>
      <object_component id="oc-667">
         <name>.text</name>
         <load_address>0x131ac</load_address>
         <run_address>0x131ac</run_address>
         <size>0x132</size>
         <input_file_ref idref="fl-3f"/>
      </object_component>
      <object_component id="oc-813">
         <name>.text:_ltostr</name>
         <load_address>0x132de</load_address>
         <run_address>0x132de</run_address>
         <size>0x12a</size>
         <input_file_ref idref="fl-77"/>
      </object_component>
      <object_component id="oc-530">
         <name>.text:adc_read</name>
         <load_address>0x13408</load_address>
         <run_address>0x13408</run_address>
         <size>0xfe</size>
         <input_file_ref idref="fl-2"/>
      </object_component>
      <object_component id="oc-82b">
         <name>.text:_pconv_g</name>
         <load_address>0x13506</load_address>
         <run_address>0x13506</run_address>
         <size>0xfc</size>
         <input_file_ref idref="fl-77"/>
      </object_component>
      <object_component id="oc-7b7">
         <name>.text:_pproc_fwp</name>
         <load_address>0x13602</load_address>
         <run_address>0x13602</run_address>
         <size>0xfa</size>
         <input_file_ref idref="fl-77"/>
      </object_component>
      <object_component id="oc-5e6">
         <name>.text:config_DS2775</name>
         <load_address>0x136fc</load_address>
         <run_address>0x136fc</run_address>
         <size>0xf2</size>
         <input_file_ref idref="fl-c"/>
      </object_component>
      <object_component id="oc-6f1">
         <name>.text:timer_config</name>
         <load_address>0x137ee</load_address>
         <run_address>0x137ee</run_address>
         <size>0xf2</size>
         <input_file_ref idref="fl-e"/>
      </object_component>
      <object_component id="oc-68f">
         <name>.text:__mspabi_cmpd</name>
         <load_address>0x138e0</load_address>
         <run_address>0x138e0</run_address>
         <size>0xd8</size>
         <input_file_ref idref="fl-2f"/>
      </object_component>
      <object_component id="oc-581">
         <name>.text</name>
         <load_address>0x139b8</load_address>
         <run_address>0x139b8</run_address>
         <size>0xb8</size>
         <input_file_ref idref="fl-44"/>
      </object_component>
      <object_component id="oc-5e0">
         <name>.text:config_ADS1248</name>
         <load_address>0x13a70</load_address>
         <run_address>0x13a70</run_address>
         <size>0xb6</size>
         <input_file_ref idref="fl-3"/>
      </object_component>
      <object_component id="oc-7a3">
         <name>.text:__TI_renormd</name>
         <load_address>0x13b26</load_address>
         <run_address>0x13b26</run_address>
         <size>0xb2</size>
         <input_file_ref idref="fl-73"/>
      </object_component>
      <object_component id="oc-887">
         <name>.text:frexp</name>
         <load_address>0x13bd8</load_address>
         <run_address>0x13bd8</run_address>
         <size>0xb2</size>
         <input_file_ref idref="fl-89"/>
      </object_component>
      <object_component id="oc-6df">
         <name>.text:adc_config</name>
         <load_address>0x13c8a</load_address>
         <run_address>0x13c8a</run_address>
         <size>0xae</size>
         <input_file_ref idref="fl-2"/>
      </object_component>
      <object_component id="oc-7c3">
         <name>.text:_pproc_str</name>
         <load_address>0x13d38</load_address>
         <run_address>0x13d38</run_address>
         <size>0xa6</size>
         <input_file_ref idref="fl-77"/>
      </object_component>
      <object_component id="oc-8aa">
         <name>.text:__mspabi_fltlid</name>
         <load_address>0x13dde</load_address>
         <run_address>0x13dde</run_address>
         <size>0x9e</size>
         <input_file_ref idref="fl-83"/>
      </object_component>
      <object_component id="oc-86c">
         <name>.text:_ecpy</name>
         <load_address>0x13e7c</load_address>
         <run_address>0x13e7c</run_address>
         <size>0x90</size>
         <input_file_ref idref="fl-77"/>
      </object_component>
      <object_component id="oc-872">
         <name>.text:_mcpy</name>
         <load_address>0x13f0c</load_address>
         <run_address>0x13f0c</run_address>
         <size>0x90</size>
         <input_file_ref idref="fl-77"/>
      </object_component>
      <object_component id="oc-671">
         <name>.text</name>
         <load_address>0x13f9c</load_address>
         <run_address>0x13f9c</run_address>
         <size>0x90</size>
         <input_file_ref idref="fl-41"/>
      </object_component>
      <object_component id="oc-574">
         <name>.text:__mspabi_cvtdf</name>
         <load_address>0x1402c</load_address>
         <run_address>0x1402c</run_address>
         <size>0x8c</size>
         <input_file_ref idref="fl-33"/>
      </object_component>
      <object_component id="oc-4d5">
         <name>.text:_auto_init_hold_wdt</name>
         <load_address>0x140b8</load_address>
         <run_address>0x140b8</run_address>
         <size>0x82</size>
         <input_file_ref idref="fl-7c"/>
      </object_component>
      <object_component id="oc-55c">
         <name>.text:__mspabi_fltuld</name>
         <load_address>0x1413a</load_address>
         <run_address>0x1413a</run_address>
         <size>0x80</size>
         <input_file_ref idref="fl-3c"/>
      </object_component>
      <object_component id="oc-8a4">
         <name>.text:ltoa</name>
         <load_address>0x141ba</load_address>
         <run_address>0x141ba</run_address>
         <size>0x80</size>
         <input_file_ref idref="fl-86"/>
      </object_component>
      <object_component id="oc-51f">
         <name>.text:crc8</name>
         <load_address>0x1423a</load_address>
         <run_address>0x1423a</run_address>
         <size>0x7c</size>
         <input_file_ref idref="fl-7"/>
      </object_component>
      <object_component id="oc-592">
         <name>.text:float_send</name>
         <load_address>0x142b6</load_address>
         <run_address>0x142b6</run_address>
         <size>0x7a</size>
         <input_file_ref idref="fl-f"/>
      </object_component>
      <object_component id="oc-831">
         <name>.text:_pconv_f</name>
         <load_address>0x14330</load_address>
         <run_address>0x14330</run_address>
         <size>0x78</size>
         <input_file_ref idref="fl-77"/>
      </object_component>
      <object_component id="oc-71">
         <name>.text:decompress:lzss:__TI_decompress_lzss</name>
         <load_address>0x143a8</load_address>
         <run_address>0x143a8</run_address>
         <size>0x78</size>
         <input_file_ref idref="fl-30"/>
      </object_component>
      <object_component id="oc-6d9">
         <name>.text:uart_config</name>
         <load_address>0x14420</load_address>
         <run_address>0x14420</run_address>
         <size>0x72</size>
         <input_file_ref idref="fl-f"/>
      </object_component>
      <object_component id="oc-676">
         <name>.text:__mspabi_cvtfd</name>
         <load_address>0x14492</load_address>
         <run_address>0x14492</run_address>
         <size>0x6e</size>
         <input_file_ref idref="fl-34"/>
      </object_component>
      <object_component id="oc-8b6">
         <name>.text:__mspabi_fixdli</name>
         <load_address>0x14500</load_address>
         <run_address>0x14500</run_address>
         <size>0x66</size>
         <input_file_ref idref="fl-81"/>
      </object_component>
      <object_component id="oc-5b3">
         <name>.text:copy_in</name>
         <load_address>0x14566</load_address>
         <run_address>0x14566</run_address>
         <size>0x66</size>
         <input_file_ref idref="fl-7d"/>
      </object_component>
      <object_component id="oc-7e6">
         <name>.text:atoi</name>
         <load_address>0x145cc</load_address>
         <run_address>0x145cc</run_address>
         <size>0x62</size>
         <input_file_ref idref="fl-7b"/>
      </object_component>
      <object_component id="oc-714">
         <name>.text:OneWireWrite</name>
         <load_address>0x1462e</load_address>
         <run_address>0x1462e</run_address>
         <size>0x60</size>
         <input_file_ref idref="fl-c"/>
      </object_component>
      <object_component id="oc-852">
         <name>.text</name>
         <load_address>0x1468e</load_address>
         <run_address>0x1468e</run_address>
         <size>0x58</size>
         <input_file_ref idref="fl-37"/>
      </object_component>
      <object_component id="oc-61b">
         <name>.text:OneWireReset</name>
         <load_address>0x146e6</load_address>
         <run_address>0x146e6</run_address>
         <size>0x54</size>
         <input_file_ref idref="fl-c"/>
      </object_component>
      <object_component id="oc-6cd">
         <name>.text:clock_config</name>
         <load_address>0x1473a</load_address>
         <run_address>0x1473a</run_address>
         <size>0x50</size>
         <input_file_ref idref="fl-6"/>
      </object_component>
      <object_component id="oc-87f">
         <name>.text:_fcpy</name>
         <load_address>0x1478a</load_address>
         <run_address>0x1478a</run_address>
         <size>0x4e</size>
         <input_file_ref idref="fl-77"/>
      </object_component>
      <object_component id="oc-612">
         <name>.text</name>
         <load_address>0x147d8</load_address>
         <run_address>0x147d8</run_address>
         <size>0x4a</size>
         <input_file_ref idref="fl-40"/>
      </object_component>
      <object_component id="oc-66c">
         <name>.text</name>
         <load_address>0x14822</load_address>
         <run_address>0x14822</run_address>
         <size>0x4a</size>
         <input_file_ref idref="fl-43"/>
      </object_component>
      <object_component id="oc-586">
         <name>.text</name>
         <load_address>0x1486c</load_address>
         <run_address>0x1486c</run_address>
         <size>0x46</size>
         <input_file_ref idref="fl-47"/>
      </object_component>
      <object_component id="oc-71b">
         <name>.text:OneWireReadBit</name>
         <load_address>0x148b2</load_address>
         <run_address>0x148b2</run_address>
         <size>0x44</size>
         <input_file_ref idref="fl-c"/>
      </object_component>
      <object_component id="oc-688">
         <name>.text:sprintf</name>
         <load_address>0x148f6</load_address>
         <run_address>0x148f6</run_address>
         <size>0x44</size>
         <input_file_ref idref="fl-74"/>
      </object_component>
      <object_component id="oc-5da">
         <name>.text:config_msp430</name>
         <load_address>0x1493a</load_address>
         <run_address>0x1493a</run_address>
         <size>0x42</size>
         <input_file_ref idref="fl-9"/>
      </object_component>
      <object_component id="oc-8e4">
         <name>.text</name>
         <load_address>0x1497c</load_address>
         <run_address>0x1497c</run_address>
         <size>0x40</size>
         <input_file_ref idref="fl-36"/>
      </object_component>
      <object_component id="oc-6e5">
         <name>.text:spi_config</name>
         <load_address>0x149bc</load_address>
         <run_address>0x149bc</run_address>
         <size>0x40</size>
         <input_file_ref idref="fl-5"/>
      </object_component>
      <object_component id="oc-58c">
         <name>.text:uart_tx_debug</name>
         <load_address>0x149fc</load_address>
         <run_address>0x149fc</run_address>
         <size>0x40</size>
         <input_file_ref idref="fl-f"/>
      </object_component>
      <object_component id="oc-72e">
         <name>.text:l_asr_const</name>
         <load_address>0x14a3c</load_address>
         <run_address>0x14a3c</run_address>
         <size>0x3e</size>
         <input_file_ref idref="fl-7a"/>
      </object_component>
      <object_component id="oc-63a">
         <name>.text:l_lsl_const</name>
         <load_address>0x14a7a</load_address>
         <run_address>0x14a7a</run_address>
         <size>0x3e</size>
         <input_file_ref idref="fl-64"/>
      </object_component>
      <object_component id="oc-557">
         <name>.text:l_lsr_const</name>
         <load_address>0x14ab8</load_address>
         <run_address>0x14ab8</run_address>
         <size>0x3e</size>
         <input_file_ref idref="fl-65"/>
      </object_component>
      <object_component id="oc-898">
         <name>.text:__mspabi_sllll</name>
         <load_address>0x14af6</load_address>
         <run_address>0x14af6</run_address>
         <size>0x3a</size>
         <input_file_ref idref="fl-85"/>
      </object_component>
      <object_component id="oc-857">
         <name>.text:__mspabi_srlll</name>
         <load_address>0x14b30</load_address>
         <run_address>0x14b30</run_address>
         <size>0x3a</size>
         <input_file_ref idref="fl-66"/>
      </object_component>
      <object_component id="oc-6eb">
         <name>.text:I2C_config</name>
         <load_address>0x14b6a</load_address>
         <run_address>0x14b6a</run_address>
         <size>0x36</size>
         <input_file_ref idref="fl-4"/>
      </object_component>
      <object_component id="oc-627">
         <name>.text:OWReadByte</name>
         <load_address>0x14ba0</load_address>
         <run_address>0x14ba0</run_address>
         <size>0x36</size>
         <input_file_ref idref="fl-c"/>
      </object_component>
      <object_component id="oc-662">
         <name>.text</name>
         <load_address>0x14bd6</load_address>
         <run_address>0x14bd6</run_address>
         <size>0x36</size>
         <input_file_ref idref="fl-42"/>
      </object_component>
      <object_component id="oc-568">
         <name>.text:__mspabi_subd</name>
         <load_address>0x14c0c</load_address>
         <run_address>0x14c0c</run_address>
         <size>0x32</size>
         <input_file_ref idref="fl-75"/>
      </object_component>
      <object_component id="oc-54b">
         <name>.text:DS2775_read_register</name>
         <load_address>0x14c3e</load_address>
         <run_address>0x14c3e</run_address>
         <size>0x30</size>
         <input_file_ref idref="fl-c"/>
      </object_component>
      <object_component id="oc-621">
         <name>.text:OWWriteByte</name>
         <load_address>0x14c6e</load_address>
         <run_address>0x14c6e</run_address>
         <size>0x2e</size>
         <input_file_ref idref="fl-c"/>
      </object_component>
      <object_component id="oc-825">
         <name>.text:__mspabi_negd</name>
         <load_address>0x14c9c</load_address>
         <run_address>0x14c9c</run_address>
         <size>0x2e</size>
         <input_file_ref idref="fl-88"/>
      </object_component>
      <object_component id="oc-8f5">
         <name>.text:copysign</name>
         <load_address>0x14cca</load_address>
         <run_address>0x14cca</run_address>
         <size>0x2e</size>
         <input_file_ref idref="fl-90"/>
      </object_component>
      <object_component id="oc-8b0">
         <name>.text:__mspabi_fixdi</name>
         <load_address>0x14cf8</load_address>
         <run_address>0x14cf8</run_address>
         <size>0x28</size>
         <input_file_ref idref="fl-80"/>
      </object_component>
      <object_component id="oc-529">
         <name>.text:watchdog_reset_counter</name>
         <load_address>0x14d20</load_address>
         <run_address>0x14d20</run_address>
         <size>0x28</size>
         <input_file_ref idref="fl-10"/>
      </object_component>
      <object_component id="oc-707">
         <name>.text:outp</name>
         <load_address>0x14d48</load_address>
         <run_address>0x14d48</run_address>
         <size>0x24</size>
         <input_file_ref idref="fl-c"/>
      </object_component>
      <object_component id="oc-695">
         <name>.text</name>
         <load_address>0x14d6c</load_address>
         <run_address>0x14d6c</run_address>
         <size>0x24</size>
         <input_file_ref idref="fl-48"/>
      </object_component>
      <object_component id="oc-729">
         <name>.text</name>
         <load_address>0x14d90</load_address>
         <run_address>0x14d90</run_address>
         <size>0x24</size>
         <input_file_ref idref="fl-70"/>
      </object_component>
      <object_component id="oc-4ef">
         <name>.text:main</name>
         <load_address>0x14db4</load_address>
         <run_address>0x14db4</run_address>
         <size>0x22</size>
         <input_file_ref idref="fl-9"/>
      </object_component>
      <object_component id="oc-754">
         <name>.text:_outs</name>
         <load_address>0x14dd6</load_address>
         <run_address>0x14dd6</run_address>
         <size>0x20</size>
         <input_file_ref idref="fl-74"/>
      </object_component>
      <object_component id="oc-62e">
         <name>.text:spi_send</name>
         <load_address>0x14df6</load_address>
         <run_address>0x14df6</run_address>
         <size>0x20</size>
         <input_file_ref idref="fl-5"/>
      </object_component>
      <object_component id="oc-70d">
         <name>.text:inp</name>
         <load_address>0x14e16</load_address>
         <run_address>0x14e16</run_address>
         <size>0x1e</size>
         <input_file_ref idref="fl-c"/>
      </object_component>
      <object_component id="oc-7fa">
         <name>.text:memccpy</name>
         <load_address>0x14e34</load_address>
         <run_address>0x14e34</run_address>
         <size>0x1e</size>
         <input_file_ref idref="fl-87"/>
      </object_component>
      <object_component id="oc-8d4">
         <name>.text:strchr</name>
         <load_address>0x14e52</load_address>
         <run_address>0x14e52</run_address>
         <size>0x1c</size>
         <input_file_ref idref="fl-8c"/>
      </object_component>
      <object_component id="oc-77b">
         <name>.text:port_mapping</name>
         <load_address>0x14e6e</load_address>
         <run_address>0x14e6e</run_address>
         <size>0x18</size>
         <input_file_ref idref="fl-f"/>
      </object_component>
      <object_component id="oc-69e">
         <name>.text</name>
         <load_address>0x14e86</load_address>
         <run_address>0x14e86</run_address>
         <size>0x18</size>
         <input_file_ref idref="fl-6d"/>
      </object_component>
      <object_component id="oc-5a4">
         <name>.text:uart_tx_beacon</name>
         <load_address>0x14e9e</load_address>
         <run_address>0x14e9e</run_address>
         <size>0x18</size>
         <input_file_ref idref="fl-f"/>
      </object_component>
      <object_component id="oc-59e">
         <name>.text:memset</name>
         <load_address>0x14eb6</load_address>
         <run_address>0x14eb6</run_address>
         <size>0x16</size>
         <input_file_ref idref="fl-68"/>
      </object_component>
      <object_component id="oc-536">
         <name>.text</name>
         <load_address>0x14ecc</load_address>
         <run_address>0x14ecc</run_address>
         <size>0x16</size>
         <input_file_ref idref="fl-35"/>
      </object_component>
      <object_component id="oc-75a">
         <name>.text:_outc</name>
         <load_address>0x14ee2</load_address>
         <run_address>0x14ee2</run_address>
         <size>0x14</size>
         <input_file_ref idref="fl-74"/>
      </object_component>
      <object_component id="oc-4a4">
         <name>.text:memcpy</name>
         <load_address>0x14ef6</load_address>
         <run_address>0x14ef6</run_address>
         <size>0x14</size>
         <input_file_ref idref="fl-67"/>
      </object_component>
      <object_component id="oc-77">
         <name>.text:decompress:none:__TI_decompress_none</name>
         <load_address>0x14f0a</load_address>
         <run_address>0x14f0a</run_address>
         <size>0x12</size>
         <input_file_ref idref="fl-31"/>
      </object_component>
      <object_component id="oc-81f">
         <name>.text:toupper</name>
         <load_address>0x14f1c</load_address>
         <run_address>0x14f1c</run_address>
         <size>0x12</size>
         <input_file_ref idref="fl-8e"/>
      </object_component>
      <object_component id="oc-79e">
         <name>.text:l_asr</name>
         <load_address>0x14f2e</load_address>
         <run_address>0x14f2e</run_address>
         <size>0x10</size>
         <input_file_ref idref="fl-7a"/>
      </object_component>
      <object_component id="oc-794">
         <name>.text:l_lsl</name>
         <load_address>0x14f3e</load_address>
         <run_address>0x14f3e</run_address>
         <size>0x10</size>
         <input_file_ref idref="fl-64"/>
      </object_component>
      <object_component id="oc-799">
         <name>.text:l_lsr</name>
         <load_address>0x14f4e</load_address>
         <run_address>0x14f4e</run_address>
         <size>0x10</size>
         <input_file_ref idref="fl-65"/>
      </object_component>
      <object_component id="oc-634">
         <name>.text:spi_read</name>
         <load_address>0x14f5e</load_address>
         <run_address>0x14f5e</run_address>
         <size>0x10</size>
         <input_file_ref idref="fl-5"/>
      </object_component>
      <object_component id="oc-7b1">
         <name>.text:strlen</name>
         <load_address>0x14f6e</load_address>
         <run_address>0x14f6e</run_address>
         <size>0xe</size>
         <input_file_ref idref="fl-8d"/>
      </object_component>
      <object_component id="oc-8da">
         <name>.text:__mspabi_fltid</name>
         <load_address>0x14f7c</load_address>
         <run_address>0x14f7c</run_address>
         <size>0xc</size>
         <input_file_ref idref="fl-82"/>
      </object_component>
      <object_component id="oc-8bd">
         <name>.text:abs</name>
         <load_address>0x14f88</load_address>
         <run_address>0x14f88</run_address>
         <size>0xa</size>
         <input_file_ref idref="fl-78"/>
      </object_component>
      <object_component id="oc-683">
         <name>.text</name>
         <load_address>0x14f92</load_address>
         <run_address>0x14f92</run_address>
         <size>0xa</size>
         <input_file_ref idref="fl-45"/>
      </object_component>
      <object_component id="oc-605">
         <name>.text</name>
         <load_address>0x14f9c</load_address>
         <run_address>0x14f9c</run_address>
         <size>0xa</size>
         <input_file_ref idref="fl-63"/>
      </object_component>
      <object_component id="oc-6d3">
         <name>.text:watchdog_config</name>
         <load_address>0x14fa6</load_address>
         <run_address>0x14fa6</run_address>
         <size>0xa</size>
         <input_file_ref idref="fl-10"/>
      </object_component>
      <object_component id="oc-60c">
         <name>.text:__mspabi_fltud</name>
         <load_address>0x14fb0</load_address>
         <run_address>0x14fb0</run_address>
         <size>0x6</size>
         <input_file_ref idref="fl-3b"/>
      </object_component>
      <object_component id="oc-4f7">
         <name>.text:abort</name>
         <load_address>0x14fb6</load_address>
         <run_address>0x14fb6</run_address>
         <size>0x6</size>
         <input_file_ref idref="fl-39"/>
      </object_component>
      <object_component id="oc-4cf">
         <name>.text:_system_pre_init</name>
         <load_address>0x14fbc</load_address>
         <run_address>0x14fbc</run_address>
         <size>0x4</size>
         <input_file_ref idref="fl-72"/>
      </object_component>
      <object_component id="oc-5b9">
         <name>.text:_system_post_cinit</name>
         <load_address>0x14fc0</load_address>
         <run_address>0x14fc0</run_address>
         <size>0x2</size>
         <input_file_ref idref="fl-8b"/>
      </object_component>
      <object_component id="oc-4c2">
         <name>.text:_isr:timer0_a0_isr</name>
         <load_address>0x8000</load_address>
         <run_address>0x8000</run_address>
         <size>0x644</size>
         <input_file_ref idref="fl-e"/>
      </object_component>
      <object_component id="oc-4bc">
         <name>.text:_isr:timer2_a0_isr</name>
         <load_address>0x8644</load_address>
         <run_address>0x8644</run_address>
         <size>0x340</size>
         <input_file_ref idref="fl-e"/>
      </object_component>
      <object_component id="oc-4b1">
         <name>.text:_isr:USCI_B2_ISR</name>
         <load_address>0x8984</load_address>
         <run_address>0x8984</run_address>
         <size>0x8e</size>
         <input_file_ref idref="fl-4"/>
      </object_component>
      <object_component id="oc-b7">
         <name>.text:_isr:_c_int00_noargs_noexit</name>
         <load_address>0x8a12</load_address>
         <run_address>0x8a12</run_address>
         <size>0x1a</size>
         <input_file_ref idref="fl-2e"/>
      </object_component>
      <object_component id="oc-4b7">
         <name>.text:_isr:__TI_ISR_TRAP</name>
         <load_address>0x8a2c</load_address>
         <run_address>0x8a2c</run_address>
         <size>0x8</size>
         <input_file_ref idref="fl-62"/>
      </object_component>
      <object_component id="oc-972">
         <name>.cinit..data.load</name>
         <load_address>0x8bb4</load_address>
         <run_address>0x8bb4</run_address>
         <size>0x6d</size>
      </object_component>
      <object_component id="oc-970">
         <name>__TI_handler_table</name>
         <load_address>0x8c22</load_address>
         <run_address>0x8c22</run_address>
         <size>0x8</size>
      </object_component>
      <object_component id="oc-971">
         <name>__TI_cinit_table</name>
         <load_address>0x8c2a</load_address>
         <run_address>0x8c2a</run_address>
         <size>0x8</size>
      </object_component>
      <object_component id="oc-808">
         <name>.const:.string:_ctypes_</name>
         <load_address>0x8a34</load_address>
         <run_address>0x8a34</run_address>
         <size>0x101</size>
         <input_file_ref idref="fl-7e"/>
      </object_component>
      <object_component id="oc-58b">
         <name>.const:.string</name>
         <load_address>0x8b36</load_address>
         <run_address>0x8b36</run_address>
         <size>0x3c</size>
         <input_file_ref idref="fl-e"/>
      </object_component>
      <object_component id="oc-7ed">
         <name>.const:.string</name>
         <load_address>0x8b72</load_address>
         <run_address>0x8b72</run_address>
         <size>0x26</size>
         <input_file_ref idref="fl-77"/>
      </object_component>
      <object_component id="oc-6f8">
         <name>.const:.string:$P$T0$1</name>
         <load_address>0x8b98</load_address>
         <run_address>0x8b98</run_address>
         <size>0x15</size>
         <input_file_ref idref="fl-3"/>
      </object_component>
      <object_component id="oc-682">
         <name>.const:.string</name>
         <load_address>0x8bae</load_address>
         <run_address>0x8bae</run_address>
         <size>0x6</size>
         <input_file_ref idref="fl-f"/>
      </object_component>
      <object_component id="oc-7d">
         <name>.int35</name>
         <load_address>0xffc6</load_address>
         <run_address>0xffc6</run_address>
         <size>0x2</size>
         <input_file_ref idref="fl-4"/>
      </object_component>
      <object_component id="oc-7e">
         <name>.int36</name>
         <load_address>0xffc8</load_address>
         <run_address>0xffc8</run_address>
         <size>0x2</size>
         <input_file_ref idref="fl-49"/>
      </object_component>
      <object_component id="oc-7f">
         <name>.int37</name>
         <load_address>0xffca</load_address>
         <run_address>0xffca</run_address>
         <size>0x2</size>
         <input_file_ref idref="fl-4a"/>
      </object_component>
      <object_component id="oc-80">
         <name>.int38</name>
         <load_address>0xffcc</load_address>
         <run_address>0xffcc</run_address>
         <size>0x2</size>
         <input_file_ref idref="fl-4b"/>
      </object_component>
      <object_component id="oc-81">
         <name>.int39</name>
         <load_address>0xffce</load_address>
         <run_address>0xffce</run_address>
         <size>0x2</size>
         <input_file_ref idref="fl-4c"/>
      </object_component>
      <object_component id="oc-82">
         <name>.int40</name>
         <load_address>0xffd0</load_address>
         <run_address>0xffd0</run_address>
         <size>0x2</size>
         <input_file_ref idref="fl-e"/>
      </object_component>
      <object_component id="oc-83">
         <name>.int41</name>
         <load_address>0xffd2</load_address>
         <run_address>0xffd2</run_address>
         <size>0x2</size>
         <input_file_ref idref="fl-4d"/>
      </object_component>
      <object_component id="oc-84">
         <name>.int42</name>
         <load_address>0xffd4</load_address>
         <run_address>0xffd4</run_address>
         <size>0x2</size>
         <input_file_ref idref="fl-4e"/>
      </object_component>
      <object_component id="oc-85">
         <name>.int43</name>
         <load_address>0xffd6</load_address>
         <run_address>0xffd6</run_address>
         <size>0x2</size>
         <input_file_ref idref="fl-4f"/>
      </object_component>
      <object_component id="oc-86">
         <name>.int44</name>
         <load_address>0xffd8</load_address>
         <run_address>0xffd8</run_address>
         <size>0x2</size>
         <input_file_ref idref="fl-50"/>
      </object_component>
      <object_component id="oc-87">
         <name>.int45</name>
         <load_address>0xffda</load_address>
         <run_address>0xffda</run_address>
         <size>0x2</size>
         <input_file_ref idref="fl-51"/>
      </object_component>
      <object_component id="oc-88">
         <name>.int46</name>
         <load_address>0xffdc</load_address>
         <run_address>0xffdc</run_address>
         <size>0x2</size>
         <input_file_ref idref="fl-52"/>
      </object_component>
      <object_component id="oc-89">
         <name>.int47</name>
         <load_address>0xffde</load_address>
         <run_address>0xffde</run_address>
         <size>0x2</size>
         <input_file_ref idref="fl-53"/>
      </object_component>
      <object_component id="oc-8a">
         <name>.int48</name>
         <load_address>0xffe0</load_address>
         <run_address>0xffe0</run_address>
         <size>0x2</size>
         <input_file_ref idref="fl-54"/>
      </object_component>
      <object_component id="oc-8b">
         <name>.int49</name>
         <load_address>0xffe2</load_address>
         <run_address>0xffe2</run_address>
         <size>0x2</size>
         <input_file_ref idref="fl-55"/>
      </object_component>
      <object_component id="oc-8c">
         <name>.int50</name>
         <load_address>0xffe4</load_address>
         <run_address>0xffe4</run_address>
         <size>0x2</size>
         <input_file_ref idref="fl-56"/>
      </object_component>
      <object_component id="oc-8d">
         <name>.int51</name>
         <load_address>0xffe6</load_address>
         <run_address>0xffe6</run_address>
         <size>0x2</size>
         <input_file_ref idref="fl-57"/>
      </object_component>
      <object_component id="oc-8e">
         <name>.int52</name>
         <load_address>0xffe8</load_address>
         <run_address>0xffe8</run_address>
         <size>0x2</size>
         <input_file_ref idref="fl-58"/>
      </object_component>
      <object_component id="oc-8f">
         <name>.int53</name>
         <load_address>0xffea</load_address>
         <run_address>0xffea</run_address>
         <size>0x2</size>
         <input_file_ref idref="fl-e"/>
      </object_component>
      <object_component id="oc-90">
         <name>.int54</name>
         <load_address>0xffec</load_address>
         <run_address>0xffec</run_address>
         <size>0x2</size>
         <input_file_ref idref="fl-59"/>
      </object_component>
      <object_component id="oc-91">
         <name>.int55</name>
         <load_address>0xffee</load_address>
         <run_address>0xffee</run_address>
         <size>0x2</size>
         <input_file_ref idref="fl-5a"/>
      </object_component>
      <object_component id="oc-92">
         <name>.int56</name>
         <load_address>0xfff0</load_address>
         <run_address>0xfff0</run_address>
         <size>0x2</size>
         <input_file_ref idref="fl-5b"/>
      </object_component>
      <object_component id="oc-93">
         <name>.int57</name>
         <load_address>0xfff2</load_address>
         <run_address>0xfff2</run_address>
         <size>0x2</size>
         <input_file_ref idref="fl-5c"/>
      </object_component>
      <object_component id="oc-94">
         <name>.int58</name>
         <load_address>0xfff4</load_address>
         <run_address>0xfff4</run_address>
         <size>0x2</size>
         <input_file_ref idref="fl-5d"/>
      </object_component>
      <object_component id="oc-95">
         <name>.int59</name>
         <load_address>0xfff6</load_address>
         <run_address>0xfff6</run_address>
         <size>0x2</size>
         <input_file_ref idref="fl-5e"/>
      </object_component>
      <object_component id="oc-96">
         <name>.int60</name>
         <load_address>0xfff8</load_address>
         <run_address>0xfff8</run_address>
         <size>0x2</size>
         <input_file_ref idref="fl-5f"/>
      </object_component>
      <object_component id="oc-97">
         <name>.int61</name>
         <load_address>0xfffa</load_address>
         <run_address>0xfffa</run_address>
         <size>0x2</size>
         <input_file_ref idref="fl-60"/>
      </object_component>
      <object_component id="oc-98">
         <name>.int62</name>
         <load_address>0xfffc</load_address>
         <run_address>0xfffc</run_address>
         <size>0x2</size>
         <input_file_ref idref="fl-61"/>
      </object_component>
      <object_component id="oc-498">
         <name>.reset</name>
         <load_address>0xfffe</load_address>
         <run_address>0xfffe</run_address>
         <size>0x2</size>
         <input_file_ref idref="fl-2d"/>
      </object_component>
      <object_component id="oc-701">
         <name>.debug_info</name>
         <load_address>0x0</load_address>
         <run_address>0x0</run_address>
         <size>0x6a1</size>
         <input_file_ref idref="fl-2"/>
      </object_component>
      <object_component id="oc-6e0">
         <name>.debug_info</name>
         <load_address>0x6a1</load_address>
         <run_address>0x6a1</run_address>
         <size>0xeb</size>
         <input_file_ref idref="fl-2"/>
      </object_component>
      <object_component id="oc-531">
         <name>.debug_info</name>
         <load_address>0x78c</load_address>
         <run_address>0x78c</run_address>
         <size>0x12e</size>
         <input_file_ref idref="fl-2"/>
      </object_component>
      <object_component id="oc-49f">
         <name>.debug_info</name>
         <load_address>0x8ba</load_address>
         <run_address>0x8ba</run_address>
         <size>0x84</size>
         <input_file_ref idref="fl-2"/>
      </object_component>
      <object_component id="oc-5ff">
         <name>.debug_info</name>
         <load_address>0x93e</load_address>
         <run_address>0x93e</run_address>
         <size>0x9c</size>
         <input_file_ref idref="fl-2"/>
      </object_component>
      <object_component id="oc-5f7">
         <name>.debug_info</name>
         <load_address>0x9da</load_address>
         <run_address>0x9da</run_address>
         <size>0x18b</size>
         <input_file_ref idref="fl-2"/>
      </object_component>
      <object_component id="oc-640">
         <name>.debug_info</name>
         <load_address>0xb65</load_address>
         <run_address>0xb65</run_address>
         <size>0x2c3</size>
         <input_file_ref idref="fl-3"/>
      </object_component>
      <object_component id="oc-6f9">
         <name>.debug_info</name>
         <load_address>0xe28</load_address>
         <run_address>0xe28</run_address>
         <size>0xc0</size>
         <input_file_ref idref="fl-3"/>
      </object_component>
      <object_component id="oc-5e1">
         <name>.debug_info</name>
         <load_address>0xee8</load_address>
         <run_address>0xee8</run_address>
         <size>0x1f9</size>
         <input_file_ref idref="fl-3"/>
      </object_component>
      <object_component id="oc-552">
         <name>.debug_info</name>
         <load_address>0x10e1</load_address>
         <run_address>0x10e1</run_address>
         <size>0x243</size>
         <input_file_ref idref="fl-3"/>
      </object_component>
      <object_component id="oc-7cb">
         <name>.debug_info</name>
         <load_address>0x1324</load_address>
         <run_address>0x1324</run_address>
         <size>0x2c</size>
         <input_file_ref idref="fl-3"/>
      </object_component>
      <object_component id="oc-527">
         <name>.debug_info</name>
         <load_address>0x1350</load_address>
         <run_address>0x1350</run_address>
         <size>0x400</size>
         <input_file_ref idref="fl-4"/>
      </object_component>
      <object_component id="oc-51d">
         <name>.debug_info</name>
         <load_address>0x1750</load_address>
         <run_address>0x1750</run_address>
         <size>0xbf</size>
         <input_file_ref idref="fl-4"/>
      </object_component>
      <object_component id="oc-51a">
         <name>.debug_info</name>
         <load_address>0x180f</load_address>
         <run_address>0x180f</run_address>
         <size>0xc1</size>
         <input_file_ref idref="fl-4"/>
      </object_component>
      <object_component id="oc-6ec">
         <name>.debug_info</name>
         <load_address>0x18d0</load_address>
         <run_address>0x18d0</run_address>
         <size>0xeb</size>
         <input_file_ref idref="fl-4"/>
      </object_component>
      <object_component id="oc-4b2">
         <name>.debug_info</name>
         <load_address>0x19bb</load_address>
         <run_address>0x19bb</run_address>
         <size>0x133</size>
         <input_file_ref idref="fl-4"/>
      </object_component>
      <object_component id="oc-50d">
         <name>.debug_info</name>
         <load_address>0x1aee</load_address>
         <run_address>0x1aee</run_address>
         <size>0x2c</size>
         <input_file_ref idref="fl-4"/>
      </object_component>
      <object_component id="oc-6e6">
         <name>.debug_info</name>
         <load_address>0x1b1a</load_address>
         <run_address>0x1b1a</run_address>
         <size>0xeb</size>
         <input_file_ref idref="fl-5"/>
      </object_component>
      <object_component id="oc-62f">
         <name>.debug_info</name>
         <load_address>0x1c05</load_address>
         <run_address>0x1c05</run_address>
         <size>0x10a</size>
         <input_file_ref idref="fl-5"/>
      </object_component>
      <object_component id="oc-635">
         <name>.debug_info</name>
         <load_address>0x1d0f</load_address>
         <run_address>0x1d0f</run_address>
         <size>0xeb</size>
         <input_file_ref idref="fl-5"/>
      </object_component>
      <object_component id="oc-6ce">
         <name>.debug_info</name>
         <load_address>0x1dfa</load_address>
         <run_address>0x1dfa</run_address>
         <size>0xf5</size>
         <input_file_ref idref="fl-6"/>
      </object_component>
      <object_component id="oc-5fc">
         <name>.debug_info</name>
         <load_address>0x1eef</load_address>
         <run_address>0x1eef</run_address>
         <size>0x1f2</size>
         <input_file_ref idref="fl-7"/>
      </object_component>
      <object_component id="oc-520">
         <name>.debug_info</name>
         <load_address>0x20e1</load_address>
         <run_address>0x20e1</run_address>
         <size>0x1d1</size>
         <input_file_ref idref="fl-7"/>
      </object_component>
      <object_component id="oc-599">
         <name>.debug_info</name>
         <load_address>0x22b2</load_address>
         <run_address>0x22b2</run_address>
         <size>0x389</size>
         <input_file_ref idref="fl-8"/>
      </object_component>
      <object_component id="oc-4f0">
         <name>.debug_info</name>
         <load_address>0x263b</load_address>
         <run_address>0x263b</run_address>
         <size>0x119</size>
         <input_file_ref idref="fl-9"/>
      </object_component>
      <object_component id="oc-5db">
         <name>.debug_info</name>
         <load_address>0x2754</load_address>
         <run_address>0x2754</run_address>
         <size>0x206</size>
         <input_file_ref idref="fl-9"/>
      </object_component>
      <object_component id="oc-5ab">
         <name>.debug_info</name>
         <load_address>0x295a</load_address>
         <run_address>0x295a</run_address>
         <size>0xeb</size>
         <input_file_ref idref="fl-9"/>
      </object_component>
      <object_component id="oc-618">
         <name>.debug_info</name>
         <load_address>0x2a45</load_address>
         <run_address>0x2a45</run_address>
         <size>0x211</size>
         <input_file_ref idref="fl-b"/>
      </object_component>
      <object_component id="oc-53d">
         <name>.debug_info</name>
         <load_address>0x2c56</load_address>
         <run_address>0x2c56</run_address>
         <size>0x325</size>
         <input_file_ref idref="fl-b"/>
      </object_component>
      <object_component id="oc-546">
         <name>.debug_info</name>
         <load_address>0x2f7b</load_address>
         <run_address>0x2f7b</run_address>
         <size>0x72</size>
         <input_file_ref idref="fl-b"/>
      </object_component>
      <object_component id="oc-6fd">
         <name>.debug_info</name>
         <load_address>0x2fed</load_address>
         <run_address>0x2fed</run_address>
         <size>0x2c2</size>
         <input_file_ref idref="fl-c"/>
      </object_component>
      <object_component id="oc-708">
         <name>.debug_info</name>
         <load_address>0x32af</load_address>
         <run_address>0x32af</run_address>
         <size>0x10a</size>
         <input_file_ref idref="fl-c"/>
      </object_component>
      <object_component id="oc-70e">
         <name>.debug_info</name>
         <load_address>0x33b9</load_address>
         <run_address>0x33b9</run_address>
         <size>0x103</size>
         <input_file_ref idref="fl-c"/>
      </object_component>
      <object_component id="oc-61c">
         <name>.debug_info</name>
         <load_address>0x34bc</load_address>
         <run_address>0x34bc</run_address>
         <size>0x14b</size>
         <input_file_ref idref="fl-c"/>
      </object_component>
      <object_component id="oc-715">
         <name>.debug_info</name>
         <load_address>0x3607</load_address>
         <run_address>0x3607</run_address>
         <size>0x146</size>
         <input_file_ref idref="fl-c"/>
      </object_component>
      <object_component id="oc-71c">
         <name>.debug_info</name>
         <load_address>0x374d</load_address>
         <run_address>0x374d</run_address>
         <size>0x139</size>
         <input_file_ref idref="fl-c"/>
      </object_component>
      <object_component id="oc-622">
         <name>.debug_info</name>
         <load_address>0x3886</load_address>
         <run_address>0x3886</run_address>
         <size>0x141</size>
         <input_file_ref idref="fl-c"/>
      </object_component>
      <object_component id="oc-628">
         <name>.debug_info</name>
         <load_address>0x39c7</load_address>
         <run_address>0x39c7</run_address>
         <size>0x138</size>
         <input_file_ref idref="fl-c"/>
      </object_component>
      <object_component id="oc-5e7">
         <name>.debug_info</name>
         <load_address>0x3aff</load_address>
         <run_address>0x3aff</run_address>
         <size>0x334</size>
         <input_file_ref idref="fl-c"/>
      </object_component>
      <object_component id="oc-54c">
         <name>.debug_info</name>
         <load_address>0x3e33</load_address>
         <run_address>0x3e33</run_address>
         <size>0x1d3</size>
         <input_file_ref idref="fl-c"/>
      </object_component>
      <object_component id="oc-67d">
         <name>.debug_info</name>
[...]
      </symbol>
      <symbol id="sm-7b8">
         <name>__mspabi_addf</name>
         <value>0x131b2</value>
         <object_component_ref idref="oc-667"/>
      </symbol>
      <symbol id="sm-7c8">
         <name>__mspabi_cmpf</name>
         <value>0x147d8</value>
         <object_component_ref idref="oc-612"/>
      </symbol>
      <symbol id="sm-7da">
         <name>__mspabi_divf</name>
         <value>0x13f9c</value>
         <object_component_ref idref="oc-671"/>
      </symbol>
      <symbol id="sm-7e7">
         <name>__mspabi_fltif</name>
         <value>0x14bd6</value>
         <object_component_ref idref="oc-662"/>
      </symbol>
      <symbol id="sm-7f6">
         <name>__mspabi_fltlif</name>
         <value>0x14822</value>
         <object_component_ref idref="oc-66c"/>
      </symbol>
      <symbol id="sm-80d">
         <name>__mspabi_mpyf</name>
         <value>0x139b8</value>
         <object_component_ref idref="oc-581"/>
      </symbol>
      <symbol id="sm-816">
         <name>__mspabi_negf</name>
         <value>0x14f92</value>
         <object_component_ref idref="oc-683"/>
      </symbol>
      <symbol id="sm-826">
         <name>__mspabi_fixfu</name>
         <value>0x1486c</value>
         <object_component_ref idref="oc-586"/>
      </symbol>
      <symbol id="sm-831">
         <name>__mspabi_fltuf</name>
         <value>0x14d6c</value>
         <object_component_ref idref="oc-695"/>
      </symbol>
      <symbol id="sm-834">
         <name>__TI_int36</name>
         <value>0xffc8</value>
         <object_component_ref idref="oc-7e"/>
      </symbol>
      <symbol id="sm-837">
         <name>__TI_int37</name>
         <value>0xffca</value>
         <object_component_ref idref="oc-7f"/>
      </symbol>
      <symbol id="sm-83a">
         <name>__TI_int38</name>
         <value>0xffcc</value>
         <object_component_ref idref="oc-80"/>
      </symbol>
      <symbol id="sm-83d">
         <name>__TI_int39</name>
         <value>0xffce</value>
         <object_component_ref idref="oc-81"/>
      </symbol>
      <symbol id="sm-840">
         <name>__TI_int41</name>
         <value>0xffd2</value>
         <object_component_ref idref="oc-83"/>
      </symbol>
      <symbol id="sm-843">
         <name>__TI_int42</name>
         <value>0xffd4</value>
         <object_component_ref idref="oc-84"/>
      </symbol>
      <symbol id="sm-846">
         <name>__TI_int43</name>
         <value>0xffd6</value>
         <object_component_ref idref="oc-85"/>
      </symbol>
      <symbol id="sm-849">
         <name>__TI_int44</name>
         <value>0xffd8</value>
         <object_component_ref idref="oc-86"/>
      </symbol>
      <symbol id="sm-84c">
         <name>__TI_int45</name>
         <value>0xffda</value>
         <object_component_ref idref="oc-87"/>
      </symbol>
      <symbol id="sm-84f">
         <name>__TI_int46</name>
         <value>0xffdc</value>
         <object_component_ref idref="oc-88"/>
      </symbol>
      <symbol id="sm-852">
         <name>__TI_int47</name>
         <value>0xffde</value>
         <object_component_ref idref="oc-89"/>
      </symbol>
      <symbol id="sm-855">
         <name>__TI_int48</name>
         <value>0xffe0</value>
         <object_component_ref idref="oc-8a"/>
      </symbol>
      <symbol id="sm-858">
         <name>__TI_int49</name>
         <value>0xffe2</value>
         <object_component_ref idref="oc-8b"/>
      </symbol>
      <symbol id="sm-85b">
         <name>__TI_int50</name>
         <value>0xffe4</value>
         <object_component_ref idref="oc-8c"/>
      </symbol>
      <symbol id="sm-85e">
         <name>__TI_int51</name>
         <value>0xffe6</value>
         <object_component_ref idref="oc-8d"/>
      </symbol>
      <symbol id="sm-861">
         <name>__TI_int52</name>
         <value>0xffe8</value>
         <object_component_ref idref="oc-8e"/>
      </symbol>
      <symbol id="sm-864">
         <name>__TI_int54</name>
         <value>0xffec</value>
         <object_component_ref idref="oc-90"/>
      </symbol>
      <symbol id="sm-867">
         <name>__TI_int55</name>
         <value>0xffee</value>
         <object_component_ref idref="oc-91"/>
      </symbol>
      <symbol id="sm-86a">
         <name>__TI_int56</name>
         <value>0xfff0</value>
         <object_component_ref idref="oc-92"/>
      </symbol>
      <symbol id="sm-86d">
         <name>__TI_int57</name>
         <value>0xfff2</value>
         <object_component_ref idref="oc-93"/>
      </symbol>
      <symbol id="sm-870">
         <name>__TI_int58</name>
         <value>0xfff4</value>
         <object_component_ref idref="oc-94"/>
      </symbol>
      <symbol id="sm-873">
         <name>__TI_int59</name>
         <value>0xfff6</value>
         <object_component_ref idref="oc-95"/>
      </symbol>
      <symbol id="sm-876">
         <name>__TI_int60</name>
         <value>0xfff8</value>
         <object_component_ref idref="oc-96"/>
      </symbol>
      <symbol id="sm-879">
         <name>__TI_int61</name>
         <value>0xfffa</value>
         <object_component_ref idref="oc-97"/>
      </symbol>
      <symbol id="sm-87c">
         <name>__TI_int62</name>
         <value>0xfffc</value>
         <object_component_ref idref="oc-98"/>
      </symbol>
      <symbol id="sm-884">
         <name>__TI_ISR_TRAP</name>
         <value>0x8a2c</value>
         <object_component_ref idref="oc-4b7"/>
      </symbol>
      <symbol id="sm-88d">
         <name>__mspabi_slli</name>
         <value>0x14f9c</value>
         <object_component_ref idref="oc-605"/>
      </symbol>
      <symbol id="sm-89d">
         <name>__mspabi_slll_9</name>
         <value>0x14a92</value>
         <object_component_ref idref="oc-63a"/>
      </symbol>
      <symbol id="sm-89e">
         <name>__mspabi_slll_8</name>
         <value>0x14a96</value>
         <object_component_ref idref="oc-63a"/>
      </symbol>
      <symbol id="sm-89f">
         <name>__mspabi_slll_7</name>
         <value>0x14a9a</value>
         <object_component_ref idref="oc-63a"/>
      </symbol>
      <symbol id="sm-8a0">
         <name>__mspabi_slll_6</name>
         <value>0x14a9e</value>
         <object_component_ref idref="oc-63a"/>
      </symbol>
      <symbol id="sm-8a1">
         <name>__mspabi_slll_5</name>
         <value>0x14aa2</value>
         <object_component_ref idref="oc-63a"/>
      </symbol>
      <symbol id="sm-8a2">
         <name>__mspabi_slll_4</name>
         <value>0x14aa6</value>
         <object_component_ref idref="oc-63a"/>
      </symbol>
      <symbol id="sm-8a3">
         <name>__mspabi_slll_3</name>
         <value>0x14aaa</value>
         <object_component_ref idref="oc-63a"/>
      </symbol>
      <symbol id="sm-8a4">
         <name>__mspabi_slll_2</name>
         <value>0x14aae</value>
         <object_component_ref idref="oc-63a"/>
      </symbol>
      <symbol id="sm-8a5">
         <name>__mspabi_slll_1</name>
         <value>0x14ab2</value>
         <object_component_ref idref="oc-63a"/>
      </symbol>
      <symbol id="sm-8a6">
         <name>__mspabi_slll</name>
         <value>0x14f3e</value>
         <object_component_ref idref="oc-794"/>
      </symbol>
      <symbol id="sm-8a7">
         <name>__mspabi_slll_15</name>
         <value>0x14a7a</value>
         <object_component_ref idref="oc-63a"/>
      </symbol>
      <symbol id="sm-8a8">
         <name>__mspabi_slll_14</name>
         <value>0x14a7e</value>
         <object_component_ref idref="oc-63a"/>
      </symbol>
      <symbol id="sm-8a9">
         <name>__mspabi_slll_13</name>
         <value>0x14a82</value>
         <object_component_ref idref="oc-63a"/>
      </symbol>
      <symbol id="sm-8aa">
         <name>__mspabi_slll_12</name>
         <value>0x14a86</value>
         <object_component_ref idref="oc-63a"/>
      </symbol>
      <symbol id="sm-8ab">
         <name>__mspabi_slll_11</name>
         <value>0x14a8a</value>
         <object_component_ref idref="oc-63a"/>
      </symbol>
      <symbol id="sm-8ac">
         <name>__mspabi_slll_10</name>
         <value>0x14a8e</value>
         <object_component_ref idref="oc-63a"/>
      </symbol>
      <symbol id="sm-8bc">
         <name>__mspabi_srll_8</name>
         <value>0x14ad4</value>
         <object_component_ref idref="oc-557"/>
      </symbol>
      <symbol id="sm-8bd">
         <name>__mspabi_srll_9</name>
         <value>0x14ad0</value>
         <object_component_ref idref="oc-557"/>
      </symbol>
      <symbol id="sm-8be">
         <name>__mspabi_srll_6</name>
         <value>0x14adc</value>
         <object_component_ref idref="oc-557"/>
      </symbol>
      <symbol id="sm-8bf">
         <name>__mspabi_srll_7</name>
         <value>0x14ad8</value>
         <object_component_ref idref="oc-557"/>
      </symbol>
      <symbol id="sm-8c0">
         <name>__mspabi_srll_4</name>
         <value>0x14ae4</value>
         <object_component_ref idref="oc-557"/>
      </symbol>
      <symbol id="sm-8c1">
         <name>__mspabi_srll_5</name>
         <value>0x14ae0</value>
         <object_component_ref idref="oc-557"/>
      </symbol>
      <symbol id="sm-8c2">
         <name>__mspabi_srll_2</name>
         <value>0x14aec</value>
         <object_component_ref idref="oc-557"/>
      </symbol>
      <symbol id="sm-8c3">
         <name>__mspabi_srll_3</name>
         <value>0x14ae8</value>
         <object_component_ref idref="oc-557"/>
      </symbol>
      <symbol id="sm-8c4">
         <name>__mspabi_srll_1</name>
         <value>0x14af0</value>
         <object_component_ref idref="oc-557"/>
      </symbol>
      <symbol id="sm-8c5">
         <name>__mspabi_srll_15</name>
         <value>0x14ab8</value>
         <object_component_ref idref="oc-557"/>
      </symbol>
      <symbol id="sm-8c6">
         <name>__mspabi_srll_14</name>
         <value>0x14abc</value>
         <object_component_ref idref="oc-557"/>
      </symbol>
      <symbol id="sm-8c7">
         <name>__mspabi_srll_13</name>
         <value>0x14ac0</value>
         <object_component_ref idref="oc-557"/>
      </symbol>
      <symbol id="sm-8c8">
         <name>__mspabi_srll_12</name>
         <value>0x14ac4</value>
         <object_component_ref idref="oc-557"/>
      </symbol>
      <symbol id="sm-8c9">
         <name>__mspabi_srll_11</name>
         <value>0x14ac8</value>
         <object_component_ref idref="oc-557"/>
      </symbol>
      <symbol id="sm-8ca">
         <name>__mspabi_srll_10</name>
         <value>0x14acc</value>
         <object_component_ref idref="oc-557"/>
      </symbol>
      <symbol id="sm-8cb">
         <name>__mspabi_srll</name>
         <value>0x14f4e</value>
         <object_component_ref idref="oc-799"/>
      </symbol>
      <symbol id="sm-8d8">
         <name>__mspabi_srlll</name>
         <value>0x14b30</value>
         <object_component_ref idref="oc-857"/>
      </symbol>
      <symbol id="sm-8e6">
         <name>memcpy</name>
         <value>0x14ef6</value>
         <object_component_ref idref="oc-4a4"/>
      </symbol>
      <symbol id="sm-8f4">
         <name>memset</name>
         <value>0x14eb6</value>
         <object_component_ref idref="oc-59e"/>
      </symbol>
      <symbol id="sm-915">
         <name>__mspabi_mpyd</name>
         <value>0x11272</value>
         <object_component_ref idref="oc-562"/>
      </symbol>
      <symbol id="sm-91f">
         <name>__mspabi_mpyi_f5hw</name>
         <value>0x14e86</value>
         <object_component_ref idref="oc-69e"/>
      </symbol>
      <symbol id="sm-929">
         <name>__mspabi_mpyl_f5hw</name>
         <value>0x14d90</value>
         <object_component_ref idref="oc-729"/>
      </symbol>
      <symbol id="sm-933">
         <name>_system_pre_init</name>
         <value>0x14fbc</value>
         <object_component_ref idref="oc-4cf"/>
      </symbol>
      <symbol id="sm-947">
         <name>__TI_renormd</name>
         <value>0x13b26</value>
         <object_component_ref idref="oc-7a3"/>
      </symbol>
      <symbol id="sm-968">
         <name>sprintf</name>
         <value>0x148f6</value>
         <object_component_ref idref="oc-688"/>
      </symbol>
      <symbol id="sm-971">
         <name>__mspabi_subd</name>
         <value>0x14c0c</value>
         <object_component_ref idref="oc-568"/>
      </symbol>
      <symbol id="sm-b1a">
         <name>__TI_printfi</name>
         <value>0x11c04</value>
         <object_component_ref idref="oc-760"/>
      </symbol>
      <symbol id="sm-b24">
         <name>abs</name>
         <value>0x14f88</value>
         <object_component_ref idref="oc-8bd"/>
      </symbol>
      <symbol id="sm-b35">
         <name>__mspabi_sral</name>
         <value>0x14f2e</value>
         <object_component_ref idref="oc-79e"/>
      </symbol>
      <symbol id="sm-b36">
         <name>__mspabi_sral_15</name>
         <value>0x14a3c</value>
         <object_component_ref idref="oc-72e"/>
      </symbol>
      <symbol id="sm-b37">
         <name>__mspabi_sral_14</name>
         <value>0x14a40</value>
         <object_component_ref idref="oc-72e"/>
      </symbol>
      <symbol id="sm-b38">
         <name>__mspabi_sral_13</name>
         <value>0x14a44</value>
         <object_component_ref idref="oc-72e"/>
      </symbol>
      <symbol id="sm-b39">
         <name>__mspabi_sral_12</name>
         <value>0x14a48</value>
         <object_component_ref idref="oc-72e"/>
      </symbol>
      <symbol id="sm-b3a">
         <name>__mspabi_sral_11</name>
         <value>0x14a4c</value>
         <object_component_ref idref="oc-72e"/>
      </symbol>
      <symbol id="sm-b3b">
         <name>__mspabi_sral_10</name>
         <value>0x14a50</value>
         <object_component_ref idref="oc-72e"/>
      </symbol>
      <symbol id="sm-b3c">
         <name>__mspabi_sral_8</name>
         <value>0x14a58</value>
         <object_component_ref idref="oc-72e"/>
      </symbol>
      <symbol id="sm-b3d">
         <name>__mspabi_sral_9</name>
         <value>0x14a54</value>
         <object_component_ref idref="oc-72e"/>
      </symbol>
      <symbol id="sm-b3e">
         <name>__mspabi_sral_6</name>
         <value>0x14a60</value>
         <object_component_ref idref="oc-72e"/>
      </symbol>
      <symbol id="sm-b3f">
         <name>__mspabi_sral_7</name>
         <value>0x14a5c</value>
         <object_component_ref idref="oc-72e"/>
      </symbol>
      <symbol id="sm-b40">
         <name>__mspabi_sral_4</name>
         <value>0x14a68</value>
         <object_component_ref idref="oc-72e"/>
      </symbol>
      <symbol id="sm-b41">
         <name>__mspabi_sral_5</name>
         <value>0x14a64</value>
         <object_component_ref idref="oc-72e"/>
      </symbol>
      <symbol id="sm-b42">
         <name>__mspabi_sral_2</name>
         <value>0x14a70</value>
         <object_component_ref idref="oc-72e"/>
      </symbol>
      <symbol id="sm-b43">
         <name>__mspabi_sral_3</name>
         <value>0x14a6c</value>
         <object_component_ref idref="oc-72e"/>
      </symbol>
      <symbol id="sm-b44">
         <name>__mspabi_sral_1</name>
         <value>0x14a74</value>
         <object_component_ref idref="oc-72e"/>
      </symbol>
      <symbol id="sm-b57">
         <name>atoi</name>
         <value>0x145cc</value>
         <object_component_ref idref="oc-7e6"/>
      </symbol>
      <symbol id="sm-b79">
         <name>_auto_init_hold_wdt</name>
         <value>0x140b8</value>
         <object_component_ref idref="oc-4d5"/>
      </symbol>
      <symbol id="sm-b8f">
         <name>copy_in</name>
         <value>0x14566</value>
         <object_component_ref idref="oc-5b3"/>
      </symbol>
      <symbol id="sm-b99">
         <name>_ctypes_</name>
         <value>0x8a34</value>
         <object_component_ref idref="oc-808"/>
      </symbol>
      <symbol id="sm-bcc">
         <name>__mspabi_divull</name>
         <value>0x10478</value>
         <object_component_ref idref="oc-84c"/>
      </symbol>
      <symbol id="sm-bd9">
         <name>__mspabi_fixdi</name>
         <value>0x14cf8</value>
         <object_component_ref idref="oc-8b0"/>
      </symbol>
      <symbol id="sm-be8">
         <name>__mspabi_fixdli</name>
         <value>0x14500</value>
         <object_component_ref idref="oc-8b6"/>
      </symbol>
      <symbol id="sm-bf1">
         <name>__mspabi_fltid</name>
         <value>0x14f7c</value>
         <object_component_ref idref="oc-8da"/>
      </symbol>
      <symbol id="sm-c09">
         <name>__mspabi_fltlid</name>
         <value>0x13dde</value>
         <object_component_ref idref="oc-8aa"/>
      </symbol>
      <symbol id="sm-c1a">
         <name>__TI_frcmpyd</name>
         <value>0x10fec</value>
         <object_component_ref idref="oc-644"/>
      </symbol>
      <symbol id="sm-c27">
         <name>__mspabi_sllll</name>
         <value>0x14af6</value>
         <object_component_ref idref="oc-898"/>
      </symbol>
      <symbol id="sm-c36">
         <name>ltoa</name>
         <value>0x141ba</value>
         <object_component_ref idref="oc-8a4"/>
      </symbol>
      <symbol id="sm-c45">
         <name>memccpy</name>
         <value>0x14e34</value>
         <object_component_ref idref="oc-7fa"/>
      </symbol>
      <symbol id="sm-c4e">
         <name>__mspabi_negd</name>
         <value>0x14c9c</value>
         <object_component_ref idref="oc-825"/>
      </symbol>
      <symbol id="sm-c65">
         <name>frexpl</name>
         <value>0x13bd8</value>
         <object_component_ref idref="oc-887"/>
      </symbol>
      <symbol id="sm-c66">
         <name>frexp</name>
         <value>0x13bd8</value>
         <object_component_ref idref="oc-887"/>
      </symbol>
      <symbol id="sm-c80">
         <name>scalbn</name>
         <value>0x12a2e</value>
         <object_component_ref idref="oc-8ce"/>
      </symbol>
      <symbol id="sm-c81">
         <name>scalbnl</name>
         <value>0x12a2e</value>
         <object_component_ref idref="oc-8ce"/>
      </symbol>
      <symbol id="sm-c82">
         <name>ldexpl</name>
         <value>0x12a2e</value>
         <object_component_ref idref="oc-8ce"/>
      </symbol>
      <symbol id="sm-c83">
         <name>ldexp</name>
         <value>0x12a2e</value>
         <object_component_ref idref="oc-8ce"/>
      </symbol>
      <symbol id="sm-c8c">
         <name>_system_post_cinit</name>
         <value>0x14fc0</value>
         <object_component_ref idref="oc-5b9"/>
      </symbol>
      <symbol id="sm-c9b">
         <name>strchr</name>
         <value>0x14e52</value>
         <object_component_ref idref="oc-8d4"/>
      </symbol>
      <symbol id="sm-ca8">
         <name>strlen</name>
         <value>0x14f6e</value>
         <object_component_ref idref="oc-7b1"/>
      </symbol>
      <symbol id="sm-cb5">
         <name>toupper</name>
         <value>0x14f1c</value>
         <object_component_ref idref="oc-81f"/>
      </symbol>
      <symbol id="sm-cbc">
         <name>errno</name>
         <value>0x24dc</value>
         <object_component_ref idref="oc-8f2"/>
      </symbol>
      <symbol id="sm-cc5">
         <name>copysign</name>
         <value>0x14cca</value>
         <object_component_ref idref="oc-8f5"/>
      </symbol>
      <symbol id="sm-cc6">
         <name>copysignl</name>
         <value>0x14cca</value>
         <object_component_ref idref="oc-8f5"/>
      </symbol>
      <symbol id="sm-cc8">
         <name>__TI_BINIT_Base</name>
         <value>0x0</value>
      </symbol>
      <symbol id="sm-cc9">
         <name>__TI_BINIT_Limit</name>
         <value>0x0</value>
      </symbol>
      <symbol id="sm-cca">
         <name>__TI_INITARRAY_Base</name>
         <value>0x0</value>
      </symbol>
      <symbol id="sm-ccb">
         <name>__TI_INITARRAY_Limit</name>
         <value>0x0</value>
      </symbol>
   </symbol_table>
   <title>Link successful</title>
</link_info>
