******************************************************************************
                  MSP430 Linker PC v4.4.3                      
******************************************************************************
>> Linked Tue Aug 08 15:15:55 2017

OUTPUT FILE NAME:   <fsat_eps.out>
ENTRY POINT SYMBOL: "_c_int00_noargs_noexit"  address: 00008734


MEMORY CONFIGURATION

         name            origin    length      used     unused   attr    fill
----------------------  --------  ---------  --------  --------  ----  --------
  SFR                   00000000   00000010  00000000  00000010  RWIX
  PERIPHERALS_8BIT      00000010   000000f0  00000000  000000f0  RWIX
  PERIPHERALS_16BIT     00000100   00000100  00000000  00000100  RWIX
  INFOD                 00001800   00000080  00000000  00000080  RWIX
  INFOC                 00001880   00000080  00000000  00000080  RWIX
  INFOB                 00001900   00000080  00000000  00000080  RWIX
  INFOA                 00001980   00000080  00000000  00000080  RWIX
  USBRAM                00001c00   00000800  00000000  00000800  RWIX
  RAM                   00002400   00004000  00000179  00003e87  RWIX
  FLASH                 00008000   00007f80  00000818  00007768  RWIX
  INT00                 0000ff80   00000002  00000000  00000002  RWIX
  INT01                 0000ff82   00000002  00000000  00000002  RWIX
  INT02                 0000ff84   00000002  00000000  00000002  RWIX
  INT03                 0000ff86   00000002  00000000  00000002  RWIX
  INT04                 0000ff88   00000002  00000000  00000002  RWIX
  INT05                 0000ff8a   00000002  00000000  00000002  RWIX
  INT06                 0000ff8c   00000002  00000000  00000002  RWIX
  INT07                 0000ff8e   00000002  00000000  00000002  RWIX
  INT08                 0000ff90   00000002  00000000  00000002  RWIX
  INT09                 0000ff92   00000002  00000000  00000002  RWIX
  INT10                 0000ff94   00000002  00000000  00000002  RWIX
  INT11                 0000ff96   00000002  00000000  00000002  RWIX
  INT12                 0000ff98   00000002  00000000  00000002  RWIX
  INT13                 0000ff9a   00000002  00000000  00000002  RWIX
  INT14                 0000ff9c   00000002  00000000  00000002  RWIX
  INT15                 0000ff9e   00000002  00000000  00000002  RWIX
  INT16                 0000ffa0   00000002  00000000  00000002  RWIX
  INT17                 0000ffa2   00000002  00000000  00000002  RWIX
  INT18                 0000ffa4   00000002  00000000  00000002  RWIX
  INT19                 0000ffa6   00000002  00000000  00000002  RWIX
  INT20                 0000ffa8   00000002  00000000  00000002  RWIX
  INT21                 0000ffaa   00000002  00000000  00000002  RWIX
  INT22                 0000ffac   00000002  00000000  00000002  RWIX
  INT23                 0000ffae   00000002  00000000  00000002  RWIX
  INT24                 0000ffb0   00000002  00000000  00000002  RWIX
  INT25                 0000ffb2   00000002  00000000  00000002  RWIX
  INT26                 0000ffb4   00000002  00000000  00000002  RWIX
  INT27                 0000ffb6   00000002  00000000  00000002  RWIX
  INT28                 0000ffb8   00000002  00000000  00000002  RWIX
  INT29                 0000ffba   00000002  00000000  00000002  RWIX
  INT30                 0000ffbc   00000002  00000000  00000002  RWIX
  INT31                 0000ffbe   00000002  00000000  00000002  RWIX
  INT32                 0000ffc0   00000002  00000000  00000002  RWIX
  INT33                 0000ffc2   00000002  00000000  00000002  RWIX
  INT34                 0000ffc4   00000002  00000000  00000002  RWIX
  INT35                 0000ffc6   00000002  00000002  00000000  RWIX
  INT36                 0000ffc8   00000002  00000002  00000000  RWIX
  INT37                 0000ffca   00000002  00000002  00000000  RWIX
  INT38                 0000ffcc   00000002  00000002  00000000  RWIX
  INT39                 0000ffce   00000002  00000002  00000000  RWIX
  INT40                 0000ffd0   00000002  00000002  00000000  RWIX
  INT41                 0000ffd2   00000002  00000002  00000000  RWIX
  INT42                 0000ffd4   00000002  00000002  00000000  RWIX
  INT43                 0000ffd6   00000002  00000002  00000000  RWIX
  INT44                 0000ffd8   00000002  00000002  00000000  RWIX
  INT45                 0000ffda   00000002  00000002  00000000  RWIX
  INT46                 0000ffdc   00000002  00000002  00000000  RWIX
  INT47                 0000ffde   00000002  00000002  00000000  RWIX
  INT48                 0000ffe0   00000002  00000002  00000000  RWIX
  INT49                 0000ffe2   00000002  00000002  00000000  RWIX
  INT50                 0000ffe4   00000002  00000002  00000000  RWIX
  INT51                 0000ffe6   00000002  00000002  00000000  RWIX
  INT52                 0000ffe8   00000002  00000002  00000000  RWIX
  INT53                 0000ffea   00000002  00000002  00000000  RWIX
  INT54                 0000ffec   00000002  00000002  00000000  RWIX
  INT55                 0000ffee   00000002  00000002  00000000  RWIX
  INT56                 0000fff0   00000002  00000002  00000000  RWIX
  INT57                 0000fff2   00000002  00000002  00000000  RWIX
  INT58                 0000fff4   00000002  00000002  00000000  RWIX
  INT59                 0000fff6   00000002  00000002  00000000  RWIX
  INT60                 0000fff8   00000002  00000002  00000000  RWIX
  INT61                 0000fffa   00000002  00000002  00000000  RWIX
  INT62                 0000fffc   00000002  00000002  00000000  RWIX
  RESET                 0000fffe   00000002  00000002  00000000  RWIX
  FLASH2                00010000   00078000  00002c0a  000753f6  RWIX
  RAM2                  000f0000   0000c000  00000000  0000c000  RWIX


SECTION ALLOCATION MAP

 output                                  attributes/
section   page    origin      length       input sections
--------  ----  ----------  ----------   ----------------
.data      0    00002400    000000d9     UNINITIALIZED
                  00002400    00000047     I2C.obj (.data:EPS_data2)
                  00002447    00000001     I2C.obj (.data)
                  00002448    00000047     I2C.obj (.data:EPS_data)
                  0000248f    00000001     --HOLE--
                  00002490    00000041     timer.obj (.data)
                  000024d1    00000001     --HOLE--
                  000024d2    00000007     mppt.obj (.data)

.stack     0    00006360    000000a0     UNINITIALIZED
                  00006360    00000004     rts430x_lc_rd_eabi.lib : boot.obj (.stack)
                  00006364    0000009c     --HOLE--

.text:_isr 
*          0    00008000    00000754     
                  00008000    00000484     timer.obj (.text:_isr:timer0_a0_isr)
                  00008484    00000242     timer.obj (.text:_isr:timer2_a0_isr)
                  000086c6    0000006e     I2C.obj (.text:_isr:USCI_B2_ISR)
                  00008734    0000001a     rts430x_lc_rd_eabi.lib : boot_special.obj (.text:_isr:_c_int00_noargs_noexit)
                  0000874e    00000006                            : isr_trap.obj (.text:_isr:__TI_ISR_TRAP)

.const     0    00008754    00000060     
                  00008754    0000001e     timer.obj (.const)
                  00008772    00000015     ADS1248.obj (.const:.string:$P$T0$1)
                  00008787    00000001     --HOLE-- [fill = 0]
                  00008788    00000014     rts430x_lc_rd_eabi.lib : _printfi_min.obj (.const:.string)
                  0000879c    00000012     mppt.obj (.const:.string)
                  000087ae    00000006     uart.obj (.const:.string)

.cinit     0    000087b4    00000064     
                  000087b4    00000054     (.cinit..data.load) [load image, compression = rle]
                  00008808    00000008     (__TI_handler_table)
                  00008810    00000008     (__TI_cinit_table)

.init_array 
*          0    00008000    00000000     UNINITIALIZED

.TI.persistent 
*          0    00002400    00000000     UNINITIALIZED

USCI_B2    0    0000ffc6    00000002     
                  0000ffc6    00000002     I2C.obj (.int35)

USCI_A2    0    0000ffc8    00000002     
                  0000ffc8    00000002     rts430x_lc_rd_eabi.lib : int36.obj (.int36)

PORT4      0    0000ffca    00000002     
                  0000ffca    00000002     rts430x_lc_rd_eabi.lib : int37.obj (.int37)

PORT3      0    0000ffcc    00000002     
                  0000ffcc    00000002     rts430x_lc_rd_eabi.lib : int38.obj (.int38)

TIMER2_A1 
*          0    0000ffce    00000002     
                  0000ffce    00000002     rts430x_lc_rd_eabi.lib : int39.obj (.int39)

TIMER2_A0 
*          0    0000ffd0    00000002     
                  0000ffd0    00000002     timer.obj (.int40)

DAC12      0    0000ffd2    00000002     
                  0000ffd2    00000002     rts430x_lc_rd_eabi.lib : int41.obj (.int41)

RTC        0    0000ffd4    00000002     
                  0000ffd4    00000002     rts430x_lc_rd_eabi.lib : int42.obj (.int42)

LCD_B      0    0000ffd6    00000002     
                  0000ffd6    00000002     rts430x_lc_rd_eabi.lib : int43.obj (.int43)

PORT2      0    0000ffd8    00000002     
                  0000ffd8    00000002     rts430x_lc_rd_eabi.lib : int44.obj (.int44)

USCI_B1    0    0000ffda    00000002     
                  0000ffda    00000002     rts430x_lc_rd_eabi.lib : int45.obj (.int45)

USCI_A1    0    0000ffdc    00000002     
                  0000ffdc    00000002     rts430x_lc_rd_eabi.lib : int46.obj (.int46)

PORT1      0    0000ffde    00000002     
                  0000ffde    00000002     rts430x_lc_rd_eabi.lib : int47.obj (.int47)

TIMER1_A1 
*          0    0000ffe0    00000002     
                  0000ffe0    00000002     rts430x_lc_rd_eabi.lib : int48.obj (.int48)

TIMER1_A0 
*          0    0000ffe2    00000002     
                  0000ffe2    00000002     rts430x_lc_rd_eabi.lib : int49.obj (.int49)

DMA        0    0000ffe4    00000002     
                  0000ffe4    00000002     rts430x_lc_rd_eabi.lib : int50.obj (.int50)

USB_UBM    0    0000ffe6    00000002     
                  0000ffe6    00000002     rts430x_lc_rd_eabi.lib : int51.obj (.int51)

TIMER0_A1 
*          0    0000ffe8    00000002     
                  0000ffe8    00000002     rts430x_lc_rd_eabi.lib : int52.obj (.int52)

TIMER0_A0 
*          0    0000ffea    00000002     
                  0000ffea    00000002     timer.obj (.int53)

ADC12      0    0000ffec    00000002     
                  0000ffec    00000002     rts430x_lc_rd_eabi.lib : int54.obj (.int54)

USCI_B0    0    0000ffee    00000002     
                  0000ffee    00000002     rts430x_lc_rd_eabi.lib : int55.obj (.int55)

USCI_A0    0    0000fff0    00000002     
                  0000fff0    00000002     rts430x_lc_rd_eabi.lib : int56.obj (.int56)

WDT        0    0000fff2    00000002     
                  0000fff2    00000002     rts430x_lc_rd_eabi.lib : int57.obj (.int57)

TIMER0_B1 
*          0    0000fff4    00000002     
                  0000fff4    00000002     rts430x_lc_rd_eabi.lib : int58.obj (.int58)

TIMER0_B0 
*          0    0000fff6    00000002     
                  0000fff6    00000002     rts430x_lc_rd_eabi.lib : int59.obj (.int59)

COMP_B     0    0000fff8    00000002     
                  0000fff8    00000002     rts430x_lc_rd_eabi.lib : int60.obj (.int60)

UNMI       0    0000fffa    00000002     
                  0000fffa    00000002     rts430x_lc_rd_eabi.lib : int61.obj (.int61)

SYSNMI     0    0000fffc    00000002     
                  0000fffc    00000002     rts430x_lc_rd_eabi.lib : int62.obj (.int62)

.reset     0    0000fffe    00000002     
                  0000fffe    00000002     rts430x_lc_rd_eabi.lib : boot.obj (.reset)

.text      0    00010000    00002c0a     
                  00010000    00000452     rts430x_lc_rd_eabi.lib : frcdivd.obj (.text:__TI_frcdivd)
                  00010452    000002e4                            : frcmpyd.obj (.text:__TI_frcmpyd)
                  00010736    000002d8                            : addd.obj (.text:__mspabi_addd)
                  00010a0e    00000282                            : mpyd.obj (.text:__mspabi_mpyd)
                  00010c90    0000025a     pid.obj (.text:Pid_Control)
                  00010eea    00000252     rts430x_lc_rd_eabi.lib : frcaddd.obj (.text:__TI_frcaddd)
                  0001113c    00000222                            : divd.obj (.text:__mspabi_divd)
                  0001135e    00000190     ADS1248.obj (.text:read_ADS1248)
                  000114ee    00000188     energy_level_algorithm.obj (.text:energyLevelAlgorithm)
                  00011676    00000132     rts430x_lc_rd_eabi.lib : _printfi_min.obj (.text:_setfield)
                  000117a8    00000130                            : fs_add.obj (.text)
                  000118d8    00000118     mppt.obj (.text:mppt_algorithm)
                  000119f0    000000e6     onewire.obj (.text:config_DS2775)
                  00011ad6    000000d8     rts430x_lc_rd_eabi.lib : cmpd.obj (.text:__mspabi_cmpd)
                  00011bae    000000d2                            : _printfi_min.obj (.text:__TI_printfi_minimal)
                  00011c80    000000ce     ADC.obj (.text:adc_read)
                  00011d4e    000000b6     rts430x_lc_rd_eabi.lib : fs_mpy.obj (.text)
                  00011e04    000000b2                            : renormd.obj (.text:__TI_renormd)
                  00011eb6    000000b2     timer.obj (.text:timer_config)
                  00011f68    000000a6     ADS1248.obj (.text:config_ADS1248)
                  0001200e    0000008e     rts430x_lc_rd_eabi.lib : fs_div.obj (.text)
                  0001209c    0000008c                            : cvtdf.obj (.text:__mspabi_cvtdf)
                  00012128    00000082     ADC.obj (.text:adc_config)
                  000121aa    0000007a     uart.obj (.text:float_send)
                  00012224    00000076     rts430x_lc_rd_eabi.lib : fltuld.obj (.text:__mspabi_fltuld)
                  0001229a    0000006c                            : autoinit_wdt.obj (.text:_auto_init_hold_wdt)
                  00012306    00000068                            : copy_decompress_rle.obj (.text:__TI_decompress_rle_core)
                  0001236e    00000064                            : cvtfd.obj (.text:__mspabi_cvtfd)
                  000123d2    0000005a                            : _printfi_min.obj (.text:_ltostr)
                  0001242c    00000056     onewire.obj (.text:OneWireWrite)
                  00012482    00000054     uart.obj (.text:uart_config)
                  000124d6    0000004c     rts430x_lc_rd_eabi.lib : _printfi_min.obj (.text:_pproc_diouxp)
                  00012522    0000004a     onewire.obj (.text:OneWireReset)
                  0001256c    0000004a     rts430x_lc_rd_eabi.lib : fs_cmp.obj (.text)
                  000125b6    0000004a                            : fs_ltof.obj (.text)
                  00012600    00000048                            : _printfi_min.obj (.text:_pproc_str)
                  00012648    00000046                            : fs_tou.obj (.text)
                  0001268e    00000044                            : sprintf.obj (.text:sprintf)
                  000126d2    0000003e                            : _printfi_min.obj (.text:_getarg_diouxp)
                  00012710    0000003e     main.obj (.text:config_msp430)
                  0001274e    0000003e     rts430x_lc_rd_eabi.lib : asr32.obj (.text:l_asr_const)
                  0001278c    0000003e                            : lsl32.obj (.text:l_lsl_const)
                  000127ca    0000003e                            : lsr32.obj (.text:l_lsr_const)
                  00012808    0000003c     onewire.obj (.text:OneWireReadBit)
                  00012844    0000003c     clock.obj (.text:clock_config)
                  00012880    00000036     rts430x_lc_rd_eabi.lib : fs_itof.obj (.text)
                  000128b6    00000032                            : subd.obj (.text:__mspabi_subd)
                  000128e8    0000002e     crc.obj (.text:crc8)
                  00012916    0000002e     SPI.obj (.text:spi_config)
                  00012944    00000028     I2C.obj (.text:I2C_config)
                  0001296c    00000024     rts430x_lc_rd_eabi.lib : fs_utof.obj (.text)
                  00012990    00000022                            : mult32_f5hw.obj (.text)
                  000129b2    00000020     onewire.obj (.text:DS2775_read_register)
                  000129d2    00000020     rts430x_lc_rd_eabi.lib : sprintf.obj (.text:_outs)
                  000129f2    00000020     main.obj (.text:main)
                  00012a12    00000020     watchdog.obj (.text:watchdog_reset_counter)
                  00012a32    0000001e     rts430x_lc_rd_eabi.lib : memccpy.obj (.text:memccpy)
                  00012a50    0000001c     uart.obj (.text:uart_tx_debug)
                  00012a6c    0000001a     onewire.obj (.text:OWReadByte)
                  00012a86    0000001a     rts430x_lc_rd_eabi.lib : _printfi_min.obj (.text:_div)
                  00012aa0    0000001a     onewire.obj (.text:inp)
                  00012aba    00000016     onewire.obj (.text:OWWriteByte)
                  00012ad0    00000016     rts430x_lc_rd_eabi.lib : memset.obj (.text:memset)
                  00012ae6    00000016                            : div16u.obj (.text)
                  00012afc    00000016                            : mult16_f5hw.obj (.text)
                  00012b12    00000014                            : sprintf.obj (.text:_outc)
                  00012b26    00000014                            : memcpy.obj (.text:memcpy)
                  00012b3a    00000014     onewire.obj (.text:outp)
                  00012b4e    00000012     rts430x_lc_rd_eabi.lib : copy_decompress_none.obj (.text:decompress:none:__TI_decompress_none)
                  00012b60    00000012     uart.obj (.text:port_mapping)
                  00012b72    00000012     SPI.obj (.text:spi_send)
                  00012b84    00000010     rts430x_lc_rd_eabi.lib : asr32.obj (.text:l_asr)
                  00012b94    00000010                            : lsl32.obj (.text:l_lsl)
                  00012ba4    00000010                            : lsr32.obj (.text:l_lsr)
                  00012bb4    0000000e                            : strlen.obj (.text:strlen)
                  00012bc2    0000000c     SPI.obj (.text:spi_read)
                  00012bce    0000000c     uart.obj (.text:uart_tx_beacon)
                  00012bda    0000000a     rts430x_lc_rd_eabi.lib : fs_neg.obj (.text)
                  00012be4    0000000a                            : lsl16.obj (.text)
                  00012bee    00000008     watchdog.obj (.text:watchdog_config)
                  00012bf6    00000006     rts430x_lc_rd_eabi.lib : fltud.obj (.text:__mspabi_fltud)
                  00012bfc    00000006                            : copy_decompress_rle.obj (.text:decompress:rle24:__TI_decompress_rle24)
                  00012c02    00000004                            : pre_init.obj (.text:_system_pre_init)
                  00012c06    00000004                            : exit.obj (.text:abort)


LINKER GENERATED COPY TABLES

__TI_cinit_table @ 00008810 records: 1, size/record: 8, table size: 8
	.data: load addr=000087b4, load size=00000054 bytes, run addr=00002400, run size=000000d9 bytes, compression=rle


LINKER GENERATED HANDLER TABLE

__TI_handler_table @ 00008808 records: 2, size/record: 4, table size: 8
	index: 0, handler: __TI_decompress_rle24
	index: 1, handler: __TI_decompress_none


GLOBAL SYMBOLS: SORTED ALPHABETICALLY BY Name 

address   name                                    
-------   ----                                    
00000700  ADC12CTL0                               
00000701  ADC12CTL0_H                             
00000700  ADC12CTL0_L                             
00000702  ADC12CTL1                               
00000703  ADC12CTL1_H                             
00000702  ADC12CTL1_L                             
00000704  ADC12CTL2                               
00000705  ADC12CTL2_H                             
00000704  ADC12CTL2_L                             
0000070c  ADC12IE                                 
0000070d  ADC12IE_H                               
0000070c  ADC12IE_L                               
0000070a  ADC12IFG                                
0000070b  ADC12IFG_H                              
0000070a  ADC12IFG_L                              
0000070e  ADC12IV                                 
0000070f  ADC12IV_H                               
0000070e  ADC12IV_L                               
00000710  ADC12MCTL0                              
00000711  ADC12MCTL1                              
0000071a  ADC12MCTL10                             
0000071b  ADC12MCTL11                             
0000071c  ADC12MCTL12                             
0000071d  ADC12MCTL13                             
0000071e  ADC12MCTL14                             
0000071f  ADC12MCTL15                             
00000712  ADC12MCTL2                              
00000713  ADC12MCTL3                              
00000714  ADC12MCTL4                              
00000715  ADC12MCTL5                              
00000716  ADC12MCTL6                              
00000717  ADC12MCTL7                              
00000718  ADC12MCTL8                              
00000719  ADC12MCTL9                              
00000720  ADC12MEM0                               
00000721  ADC12MEM0_H                             
00000720  ADC12MEM0_L                             
00000722  ADC12MEM1                               
00000734  ADC12MEM10                              
00000735  ADC12MEM10_H                            
00000734  ADC12MEM10_L                            
00000736  ADC12MEM11                              
00000737  ADC12MEM11_H                            
00000736  ADC12MEM11_L                            
00000738  ADC12MEM12                              
00000739  ADC12MEM12_H                            
00000738  ADC12MEM12_L                            
0000073a  ADC12MEM13                              
0000073b  ADC12MEM13_H                            
0000073a  ADC12MEM13_L                            
0000073c  ADC12MEM14                              
0000073d  ADC12MEM14_H                            
0000073c  ADC12MEM14_L                            
0000073e  ADC12MEM15                              
0000073f  ADC12MEM15_H                            
0000073e  ADC12MEM15_L                            
00000723  ADC12MEM1_H                             
00000722  ADC12MEM1_L                             
00000724  ADC12MEM2                               
00000725  ADC12MEM2_H                             
00000724  ADC12MEM2_L                             
00000726  ADC12MEM3                               
00000727  ADC12MEM3_H                             
00000726  ADC12MEM3_L                             
00000728  ADC12MEM4                               
00000729  ADC12MEM4_H                             
00000728  ADC12MEM4_L                             
0000072a  ADC12MEM5                               
0000072b  ADC12MEM5_H                             
0000072a  ADC12MEM5_L                             
0000072c  ADC12MEM6                               
0000072d  ADC12MEM6_H                             
0000072c  ADC12MEM6_L                             
0000072e  ADC12MEM7                               
0000072f  ADC12MEM7_H                             
0000072e  ADC12MEM7_L                             
00000730  ADC12MEM8                               
00000731  ADC12MEM8_H                             
00000730  ADC12MEM8_L                             
00000732  ADC12MEM9                               
00000733  ADC12MEM9_H                             
00000732  ADC12MEM9_L                             
0000049e  BAKCHCTL                                
0000049f  BAKCHCTL_H                              
0000049e  BAKCHCTL_L                              
0000049c  BAKCTL                                  
0000049d  BAKCTL_H                                
0000049c  BAKCTL_L                                
00000480  BAKMEM0                                 
00000481  BAKMEM0_H                               
00000480  BAKMEM0_L                               
00000482  BAKMEM1                                 
00000483  BAKMEM1_H                               
00000482  BAKMEM1_L                               
00000484  BAKMEM2                                 
00000485  BAKMEM2_H                               
00000484  BAKMEM2_L                               
00000486  BAKMEM3                                 
00000487  BAKMEM3_H                               
00000486  BAKMEM3_L                               
000004be  BCD2BIN                                 
000004bc  BIN2BCD                                 
00012c06  C$$EXIT                                 
000008c0  CBCTL0                                  
000008c1  CBCTL0_H                                
000008c0  CBCTL0_L                                
000008c2  CBCTL1                                  
000008c3  CBCTL1_H                                
000008c2  CBCTL1_L                                
000008c4  CBCTL2                                  
000008c5  CBCTL2_H                                
000008c4  CBCTL2_L                                
000008c6  CBCTL3                                  
000008c7  CBCTL3_H                                
000008c6  CBCTL3_L                                
000008cc  CBINT                                   
000008cd  CBINT_H                                 
000008cc  CBINT_L                                 
000008ce  CBIV                                    
00000150  CRCDI                                   
00000152  CRCDIRB                                 
00000153  CRCDIRB_H                               
00000152  CRCDIRB_L                               
00000151  CRCDI_H                                 
00000150  CRCDI_L                                 
00000154  CRCINIRES                               
00000155  CRCINIRES_H                             
00000154  CRCINIRES_L                             
00000156  CRCRESR                                 
00000157  CRCRESR_H                               
00000156  CRCRESR_L                               
00000786  DAC12_0CALCTL                           
00000788  DAC12_0CALDAT                           
00000780  DAC12_0CTL0                             
00000782  DAC12_0CTL1                             
00000784  DAC12_0DAT                              
00000796  DAC12_1CALCTL                           
00000798  DAC12_1CALDAT                           
00000790  DAC12_1CTL0                             
00000792  DAC12_1CTL1                             
00000794  DAC12_1DAT                              
0000079e  DAC12_IV                                
00000510  DMA0CTL                                 
00000511  DMA0CTL_H                               
00000510  DMA0CTL_L                               
00000516  DMA0DA                                  
00000518  DMA0DAH                                 
00000516  DMA0DAL                                 
00000512  DMA0SA                                  
00000514  DMA0SAH                                 
00000512  DMA0SAL                                 
0000051a  DMA0SZ                                  
00000520  DMA1CTL                                 
00000521  DMA1CTL_H                               
00000520  DMA1CTL_L                               
00000526  DMA1DA                                  
00000528  DMA1DAH                                 
00000526  DMA1DAL                                 
00000522  DMA1SA                                  
00000524  DMA1SAH                                 
00000522  DMA1SAL                                 
0000052a  DMA1SZ                                  
00000530  DMA2CTL                                 
00000531  DMA2CTL_H                               
00000530  DMA2CTL_L                               
00000536  DMA2DA                                  
00000538  DMA2DAH                                 
00000536  DMA2DAL                                 
00000532  DMA2SA                                  
00000534  DMA2SAH                                 
00000532  DMA2SAL                                 
0000053a  DMA2SZ                                  
00000540  DMA3CTL                                 
00000541  DMA3CTL_H                               
00000540  DMA3CTL_L                               
00000546  DMA3DA                                  
00000548  DMA3DAH                                 
00000546  DMA3DAL                                 
00000542  DMA3SA                                  
00000544  DMA3SAH                                 
00000542  DMA3SAL                                 
0000054a  DMA3SZ                                  
00000550  DMA4CTL                                 
00000551  DMA4CTL_H                               
00000550  DMA4CTL_L                               
00000556  DMA4DA                                  
00000558  DMA4DAH                                 
00000556  DMA4DAL                                 
00000552  DMA4SA                                  
00000554  DMA4SAH                                 
00000552  DMA4SAL                                 
0000055a  DMA4SZ                                  
00000560  DMA5CTL                                 
00000561  DMA5CTL_H                               
00000560  DMA5CTL_L                               
00000566  DMA5DA                                  
00000568  DMA5DAH                                 
00000566  DMA5DAL                                 
00000562  DMA5SA                                  
00000564  DMA5SAH                                 
00000562  DMA5SAL                                 
0000056a  DMA5SZ                                  
00000500  DMACTL0                                 
00000501  DMACTL0_H                               
00000500  DMACTL0_L                               
00000502  DMACTL1                                 
00000503  DMACTL1_H                               
00000502  DMACTL1_L                               
00000504  DMACTL2                                 
00000505  DMACTL2_H                               
00000504  DMACTL2_L                               
00000506  DMACTL3                                 
00000507  DMACTL3_H                               
00000506  DMACTL3_L                               
00000508  DMACTL4                                 
00000509  DMACTL4_H                               
00000508  DMACTL4_L                               
0000050e  DMAIV                                   
0000050f  DMAIV_H                                 
0000050e  DMAIV_L                                 
000129b2  DS2775_read_register                    
00002448  EPS_data                                
00002400  EPS_data2                               
00000140  FCTL1                                   
00000141  FCTL1_H                                 
00000140  FCTL1_L                                 
00000144  FCTL3                                   
00000145  FCTL3_H                                 
00000144  FCTL3_L                                 
00000146  FCTL4                                   
00000147  FCTL4_H                                 
00000146  FCTL4_L                                 
00012944  I2C_config                              
00000a04  LCDBBLKCTL                              
00000a05  LCDBBLKCTL_H                            
00000a04  LCDBBLKCTL_L                            
00000a12  LCDBCPCTL                               
00000a13  LCDBCPCTL_H                             
00000a12  LCDBCPCTL_L                             
00000a00  LCDBCTL0                                
00000a01  LCDBCTL0_H                              
00000a00  LCDBCTL0_L                              
00000a02  LCDBCTL1                                
00000a03  LCDBCTL1_H                              
00000a02  LCDBCTL1_L                              
00000a1e  LCDBIV                                  
00000a40  LCDBM1                                  
00000a49  LCDBM10                                 
00000a4a  LCDBM11                                 
00000a4b  LCDBM12                                 
00000a4c  LCDBM13                                 
00000a4d  LCDBM14                                 
00000a4e  LCDBM15                                 
00000a4f  LCDBM16                                 
00000a50  LCDBM17                                 
00000a51  LCDBM18                                 
00000a52  LCDBM19                                 
00000a41  LCDBM2                                  
00000a53  LCDBM20                                 
00000a54  LCDBM21                                 
00000a55  LCDBM22                                 
00000a56  LCDBM23                                 
00000a57  LCDBM24                                 
00000a42  LCDBM3                                  
00000a43  LCDBM4                                  
00000a44  LCDBM5                                  
00000a45  LCDBM6                                  
00000a46  LCDBM7                                  
00000a47  LCDBM8                                  
00000a48  LCDBM9                                  
00000a06  LCDBMEMCTL                              
00000a07  LCDBMEMCTL_H                            
00000a06  LCDBMEMCTL_L                            
00000a0a  LCDBPCTL0                               
00000a0b  LCDBPCTL0_H                             
00000a0a  LCDBPCTL0_L                             
00000a0c  LCDBPCTL1                               
00000a0d  LCDBPCTL1_H                             
00000a0c  LCDBPCTL1_L                             
00000a0e  LCDBPCTL2                               
00000a0f  LCDBPCTL2_H                             
00000a0e  LCDBPCTL2_L                             
00000a10  LCDBPCTL3                               
00000a11  LCDBPCTL3_H                             
00000a10  LCDBPCTL3_L                             
00000a08  LCDBVCTL                                
00000a09  LCDBVCTL_H                              
00000a08  LCDBVCTL_L                              
00000a20  LCDM1                                   
00000a29  LCDM10                                  
00000a2a  LCDM11                                  
00000a2b  LCDM12                                  
00000a2c  LCDM13                                  
00000a2d  LCDM14                                  
00000a2e  LCDM15                                  
00000a2f  LCDM16                                  
00000a30  LCDM17                                  
00000a31  LCDM18                                  
00000a32  LCDM19                                  
00000a21  LCDM2                                   
00000a33  LCDM20                                  
00000a34  LCDM21                                  
00000a35  LCDM22                                  
00000a36  LCDM23                                  
00000a37  LCDM24                                  
00000a22  LCDM3                                   
00000a23  LCDM4                                   
00000a24  LCDM5                                   
00000a25  LCDM6                                   
00000a26  LCDM7                                   
00000a27  LCDM8                                   
00000a28  LCDM9                                   
000004c4  MAC                                     
000004da  MAC32H                                  
000004db  MAC32H_H                                
000004da  MAC32H_L                                
000004d8  MAC32L                                  
000004d9  MAC32L_H                                
000004d8  MAC32L_L                                
000004c6  MACS                                    
000004de  MACS32H                                 
000004df  MACS32H_H                               
000004de  MACS32H_L                               
000004dc  MACS32L                                 
000004dd  MACS32L_H                               
000004dc  MACS32L_L                               
000004c7  MACS_H                                  
000004c6  MACS_L                                  
000004c5  MAC_H                                   
000004c4  MAC_L                                   
000004c0  MPY                                     
000004ec  MPY32CTL0                               
000004ed  MPY32CTL0_H                             
000004ec  MPY32CTL0_L                             
000004d2  MPY32H                                  
000004d3  MPY32H_H                                
000004d2  MPY32H_L                                
000004d0  MPY32L                                  
000004d1  MPY32L_H                                
000004d0  MPY32L_L                                
000004c2  MPYS                                    
000004d6  MPYS32H                                 
000004d7  MPYS32H_H                               
000004d6  MPYS32H_L                               
000004d4  MPYS32L                                 
000004d5  MPYS32L_H                               
000004d4  MPYS32L_L                               
000004c3  MPYS_H                                  
000004c2  MPYS_L                                  
000004c1  MPY_H                                   
000004c0  MPY_L                                   
000004c8  OP2                                     
000004e2  OP2H                                    
000004e3  OP2H_H                                  
000004e2  OP2H_L                                  
000004e0  OP2L                                    
000004e1  OP2L_H                                  
000004e0  OP2L_L                                  
000004c9  OP2_H                                   
000004c8  OP2_L                                   
00012a6c  OWReadByte                              
00012aba  OWWriteByte                             
00012808  OneWireReadBit                          
00012522  OneWireReset                            
0001242c  OneWireWrite                            
0000020e  P1IV                                    
0000021e  P2IV                                    
000001d0  P2MAP01                                 
000001d1  P2MAP01_H                               
000001d0  P2MAP01_L                               
000001d2  P2MAP23                                 
000001d3  P2MAP23_H                               
000001d2  P2MAP23_L                               
000001d4  P2MAP45                                 
000001d5  P2MAP45_H                               
000001d4  P2MAP45_L                               
000001d6  P2MAP67                                 
000001d7  P2MAP67_H                               
000001d6  P2MAP67_L                               
0000022e  P3IV                                    
0000023e  P4IV                                    
00000204  PADIR                                   
00000205  PADIR_H                                 
00000204  PADIR_L                                 
00000208  PADS                                    
00000209  PADS_H                                  
00000208  PADS_L                                  
0000021a  PAIE                                    
00000218  PAIES                                   
00000219  PAIES_H                                 
00000218  PAIES_L                                 
0000021b  PAIE_H                                  
0000021a  PAIE_L                                  
0000021c  PAIFG                                   
0000021d  PAIFG_H                                 
0000021c  PAIFG_L                                 
00000200  PAIN                                    
00000201  PAIN_H                                  
00000200  PAIN_L                                  
00000202  PAOUT                                   
00000203  PAOUT_H                                 
00000202  PAOUT_L                                 
00000206  PAREN                                   
00000207  PAREN_H                                 
00000206  PAREN_L                                 
0000020a  PASEL                                   
0000020b  PASEL_H                                 
0000020a  PASEL_L                                 
00000224  PBDIR                                   
00000225  PBDIR_H                                 
00000224  PBDIR_L                                 
00000228  PBDS                                    
00000229  PBDS_H                                  
00000228  PBDS_L                                  
0000023a  PBIE                                    
00000238  PBIES                                   
00000239  PBIES_H                                 
00000238  PBIES_L                                 
0000023b  PBIE_H                                  
0000023a  PBIE_L                                  
0000023c  PBIFG                                   
0000023d  PBIFG_H                                 
0000023c  PBIFG_L                                 
00000220  PBIN                                    
00000221  PBIN_H                                  
00000220  PBIN_L                                  
00000222  PBOUT                                   
00000223  PBOUT_H                                 
00000222  PBOUT_L                                 
00000226  PBREN                                   
00000227  PBREN_H                                 
00000226  PBREN_L                                 
0000022a  PBSEL                                   
0000022b  PBSEL_H                                 
0000022a  PBSEL_L                                 
00000244  PCDIR                                   
00000245  PCDIR_H                                 
00000244  PCDIR_L                                 
00000248  PCDS                                    
00000249  PCDS_H                                  
00000248  PCDS_L                                  
00000240  PCIN                                    
00000241  PCIN_H                                  
00000240  PCIN_L                                  
00000242  PCOUT                                   
00000243  PCOUT_H                                 
00000242  PCOUT_L                                 
00000246  PCREN                                   
00000247  PCREN_H                                 
00000246  PCREN_L                                 
0000024a  PCSEL                                   
0000024b  PCSEL_H                                 
0000024a  PCSEL_L                                 
00000264  PDDIR                                   
00000265  PDDIR_H                                 
00000264  PDDIR_L                                 
00000268  PDDS                                    
00000269  PDDS_H                                  
00000268  PDDS_L                                  
00000260  PDIN                                    
00000261  PDIN_H                                  
00000260  PDIN_L                                  
00000262  PDOUT                                   
00000263  PDOUT_H                                 
00000262  PDOUT_L                                 
00000266  PDREN                                   
00000267  PDREN_H                                 
00000266  PDREN_L                                 
0000026a  PDSEL                                   
0000026b  PDSEL_H                                 
0000026a  PDSEL_L                                 
00000284  PEDIR                                   
00000285  PEDIR_H                                 
00000284  PEDIR_L                                 
00000288  PEDS                                    
00000289  PEDS_H                                  
00000288  PEDS_L                                  
00000280  PEIN                                    
00000281  PEIN_H                                  
00000280  PEIN_L                                  
00000282  PEOUT                                   
00000283  PEOUT_H                                 
00000282  PEOUT_L                                 
00000286  PEREN                                   
00000287  PEREN_H                                 
00000286  PEREN_L                                 
0000028a  PESEL                                   
0000028b  PESEL_H                                 
0000028a  PESEL_L                                 
00000324  PJDIR                                   
00000325  PJDIR_H                                 
00000324  PJDIR_L                                 
00000328  PJDS                                    
00000329  PJDS_H                                  
00000328  PJDS_L                                  
00000320  PJIN                                    
00000321  PJIN_H                                  
00000320  PJIN_L                                  
00000322  PJOUT                                   
00000323  PJOUT_H                                 
00000322  PJOUT_L                                 
00000326  PJREN                                   
00000327  PJREN_H                                 
00000326  PJREN_L                                 
00000130  PM5CTL0                                 
00000131  PM5CTL0_H                               
00000130  PM5CTL0_L                               
000001c2  PMAPCTL                                 
000001c3  PMAPCTL_H                               
000001c2  PMAPCTL_L                               
000001c0  PMAPKEYID                               
000001c1  PMAPKEYID_H                             
000001c0  PMAPKEYID_L                             
00000120  PMMCTL0                                 
00000121  PMMCTL0_H                               
00000120  PMMCTL0_L                               
00000122  PMMCTL1                                 
00000123  PMMCTL1_H                               
00000122  PMMCTL1_L                               
0000012c  PMMIFG                                  
0000012d  PMMIFG_H                                
0000012c  PMMIFG_L                                
0000012e  PMMRIE                                  
0000012f  PMMRIE_H                                
0000012e  PMMRIE_L                                
00010c90  Pid_Control                             
00000158  RCCTL0                                  
00000159  RCCTL0_H                                
00000158  RCCTL0_L                                
000001b0  REFCTL0                                 
000001b1  REFCTL0_H                               
000001b0  REFCTL0_L                               
000004e4  RES0                                    
000004e5  RES0_H                                  
000004e4  RES0_L                                  
000004e6  RES1                                    
000004e7  RES1_H                                  
000004e6  RES1_L                                  
000004e8  RES2                                    
000004e9  RES2_H                                  
000004e8  RES2_L                                  
000004ea  RES3                                    
000004eb  RES3_H                                  
000004ea  RES3_L                                  
000004cc  RESHI                                   
000004cd  RESHI_H                                 
000004cc  RESHI_L                                 
000004ca  RESLO                                   
000004cb  RESLO_H                                 
000004ca  RESLO_L                                 
000004ba  RTCADOWDAY                              
000004bb  RTCADOWDAY_H                            
000004ba  RTCADOWDAY_L                            
000004b8  RTCAMINHR                               
000004b9  RTCAMINHR_H                             
000004b8  RTCAMINHR_L                             
000004a0  RTCCTL01                                
000004a1  RTCCTL01_H                              
000004a0  RTCCTL01_L                              
000004a2  RTCCTL23                                
000004a3  RTCCTL23_H                              
000004a2  RTCCTL23_L                              
000004b4  RTCDATE                                 
000004b5  RTCDATE_H                               
000004b4  RTCDATE_L                               
000004ae  RTCIV                                   
000004ac  RTCPS                                   
000004a8  RTCPS0CTL                               
000004a9  RTCPS0CTL_H                             
000004a8  RTCPS0CTL_L                             
000004aa  RTCPS1CTL                               
000004ab  RTCPS1CTL_H                             
000004aa  RTCPS1CTL_L                             
000004ad  RTCPS_H                                 
000004ac  RTCPS_L                                 
000004b0  RTCTIM0                                 
000004b1  RTCTIM0_H                               
000004b0  RTCTIM0_L                               
000004b2  RTCTIM1                                 
000004b3  RTCTIM1_H                               
000004b2  RTCTIM1_L                               
000004b6  RTCYEAR                                 
000004b7  RTCYEAR_H                               
000004b6  RTCYEAR_L                               
00000100  SFRIE1                                  
00000101  SFRIE1_H                                
00000100  SFRIE1_L                                
00000102  SFRIFG1                                 
00000103  SFRIFG1_H                               
00000102  SFRIFG1_L                               
00000104  SFRRPCR                                 
00000105  SFRRPCR_H                               
00000104  SFRRPCR_L                               
000004ce  SUMEXT                                  
000004cf  SUMEXT_H                                
000004ce  SUMEXT_L                                
00000124  SVSMHCTL                                
00000125  SVSMHCTL_H                              
00000124  SVSMHCTL_L                              
00000128  SVSMIO                                  
00000129  SVSMIO_H                                
00000128  SVSMIO_L                                
00000126  SVSMLCTL                                
00000127  SVSMLCTL_H                              
00000126  SVSMLCTL_L                              
00000198  SYSBERRIV                               
00000199  SYSBERRIV_H                             
00000198  SYSBERRIV_L                             
00000182  SYSBSLC                                 
00000183  SYSBSLC_H                               
00000182  SYSBSLC_L                               
00000180  SYSCTL                                  
00000181  SYSCTL_H                                
00000180  SYSCTL_L                                
00000186  SYSJMBC                                 
00000187  SYSJMBC_H                               
00000186  SYSJMBC_L                               
00000188  SYSJMBI0                                
00000189  SYSJMBI0_H                              
00000188  SYSJMBI0_L                              
0000018a  SYSJMBI1                                
0000018b  SYSJMBI1_H                              
0000018a  SYSJMBI1_L                              
0000018c  SYSJMBO0                                
0000018d  SYSJMBO0_H                              
0000018c  SYSJMBO0_L                              
0000018e  SYSJMBO1                                
0000018f  SYSJMBO1_H                              
0000018e  SYSJMBO1_L                              
0000019e  SYSRSTIV                                
0000019f  SYSRSTIV_H                              
0000019e  SYSRSTIV_L                              
0000019c  SYSSNIV                                 
0000019d  SYSSNIV_H                               
0000019c  SYSSNIV_L                               
0000019a  SYSUNIV                                 
0000019b  SYSUNIV_H                               
0000019a  SYSUNIV_L                               
00000352  TA0CCR0                                 
00000354  TA0CCR1                                 
00000356  TA0CCR2                                 
00000358  TA0CCR3                                 
0000035a  TA0CCR4                                 
00000342  TA0CCTL0                                
00000344  TA0CCTL1                                
00000346  TA0CCTL2                                
00000348  TA0CCTL3                                
0000034a  TA0CCTL4                                
00000340  TA0CTL                                  
00000360  TA0EX0                                  
0000036e  TA0IV                                   
00000350  TA0R                                    
00000392  TA1CCR0                                 
00000394  TA1CCR1                                 
00000396  TA1CCR2                                 
00000382  TA1CCTL0                                
00000384  TA1CCTL1                                
00000386  TA1CCTL2                                
00000380  TA1CTL                                  
000003a0  TA1EX0                                  
000003ae  TA1IV                                   
00000390  TA1R                                    
00000412  TA2CCR0                                 
00000414  TA2CCR1                                 
00000416  TA2CCR2                                 
00000402  TA2CCTL0                                
00000404  TA2CCTL1                                
00000406  TA2CCTL2                                
00000400  TA2CTL                                  
00000420  TA2EX0                                  
0000042e  TA2IV                                   
00000410  TA2R                                    
000003d2  TB0CCR0                                 
000003d4  TB0CCR1                                 
000003d6  TB0CCR2                                 
000003d8  TB0CCR3                                 
000003da  TB0CCR4                                 
000003dc  TB0CCR5                                 
000003de  TB0CCR6                                 
000003c2  TB0CCTL0                                
000003c4  TB0CCTL1                                
000003c6  TB0CCTL2                                
000003c8  TB0CCTL3                                
000003ca  TB0CCTL4                                
000003cc  TB0CCTL5                                
000003ce  TB0CCTL6                                
000003c0  TB0CTL                                  
000003e0  TB0EX0                                  
000003ee  TB0IV                                   
000003d0  TB0R                                    
000005d0  UCA0ABCTL                               
000005c6  UCA0BRW                                 
000005c7  UCA0BRW_H                               
000005c6  UCA0BRW_L                               
000005c0  UCA0CTLW0                               
000005c1  UCA0CTLW0_H                             
000005c0  UCA0CTLW0_L                             
000005dc  UCA0ICTL                                
000005dd  UCA0ICTL_H                              
000005dc  UCA0ICTL_L                              
000005d2  UCA0IRCTL                               
000005d3  UCA0IRCTL_H                             
000005d2  UCA0IRCTL_L                             
000005de  UCA0IV                                  
000005c8  UCA0MCTL                                
000005cc  UCA0RXBUF                               
000005ca  UCA0STAT                                
000005ce  UCA0TXBUF                               
00000610  UCA1ABCTL                               
00000606  UCA1BRW                                 
00000607  UCA1BRW_H                               
00000606  UCA1BRW_L                               
00000600  UCA1CTLW0                               
00000601  UCA1CTLW0_H                             
00000600  UCA1CTLW0_L                             
0000061c  UCA1ICTL                                
0000061d  UCA1ICTL_H                              
0000061c  UCA1ICTL_L                              
00000612  UCA1IRCTL                               
00000613  UCA1IRCTL_H                             
00000612  UCA1IRCTL_L                             
0000061e  UCA1IV                                  
00000608  UCA1MCTL                                
0000060c  UCA1RXBUF                               
0000060a  UCA1STAT                                
0000060e  UCA1TXBUF                               
00000650  UCA2ABCTL                               
00000646  UCA2BRW                                 
00000647  UCA2BRW_H                               
00000646  UCA2BRW_L                               
00000640  UCA2CTLW0                               
00000641  UCA2CTLW0_H                             
00000640  UCA2CTLW0_L                             
0000065c  UCA2ICTL                                
0000065d  UCA2ICTL_H                              
0000065c  UCA2ICTL_L                              
00000652  UCA2IRCTL                               
00000653  UCA2IRCTL_H                             
00000652  UCA2IRCTL_L                             
0000065e  UCA2IV                                  
00000648  UCA2MCTL                                
0000064c  UCA2RXBUF                               
0000064a  UCA2STAT                                
0000064e  UCA2TXBUF                               
000005e6  UCB0BRW                                 
000005e7  UCB0BRW_H                               
000005e6  UCB0BRW_L                               
000005e0  UCB0CTLW0                               
000005e1  UCB0CTLW0_H                             
000005e0  UCB0CTLW0_L                             
000005f0  UCB0I2COA                               
000005f1  UCB0I2COA_H                             
000005f0  UCB0I2COA_L                             
000005f2  UCB0I2CSA                               
000005f3  UCB0I2CSA_H                             
000005f2  UCB0I2CSA_L                             
000005fc  UCB0ICTL                                
000005fd  UCB0ICTL_H                              
000005fc  UCB0ICTL_L                              
000005fe  UCB0IV                                  
000005ec  UCB0RXBUF                               
000005ea  UCB0STAT                                
000005ee  UCB0TXBUF                               
00000626  UCB1BRW                                 
00000627  UCB1BRW_H                               
00000626  UCB1BRW_L                               
00000620  UCB1CTLW0                               
00000621  UCB1CTLW0_H                             
00000620  UCB1CTLW0_L                             
00000630  UCB1I2COA                               
00000631  UCB1I2COA_H                             
00000630  UCB1I2COA_L                             
00000632  UCB1I2CSA                               
00000633  UCB1I2CSA_H                             
00000632  UCB1I2CSA_L                             
0000063c  UCB1ICTL                                
0000063d  UCB1ICTL_H                              
0000063c  UCB1ICTL_L                              
0000063e  UCB1IV                                  
0000062c  UCB1RXBUF                               
0000062a  UCB1STAT                                
0000062e  UCB1TXBUF                               
00000666  UCB2BRW                                 
00000667  UCB2BRW_H                               
00000666  UCB2BRW_L                               
00000660  UCB2CTLW0                               
00000661  UCB2CTLW0_H                             
00000660  UCB2CTLW0_L                             
00000670  UCB2I2COA                               
00000671  UCB2I2COA_H                             
00000670  UCB2I2COA_L                             
00000672  UCB2I2CSA                               
00000673  UCB2I2CSA_H                             
00000672  UCB2I2CSA_L                             
0000067c  UCB2ICTL                                
0000067d  UCB2ICTL_H                              
0000067c  UCB2ICTL_L                              
0000067e  UCB2IV                                  
0000066c  UCB2RXBUF                               
0000066a  UCB2STAT                                
0000066e  UCB2TXBUF                               
00000160  UCSCTL0                                 
00000161  UCSCTL0_H                               
00000160  UCSCTL0_L                               
00000162  UCSCTL1                                 
00000163  UCSCTL1_H                               
00000162  UCSCTL1_L                               
00000164  UCSCTL2                                 
00000165  UCSCTL2_H                               
00000164  UCSCTL2_L                               
00000166  UCSCTL3                                 
00000167  UCSCTL3_H                               
00000166  UCSCTL3_L                               
00000168  UCSCTL4                                 
00000169  UCSCTL4_H                               
00000168  UCSCTL4_L                               
0000016a  UCSCTL5                                 
0000016b  UCSCTL5_H                               
0000016a  UCSCTL5_L                               
0000016c  UCSCTL6                                 
0000016d  UCSCTL6_H                               
0000016c  UCSCTL6_L                               
0000016e  UCSCTL7                                 
0000016f  UCSCTL7_H                               
0000016e  UCSCTL7_L                               
00000170  UCSCTL8                                 
00000171  UCSCTL8_H                               
00000170  UCSCTL8_L                               
00000902  USBCNF                                  
00000903  USBCNF_H                                
00000902  USBCNF_L                                
0000093c  USBCTL                                  
0000093a  USBFN                                   
0000093b  USBFN_H                                 
0000093a  USBFN_L                                 
0000093f  USBFUNADR                               
0000093d  USBIE                                   
00002378  USBIEP0BUF                              
000023c9  USBIEPBBAX_1                            
000023d1  USBIEPBBAX_2                            
000023d9  USBIEPBBAX_3                            
000023e1  USBIEPBBAX_4                            
000023e9  USBIEPBBAX_5                            
000023f1  USBIEPBBAX_6                            
000023f9  USBIEPBBAX_7                            
000023cd  USBIEPBBAY_1                            
000023d5  USBIEPBBAY_2                            
000023dd  USBIEPBBAY_3                            
000023e5  USBIEPBBAY_4                            
000023ed  USBIEPBBAY_5                            
000023f5  USBIEPBBAY_6                            
000023fd  USBIEPBBAY_7                            
000023ca  USBIEPBCTX_1                            
000023d2  USBIEPBCTX_2                            
000023da  USBIEPBCTX_3                            
000023e2  USBIEPBCTX_4                            
000023ea  USBIEPBCTX_5                            
000023f2  USBIEPBCTX_6                            
000023fa  USBIEPBCTX_7                            
000023ce  USBIEPBCTY_1                            
000023d6  USBIEPBCTY_2                            
000023de  USBIEPBCTY_3                            
000023e6  USBIEPBCTY_4                            
000023ee  USBIEPBCTY_5                            
000023f6  USBIEPBCTY_6                            
000023fe  USBIEPBCTY_7                            
00000920  USBIEPCNF_0                             
000023c8  USBIEPCNF_1                             
000023d0  USBIEPCNF_2                             
000023d8  USBIEPCNF_3                             
000023e0  USBIEPCNF_4                             
000023e8  USBIEPCNF_5                             
000023f0  USBIEPCNF_6                             
000023f8  USBIEPCNF_7                             
00000921  USBIEPCNT_0                             
0000092e  USBIEPIE                                
00000930  USBIEPIFG                               
000023cf  USBIEPSIZXY_1                           
000023d7  USBIEPSIZXY_2                           
000023df  USBIEPSIZXY_3                           
000023e7  USBIEPSIZXY_4                           
000023ef  USBIEPSIZXY_5                           
000023f7  USBIEPSIZXY_6                           
000023ff  USBIEPSIZXY_7                           
0000093e  USBIFG                                  
00000900  USBKEYID                                
00000901  USBKEYID_H                              
00000900  USBKEYID_L                              
00000936  USBMAINT                                
00000937  USBMAINT_H                              
00000936  USBMAINT_L                              
00002370  USBOEP0BUF                              
00002389  USBOEPBBAX_1                            
00002391  USBOEPBBAX_2                            
00002399  USBOEPBBAX_3                            
000023a1  USBOEPBBAX_4                            
000023a9  USBOEPBBAX_5                            
000023b1  USBOEPBBAX_6                            
000023b9  USBOEPBBAX_7                            
0000238d  USBOEPBBAY_1                            
00002395  USBOEPBBAY_2                            
0000239d  USBOEPBBAY_3                            
000023a5  USBOEPBBAY_4                            
000023ad  USBOEPBBAY_5                            
000023b5  USBOEPBBAY_6                            
000023bd  USBOEPBBAY_7                            
0000238a  USBOEPBCTX_1                            
00002392  USBOEPBCTX_2                            
0000239a  USBOEPBCTX_3                            
000023a2  USBOEPBCTX_4                            
000023aa  USBOEPBCTX_5                            
000023b2  USBOEPBCTX_6                            
000023ba  USBOEPBCTX_7                            
0000238e  USBOEPBCTY_1                            
00002396  USBOEPBCTY_2                            
0000239e  USBOEPBCTY_3                            
000023a6  USBOEPBCTY_4                            
000023ae  USBOEPBCTY_5                            
000023b6  USBOEPBCTY_6                            
000023be  USBOEPBCTY_7                            
00000922  USBOEPCNF_0                             
00002388  USBOEPCNF_1                             
00002390  USBOEPCNF_2                             
00002398  USBOEPCNF_3                             
000023a0  USBOEPCNF_4                             
000023a8  USBOEPCNF_5                             
000023b0  USBOEPCNF_6                             
000023b8  USBOEPCNF_7                             
00000923  USBOEPCNT_0                             
0000092f  USBOEPIE                                
00000931  USBOEPIFG                               
0000238f  USBOEPSIZXY_1                           
00002397  USBOEPSIZXY_2                           
0000239f  USBOEPSIZXY_3                           
000023a7  USBOEPSIZXY_4                           
000023af  USBOEPSIZXY_5                           
000023b7  USBOEPSIZXY_6                           
000023bf  USBOEPSIZXY_7                           
00000904  USBPHYCTL                               
00000905  USBPHYCTL_H                             
00000904  USBPHYCTL_L                             
00000910  USBPLLCTL                               
00000911  USBPLLCTL_H                             
00000910  USBPLLCTL_L                             
00000912  USBPLLDIVB                              
00000913  USBPLLDIVB_H                            
00000912  USBPLLDIVB_L                            
00000914  USBPLLIR                                
00000915  USBPLLIR_H                              
00000914  USBPLLIR_L                              
00000908  USBPWRCTL                               
00000909  USBPWRCTL_H                             
00000908  USBPWRCTL_L                             
00001c00  USBSTABUFF                              
00002380  USBSUBLK                                
0000236f  USBTOPBUFF                              
00000938  USBTSREG                                
00000939  USBTSREG_H                              
00000938  USBTSREG_L                              
00000932  USBVECINT                               
00000933  USBVECINT_H                             
00000932  USBVECINT_L                             
000086c6  USCI_B2_ISR                             
0000015c  WDTCTL                                  
0000015d  WDTCTL_H                                
0000015c  WDTCTL_L                                
00006400  __STACK_END                             
000000a0  __STACK_SIZE                            
00008810  __TI_CINIT_Base                         
00008818  __TI_CINIT_Limit                        
00008808  __TI_Handler_Table_Base                 
00008810  __TI_Handler_Table_Limit                
UNDEFED   __TI_INITARRAY_Base                     
UNDEFED   __TI_INITARRAY_Limit                    
0000874e  __TI_ISR_TRAP                           
00012b4e  __TI_decompress_none                    
00012bfc  __TI_decompress_rle24                   
00010eea  __TI_frcaddd                            
00010000  __TI_frcdivd                            
00010452  __TI_frcmpyd                            
0000ffc6  __TI_int35                              
0000ffc8  __TI_int36                              
0000ffca  __TI_int37                              
0000ffcc  __TI_int38                              
0000ffce  __TI_int39                              
0000ffd0  __TI_int40                              
0000ffd2  __TI_int41                              
0000ffd4  __TI_int42                              
0000ffd6  __TI_int43                              
0000ffd8  __TI_int44                              
0000ffda  __TI_int45                              
0000ffdc  __TI_int46                              
0000ffde  __TI_int47                              
0000ffe0  __TI_int48                              
0000ffe2  __TI_int49                              
0000ffe4  __TI_int50                              
0000ffe6  __TI_int51                              
0000ffe8  __TI_int52                              
0000ffea  __TI_int53                              
0000ffec  __TI_int54                              
0000ffee  __TI_int55                              
0000fff0  __TI_int56                              
0000fff2  __TI_int57                              
0000fff4  __TI_int58                              
0000fff6  __TI_int59                              
0000fff8  __TI_int60                              
0000fffa  __TI_int61                              
0000fffc  __TI_int62                              
00011bae  __TI_printfi_minimal                    
00011e04  __TI_renormd                            
ffffffff  __binit__                               
ffffffff  __c_args__                              
00010736  __mspabi_addd                           
000117ae  __mspabi_addf                           
00011ad6  __mspabi_cmpd                           
0001256c  __mspabi_cmpf                           
0001209c  __mspabi_cvtdf                          
0001236e  __mspabi_cvtfd                          
0001113c  __mspabi_divd                           
0001200e  __mspabi_divf                           
00012ae6  __mspabi_divu                           
00012648  __mspabi_fixfu                          
00012880  __mspabi_fltif                          
000125b6  __mspabi_fltlif                         
00012bf6  __mspabi_fltud                          
0001296c  __mspabi_fltuf                          
00012224  __mspabi_fltuld                         
00010a0e  __mspabi_mpyd                           
00011d4e  __mspabi_mpyf                           
00012afc  __mspabi_mpyi_f5hw                      
00012990  __mspabi_mpyl_f5hw                      
00012bda  __mspabi_negf                           
00012ae6  __mspabi_remu                           
00012be4  __mspabi_slli                           
00012b94  __mspabi_slll                           
000127c4  __mspabi_slll_1                         
000127a0  __mspabi_slll_10                        
0001279c  __mspabi_slll_11                        
00012798  __mspabi_slll_12                        
00012794  __mspabi_slll_13                        
00012790  __mspabi_slll_14                        
0001278c  __mspabi_slll_15                        
000127c0  __mspabi_slll_2                         
000127bc  __mspabi_slll_3                         
000127b8  __mspabi_slll_4                         
000127b4  __mspabi_slll_5                         
000127b0  __mspabi_slll_6                         
000127ac  __mspabi_slll_7                         
000127a8  __mspabi_slll_8                         
000127a4  __mspabi_slll_9                         
00012b84  __mspabi_sral                           
00012786  __mspabi_sral_1                         
00012762  __mspabi_sral_10                        
0001275e  __mspabi_sral_11                        
0001275a  __mspabi_sral_12                        
00012756  __mspabi_sral_13                        
00012752  __mspabi_sral_14                        
0001274e  __mspabi_sral_15                        
00012782  __mspabi_sral_2                         
0001277e  __mspabi_sral_3                         
0001277a  __mspabi_sral_4                         
00012776  __mspabi_sral_5                         
00012772  __mspabi_sral_6                         
0001276e  __mspabi_sral_7                         
0001276a  __mspabi_sral_8                         
00012766  __mspabi_sral_9                         
00012ba4  __mspabi_srll                           
00012802  __mspabi_srll_1                         
000127de  __mspabi_srll_10                        
000127da  __mspabi_srll_11                        
000127d6  __mspabi_srll_12                        
000127d2  __mspabi_srll_13                        
000127ce  __mspabi_srll_14                        
000127ca  __mspabi_srll_15                        
000127fe  __mspabi_srll_2                         
000127fa  __mspabi_srll_3                         
000127f6  __mspabi_srll_4                         
000127f2  __mspabi_srll_5                         
000127ee  __mspabi_srll_6                         
000127ea  __mspabi_srll_7                         
000127e6  __mspabi_srll_8                         
000127e2  __mspabi_srll_9                         
000128b6  __mspabi_subd                           
000117a8  __mspabi_subf                           
0001229a  _auto_init_hold_wdt                     
00008734  _c_int00_noargs_noexit                  
0000fffe  _reset_vector                           
00006360  _stack                                  
00012c02  _system_pre_init                        
00012c06  abort                                   
0000249c  adc0                                    
0000249e  adc1                                    
000024ac  adc10                                   
000024ae  adc12                                   
000024b0  adc13                                   
000024b2  adc14                                   
000024b4  adc15                                   
000024a0  adc2                                    
000024a2  adc3                                    
000024a4  adc4                                    
000024a6  adc5                                    
000024a8  adc6                                    
000024aa  adc7                                    
00012128  adc_config                              
00011c80  adc_read                                
ffffffff  binit                                   
00012844  clock_config                            
00011f68  config_ADS1248                          
000119f0  config_DS2775                           
00012710  config_msp430                           
000128e8  crc8                                    
00002490  duty_cycle                              
000114ee  energyLevelAlgorithm                    
000121aa  float_send                              
00012aa0  inp                                     
000129f2  main                                    
00012a32  memccpy                                 
00012b26  memcpy                                  
00012ad0  memset                                  
000118d8  mppt_algorithm                          
000024b6  msp_ts                                  
000024c0  negative_x_panel_current_mean           
000024ca  negative_x_positive_z_panel_voltage_mean
000024bc  negative_y_panel_current_mean           
000024c8  negative_y_positive_x_panel_voltage_mean
000024c4  negative_z_panel_current_mean           
000024cc  negative_z_positive_y_panel_voltage_mean
00012b3a  outp                                    
00008754  parameters                              
00012b60  port_mapping                            
000024be  positive_x_panel_current_mean           
000024c6  positive_y_panel_current_mean           
000024c2  positive_z_panel_current_mean           
0001135e  read_ADS1248                            
00012916  spi_config                              
00012bc2  spi_read                                
00012b72  spi_send                                
0001268e  sprintf                                 
00012bb4  strlen                                  
00002494  t                                       
000024b8  temp_1                                  
00002498  temperature                             
00008000  timer0_a0_isr                           
00008484  timer2_a0_isr                           
00011eb6  timer_config                            
00012482  uart_config                             
00012bce  uart_tx_beacon                          
00012a50  uart_tx_debug                           
00012bee  watchdog_config                         
00012a12  watchdog_reset_counter                  


GLOBAL SYMBOLS: SORTED BY Symbol Address 

address   name                                    
-------   ----                                    
000000a0  __STACK_SIZE                            
00000100  SFRIE1                                  
00000100  SFRIE1_L                                
00000101  SFRIE1_H                                
00000102  SFRIFG1                                 
00000102  SFRIFG1_L                               
00000103  SFRIFG1_H                               
00000104  SFRRPCR                                 
00000104  SFRRPCR_L                               
00000105  SFRRPCR_H                               
00000120  PMMCTL0                                 
00000120  PMMCTL0_L                               
00000121  PMMCTL0_H                               
00000122  PMMCTL1                                 
00000122  PMMCTL1_L                               
00000123  PMMCTL1_H                               
00000124  SVSMHCTL                                
00000124  SVSMHCTL_L                              
00000125  SVSMHCTL_H                              
00000126  SVSMLCTL                                
00000126  SVSMLCTL_L                              
00000127  SVSMLCTL_H                              
00000128  SVSMIO                                  
[...]
00000913  USBPLLDIVB_H                            
00000914  USBPLLIR                                
00000914  USBPLLIR_L                              
00000915  USBPLLIR_H                              
00000920  USBIEPCNF_0                             
00000921  USBIEPCNT_0                             
00000922  USBOEPCNF_0                             
00000923  USBOEPCNT_0                             
0000092e  USBIEPIE                                
0000092f  USBOEPIE                                
00000930  USBIEPIFG                               
00000931  USBOEPIFG                               
00000932  USBVECINT                               
00000932  USBVECINT_L                             
00000933  USBVECINT_H                             
00000936  USBMAINT                                
00000936  USBMAINT_L                              
00000937  USBMAINT_H                              
00000938  USBTSREG                                
00000938  USBTSREG_L                              
00000939  USBTSREG_H                              
0000093a  USBFN                                   
0000093a  USBFN_L                                 
0000093b  USBFN_H                                 
0000093c  USBCTL                                  
0000093d  USBIE                                   
0000093e  USBIFG                                  
0000093f  USBFUNADR                               
00000a00  LCDBCTL0                                
00000a00  LCDBCTL0_L                              
00000a01  LCDBCTL0_H                              
00000a02  LCDBCTL1                                
00000a02  LCDBCTL1_L                              
00000a03  LCDBCTL1_H                              
00000a04  LCDBBLKCTL                              
00000a04  LCDBBLKCTL_L                            
00000a05  LCDBBLKCTL_H                            
00000a06  LCDBMEMCTL                              
00000a06  LCDBMEMCTL_L                            
00000a07  LCDBMEMCTL_H                            
00000a08  LCDBVCTL                                
00000a08  LCDBVCTL_L                              
00000a09  LCDBVCTL_H                              
00000a0a  LCDBPCTL0                               
00000a0a  LCDBPCTL0_L                             
00000a0b  LCDBPCTL0_H                             
00000a0c  LCDBPCTL1                               
00000a0c  LCDBPCTL1_L                             
00000a0d  LCDBPCTL1_H                             
00000a0e  LCDBPCTL2                               
00000a0e  LCDBPCTL2_L                             
00000a0f  LCDBPCTL2_H                             
00000a10  LCDBPCTL3                               
00000a10  LCDBPCTL3_L                             
00000a11  LCDBPCTL3_H                             
00000a12  LCDBCPCTL                               
00000a12  LCDBCPCTL_L                             
00000a13  LCDBCPCTL_H                             
00000a1e  LCDBIV                                  
00000a20  LCDM1                                   
00000a21  LCDM2                                   
00000a22  LCDM3                                   
00000a23  LCDM4                                   
00000a24  LCDM5                                   
00000a25  LCDM6                                   
00000a26  LCDM7                                   
00000a27  LCDM8                                   
00000a28  LCDM9                                   
00000a29  LCDM10                                  
00000a2a  LCDM11                                  
00000a2b  LCDM12                                  
00000a2c  LCDM13                                  
00000a2d  LCDM14                                  
00000a2e  LCDM15                                  
00000a2f  LCDM16                                  
00000a30  LCDM17                                  
00000a31  LCDM18                                  
00000a32  LCDM19                                  
00000a33  LCDM20                                  
00000a34  LCDM21                                  
00000a35  LCDM22                                  
00000a36  LCDM23                                  
00000a37  LCDM24                                  
00000a40  LCDBM1                                  
00000a41  LCDBM2                                  
00000a42  LCDBM3                                  
00000a43  LCDBM4                                  
00000a44  LCDBM5                                  
00000a45  LCDBM6                                  
00000a46  LCDBM7                                  
00000a47  LCDBM8                                  
00000a48  LCDBM9                                  
00000a49  LCDBM10                                 
00000a4a  LCDBM11                                 
00000a4b  LCDBM12                                 
00000a4c  LCDBM13                                 
00000a4d  LCDBM14                                 
00000a4e  LCDBM15                                 
00000a4f  LCDBM16                                 
00000a50  LCDBM17                                 
00000a51  LCDBM18                                 
00000a52  LCDBM19                                 
00000a53  LCDBM20                                 
00000a54  LCDBM21                                 
00000a55  LCDBM22                                 
00000a56  LCDBM23                                 
00000a57  LCDBM24                                 
00001c00  USBSTABUFF                              
0000236f  USBTOPBUFF                              
00002370  USBOEP0BUF                              
00002378  USBIEP0BUF                              
00002380  USBSUBLK                                
00002388  USBOEPCNF_1                             
00002389  USBOEPBBAX_1                            
0000238a  USBOEPBCTX_1                            
0000238d  USBOEPBBAY_1                            
0000238e  USBOEPBCTY_1                            
0000238f  USBOEPSIZXY_1                           
00002390  USBOEPCNF_2                             
00002391  USBOEPBBAX_2                            
00002392  USBOEPBCTX_2                            
00002395  USBOEPBBAY_2                            
00002396  USBOEPBCTY_2                            
00002397  USBOEPSIZXY_2                           
00002398  USBOEPCNF_3                             
00002399  USBOEPBBAX_3                            
0000239a  USBOEPBCTX_3                            
0000239d  USBOEPBBAY_3                            
0000239e  USBOEPBCTY_3                            
0000239f  USBOEPSIZXY_3                           
000023a0  USBOEPCNF_4                             
000023a1  USBOEPBBAX_4                            
000023a2  USBOEPBCTX_4                            
000023a5  USBOEPBBAY_4                            
000023a6  USBOEPBCTY_4                            
000023a7  USBOEPSIZXY_4                           
000023a8  USBOEPCNF_5                             
000023a9  USBOEPBBAX_5                            
000023aa  USBOEPBCTX_5                            
000023ad  USBOEPBBAY_5                            
000023ae  USBOEPBCTY_5                            
000023af  USBOEPSIZXY_5                           
000023b0  USBOEPCNF_6                             
000023b1  USBOEPBBAX_6                            
000023b2  USBOEPBCTX_6                            
000023b5  USBOEPBBAY_6                            
000023b6  USBOEPBCTY_6                            
000023b7  USBOEPSIZXY_6                           
000023b8  USBOEPCNF_7                             
000023b9  USBOEPBBAX_7                            
000023ba  USBOEPBCTX_7                            
000023bd  USBOEPBBAY_7                            
000023be  USBOEPBCTY_7                            
000023bf  USBOEPSIZXY_7                           
000023c8  USBIEPCNF_1                             
000023c9  USBIEPBBAX_1                            
000023ca  USBIEPBCTX_1                            
000023cd  USBIEPBBAY_1                            
000023ce  USBIEPBCTY_1                            
000023cf  USBIEPSIZXY_1                           
000023d0  USBIEPCNF_2                             
000023d1  USBIEPBBAX_2                            
000023d2  USBIEPBCTX_2                            
000023d5  USBIEPBBAY_2                            
000023d6  USBIEPBCTY_2                            
000023d7  USBIEPSIZXY_2                           
000023d8  USBIEPCNF_3                             
000023d9  USBIEPBBAX_3                            
000023da  USBIEPBCTX_3                            
000023dd  USBIEPBBAY_3                            
000023de  USBIEPBCTY_3                            
000023df  USBIEPSIZXY_3                           
000023e0  USBIEPCNF_4                             
000023e1  USBIEPBBAX_4                            
000023e2  USBIEPBCTX_4                            
000023e5  USBIEPBBAY_4                            
000023e6  USBIEPBCTY_4                            
000023e7  USBIEPSIZXY_4                           
000023e8  USBIEPCNF_5                             
000023e9  USBIEPBBAX_5                            
000023ea  USBIEPBCTX_5                            
000023ed  USBIEPBBAY_5                            
000023ee  USBIEPBCTY_5                            
000023ef  USBIEPSIZXY_5                           
000023f0  USBIEPCNF_6                             
000023f1  USBIEPBBAX_6                            
000023f2  USBIEPBCTX_6                            
000023f5  USBIEPBBAY_6                            
000023f6  USBIEPBCTY_6                            
000023f7  USBIEPSIZXY_6                           
000023f8  USBIEPCNF_7                             
000023f9  USBIEPBBAX_7                            
000023fa  USBIEPBCTX_7                            
000023fd  USBIEPBBAY_7                            
000023fe  USBIEPBCTY_7                            
000023ff  USBIEPSIZXY_7                           
00002400  EPS_data2                               
00002448  EPS_data                                
00002490  duty_cycle                              
00002494  t                                       
00002498  temperature                             
0000249c  adc0                                    
0000249e  adc1                                    
000024a0  adc2                                    
000024a2  adc3                                    
000024a4  adc4                                    
000024a6  adc5                                    
000024a8  adc6                                    
000024aa  adc7                                    
000024ac  adc10                                   
000024ae  adc12                                   
000024b0  adc13                                   
000024b2  adc14                                   
000024b4  adc15                                   
000024b6  msp_ts                                  
000024b8  temp_1                                  
000024bc  negative_y_panel_current_mean           
000024be  positive_x_panel_current_mean           
000024c0  negative_x_panel_current_mean           
000024c2  positive_z_panel_current_mean           
000024c4  negative_z_panel_current_mean           
000024c6  positive_y_panel_current_mean           
000024c8  negative_y_positive_x_panel_voltage_mean
000024ca  negative_x_positive_z_panel_voltage_mean
000024cc  negative_z_positive_y_panel_voltage_mean
00006360  _stack                                  
00006400  __STACK_END                             
00008000  timer0_a0_isr                           
00008484  timer2_a0_isr                           
000086c6  USCI_B2_ISR                             
00008734  _c_int00_noargs_noexit                  
0000874e  __TI_ISR_TRAP                           
00008754  parameters                              
00008808  __TI_Handler_Table_Base                 
00008810  __TI_CINIT_Base                         
00008810  __TI_Handler_Table_Limit                
00008818  __TI_CINIT_Limit                        
0000ffc6  __TI_int35                              
0000ffc8  __TI_int36                              
0000ffca  __TI_int37                              
0000ffcc  __TI_int38                              
0000ffce  __TI_int39                              
0000ffd0  __TI_int40                              
0000ffd2  __TI_int41                              
0000ffd4  __TI_int42                              
0000ffd6  __TI_int43                              
0000ffd8  __TI_int44                              
0000ffda  __TI_int45                              
0000ffdc  __TI_int46                              
0000ffde  __TI_int47                              
0000ffe0  __TI_int48                              
0000ffe2  __TI_int49                              
0000ffe4  __TI_int50                              
0000ffe6  __TI_int51                              
0000ffe8  __TI_int52                              
0000ffea  __TI_int53                              
0000ffec  __TI_int54                              
0000ffee  __TI_int55                              
0000fff0  __TI_int56                              
0000fff2  __TI_int57                              
0000fff4  __TI_int58                              
0000fff6  __TI_int59                              
0000fff8  __TI_int60                              
0000fffa  __TI_int61                              
0000fffc  __TI_int62                              
0000fffe  _reset_vector                           
00010000  __TI_frcdivd                            
00010452  __TI_frcmpyd                            
00010736  __mspabi_addd                           
00010a0e  __mspabi_mpyd                           
00010c90  Pid_Control                             
00010eea  __TI_frcaddd                            
0001113c  __mspabi_divd                           
0001135e  read_ADS1248                            
000114ee  energyLevelAlgorithm                    
000117a8  __mspabi_subf                           
000117ae  __mspabi_addf                           
000118d8  mppt_algorithm                          
000119f0  config_DS2775                           
00011ad6  __mspabi_cmpd                           
00011bae  __TI_printfi_minimal                    
00011c80  adc_read                                
00011d4e  __mspabi_mpyf                           
00011e04  __TI_renormd                            
00011eb6  timer_config                            
00011f68  config_ADS1248                          
0001200e  __mspabi_divf                           
0001209c  __mspabi_cvtdf                          
00012128  adc_config                              
000121aa  float_send                              
00012224  __mspabi_fltuld                         
0001229a  _auto_init_hold_wdt                     
0001236e  __mspabi_cvtfd                          
0001242c  OneWireWrite                            
00012482  uart_config                             
00012522  OneWireReset                            
0001256c  __mspabi_cmpf                           
000125b6  __mspabi_fltlif                         
00012648  __mspabi_fixfu                          
0001268e  sprintf                                 
00012710  config_msp430                           
0001274e  __mspabi_sral_15                        
00012752  __mspabi_sral_14                        
00012756  __mspabi_sral_13                        
0001275a  __mspabi_sral_12                        
0001275e  __mspabi_sral_11                        
00012762  __mspabi_sral_10                        
00012766  __mspabi_sral_9                         
0001276a  __mspabi_sral_8                         
0001276e  __mspabi_sral_7                         
00012772  __mspabi_sral_6                         
00012776  __mspabi_sral_5                         
0001277a  __mspabi_sral_4                         
0001277e  __mspabi_sral_3                         
00012782  __mspabi_sral_2                         
00012786  __mspabi_sral_1                         
0001278c  __mspabi_slll_15                        
00012790  __mspabi_slll_14                        
00012794  __mspabi_slll_13                        
00012798  __mspabi_slll_12                        
0001279c  __mspabi_slll_11                        
000127a0  __mspabi_slll_10                        
000127a4  __mspabi_slll_9                         
000127a8  __mspabi_slll_8                         
000127ac  __mspabi_slll_7                         
000127b0  __mspabi_slll_6                         
000127b4  __mspabi_slll_5                         
000127b8  __mspabi_slll_4                         
000127bc  __mspabi_slll_3                         
000127c0  __mspabi_slll_2                         
000127c4  __mspabi_slll_1                         
000127ca  __mspabi_srll_15                        
000127ce  __mspabi_srll_14                        
000127d2  __mspabi_srll_13                        
000127d6  __mspabi_srll_12                        
000127da  __mspabi_srll_11                        
000127de  __mspabi_srll_10                        
000127e2  __mspabi_srll_9                         
000127e6  __mspabi_srll_8                         
000127ea  __mspabi_srll_7                         
000127ee  __mspabi_srll_6                         
000127f2  __mspabi_srll_5                         
000127f6  __mspabi_srll_4                         
000127fa  __mspabi_srll_3                         
000127fe  __mspabi_srll_2                         
00012802  __mspabi_srll_1                         
00012808  OneWireReadBit                          
00012844  clock_config                            
00012880  __mspabi_fltif                          
000128b6  __mspabi_subd                           
000128e8  crc8                                    
00012916  spi_config                              
00012944  I2C_config                              
0001296c  __mspabi_fltuf                          
00012990  __mspabi_mpyl_f5hw                      
000129b2  DS2775_read_register                    
000129f2  main                                    
00012a12  watchdog_reset_counter                  
00012a32  memccpy                                 
00012a50  uart_tx_debug                           
00012a6c  OWReadByte                              
00012aa0  inp                                     
00012aba  OWWriteByte                             
00012ad0  memset                                  
00012ae6  __mspabi_divu                           
00012ae6  __mspabi_remu                           
00012afc  __mspabi_mpyi_f5hw                      
00012b26  memcpy                                  
00012b3a  outp                                    
00012b4e  __TI_decompress_none                    
00012b60  port_mapping                            
00012b72  spi_send                                
00012b84  __mspabi_sral                           
00012b94  __mspabi_slll                           
00012ba4  __mspabi_srll                           
00012bb4  strlen                                  
00012bc2  spi_read                                
00012bce  uart_tx_beacon                          
00012bda  __mspabi_negf                           
00012be4  __mspabi_slli                           
00012bee  watchdog_config                         
00012bf6  __mspabi_fltud                          
00012bfc  __TI_decompress_rle24                   
00012c02  _system_pre_init                        
00012c06  C$$EXIT                                 
00012c06  abort                                   
ffffffff  __binit__                               
ffffffff  __c_args__                              
ffffffff  binit                                   
UNDEFED   __TI_INITARRAY_Base                     
UNDEFED   __TI_INITARRAY_Limit                    

[1150 symbols]
