<?xml version="1.0"?>
<link_info>
   <banner>MSP430 Linker Unix v16.6.0.STS</banner>
   <copyright>Copyright (c) 2003-2015 Texas Instruments Incorporated</copyright>
   <link_time>0x59ef6966</link_time>
   <link_errors>0x0</link_errors>
   <output_file>fsat_eps.out</output_file>
   <entry_point>
      <name>_c_int00_noargs_noexit</name>
      <address>0x878c</address>
   </entry_point>
   <input_file_list>
      <input_file id="fl-2">
         <path>./</path>
         <kind>object</kind>
         <file>ADC.obj</file>
         <name>ADC.obj</name>
      </input_file>
      <input_file id="fl-3">
         <path>./</path>
         <kind>object</kind>
         <file>ADS1248.obj</file>
         <name>ADS1248.obj</name>
      </input_file>
      <input_file id="fl-4">
         <path>./</path>
         <kind>object</kind>
         <file>I2C.obj</file>
         <name>I2C.obj</name>
      </input_file>
      <input_file id="fl-5">
         <path>./</path>
         <kind>object</kind>
         <file>SPI.obj</file>
         <name>SPI.obj</name>
      </input_file>
      <input_file id="fl-6">
         <path>./</path>
         <kind>object</kind>
         <file>clock.obj</file>
         <name>clock.obj</name>
      </input_file>
      <input_file id="fl-7">
         <path>./</path>
         <kind>object</kind>
         <file>crc.obj</file>
         <name>crc.obj</name>
      </input_file>
      <input_file id="fl-8">
         <path>./</path>
         <kind>object</kind>
         <file>energy_level_algorithm.obj</file>
         <name>energy_level_algorithm.obj</name>
      </input_file>
      <input_file id="fl-9">
         <path>./</path>
         <kind>object</kind>
         <file>main.obj</file>
         <name>main.obj</name>
      </input_file>
      <input_file id="fl-a">
         <path>./</path>
         <kind>object</kind>
         <file>misc.obj</file>
         <name>misc.obj</name>
      </input_file>
      <input_file id="fl-b">
         <path>./</path>
         <kind>object</kind>
         <file>mppt.obj</file>
         <name>mppt.obj</name>
      </input_file>
      <input_file id="fl-c">
         <path>./</path>
         <kind>object</kind>
         <file>onewire.obj</file>
         <name>onewire.obj</name>
      </input_file>
      <input_file id="fl-d">
         <path>./</path>
         <kind>object</kind>
         <file>pid.obj</file>
         <name>pid.obj</name>
      </input_file>
      <input_file id="fl-e">
         <path>./</path>
         <kind>object</kind>
         <file>timer.obj</file>
         <name>timer.obj</name>
      </input_file>
      <input_file id="fl-f">
         <path>./</path>
         <kind>object</kind>
         <file>uart.obj</file>
         <name>uart.obj</name>
      </input_file>
      <input_file id="fl-10">
         <path>./</path>
         <kind>object</kind>
         <file>watchdog.obj</file>
         <name>watchdog.obj</name>
      </input_file>
      <input_file id="fl-2c">
         <path>/home/fsat-integration/ti/ccsv7/tools/compiler/ti-cgt-msp430_16.6.0.STS/lib/</path>
         <kind>archive</kind>
         <file>rts430x_lc_rd_eabi.lib</file>
         <name>addd.obj</name>
      </input_file>
      <input_file id="fl-2d">
         <path>/home/fsat-integration/ti/ccsv7/tools/compiler/ti-cgt-msp430_16.6.0.STS/lib/</path>
         <kind>archive</kind>
         <file>rts430x_lc_rd_eabi.lib</file>
         <name>boot.obj</name>
      </input_file>
      <input_file id="fl-2e">
         <path>/home/fsat-integration/ti/ccsv7/tools/compiler/ti-cgt-msp430_16.6.0.STS/lib/</path>
         <kind>archive</kind>
         <file>rts430x_lc_rd_eabi.lib</file>
         <name>boot_special.obj</name>
      </input_file>
      <input_file id="fl-2f">
         <path>/home/fsat-integration/ti/ccsv7/tools/compiler/ti-cgt-msp430_16.6.0.STS/lib/</path>
         <kind>archive</kind>
         <file>rts430x_lc_rd_eabi.lib</file>
         <name>cmpd.obj</name>
      </input_file>
      <input_file id="fl-30">
         <path>/home/fsat-integration/ti/ccsv7/tools/compiler/ti-cgt-msp430_16.6.0.STS/lib/</path>
         <kind>archive</kind>
         <file>rts430x_lc_rd_eabi.lib</file>
         <name>copy_decompress_lzss.obj</name>
      </input_file>
      <input_file id="fl-31">
         <path>/home/fsat-integration/ti/ccsv7/tools/compiler/ti-cgt-msp430_16.6.0.STS/lib/</path>
         <kind>archive</kind>
         <file>rts430x_lc_rd_eabi.lib</file>
         <name>copy_decompress_none.obj</name>
      </input_file>
      <input_file id="fl-32">
         <path>/home/fsat-integration/ti/ccsv7/tools/compiler/ti-cgt-msp430_16.6.0.STS/lib/</path>
         <kind>archive</kind>
         <file>rts430x_lc_rd_eabi.lib</file>
         <name>copy_zero_init.obj</name>
      </input_file>
      <input_file id="fl-33">
         <path>/home/fsat-integration/ti/ccsv7/tools/compiler/ti-cgt-msp430_16.6.0.STS/lib/</path>
         <kind>archive</kind>
         <file>rts430x_lc_rd_eabi.lib</file>
         <name>cvtdf.obj</name>
      </input_file>
      <input_file id="fl-34">
         <path>/home/fsat-integration/ti/ccsv7/tools/compiler/ti-cgt-msp430_16.6.0.STS/lib/</path>
         <kind>archive</kind>
         <file>rts430x_lc_rd_eabi.lib</file>
         <name>cvtfd.obj</name>
      </input_file>
      <input_file id="fl-35">
         <path>/home/fsat-integration/ti/ccsv7/tools/compiler/ti-cgt-msp430_16.6.0.STS/lib/</path>
         <kind>archive</kind>
         <file>rts430x_lc_rd_eabi.lib</file>
         <name>div16u.obj</name>
      </input_file>
      <input_file id="fl-36">
         <path>/home/fsat-integration/ti/ccsv7/tools/compiler/ti-cgt-msp430_16.6.0.STS/lib/</path>
         <kind>archive</kind>
         <file>rts430x_lc_rd_eabi.lib</file>
         <name>divd.obj</name>
      </input_file>
      <input_file id="fl-37">
         <path>/home/fsat-integration/ti/ccsv7/tools/compiler/ti-cgt-msp430_16.6.0.STS/lib/</path>
         <kind>archive</kind>
         <file>rts430x_lc_rd_eabi.lib</file>
         <name>exit.obj</name>
      </input_file>
      <input_file id="fl-38">
         <path>/home/fsat-integration/ti/ccsv7/tools/compiler/ti-cgt-msp430_16.6.0.STS/lib/</path>
         <kind>archive</kind>
         <file>rts430x_lc_rd_eabi.lib</file>
         <name>exit_gvars.obj</name>
      </input_file>
      <input_file id="fl-39">
         <path>/home/fsat-integration/ti/ccsv7/tools/compiler/ti-cgt-msp430_16.6.0.STS/lib/</path>
         <kind>archive</kind>
         <file>rts430x_lc_rd_eabi.lib</file>
         <name>fltud.obj</name>
      </input_file>
      <input_file id="fl-3a">
         <path>/home/fsat-integration/ti/ccsv7/tools/compiler/ti-cgt-msp430_16.6.0.STS/lib/</path>
         <kind>archive</kind>
         <file>rts430x_lc_rd_eabi.lib</file>
         <name>fltuld.obj</name>
      </input_file>
      <input_file id="fl-3b">
         <path>/home/fsat-integration/ti/ccsv7/tools/compiler/ti-cgt-msp430_16.6.0.STS/lib/</path>
         <kind>archive</kind>
         <file>rts430x_lc_rd_eabi.lib</file>
         <name>frcaddd.obj</name>
      </input_file>
      <input_file id="fl-3c">
         <path>/home/fsat-integration/ti/ccsv7/tools/compiler/ti-cgt-msp430_16.6.0.STS/lib/</path>
         <kind>archive</kind>
         <file>rts430x_lc_rd_eabi.lib</file>
         <name>frcdivd.obj</name>
      </input_file>
      <input_file id="fl-3d">
         <path>/home/fsat-integration/ti/ccsv7/tools/compiler/ti-cgt-msp430_16.6.0.STS/lib/</path>
         <kind>archive</kind>
         <file>rts430x_lc_rd_eabi.lib</file>
         <name>fs_add.obj</name>
      </input_file>
      <input_file id="fl-3e">
         <path>/home/fsat-integration/ti/ccsv7/tools/compiler/ti-cgt-msp430_16.6.0.STS/lib/</path>
         <kind>archive</kind>
         <file>rts430x_lc_rd_eabi.lib</file>
         <name>fs_cmp.obj</name>
      </input_file>
      <input_file id="fl-3f">
         <path>/home/fsat-integration/ti/ccsv7/tools/compiler/ti-cgt-msp430_16.6.0.STS/lib/</path>
         <kind>archive</kind>
         <file>rts430x_lc_rd_eabi.lib</file>
         <name>fs_div.obj</name>
      </input_file>
      <input_file id="fl-40">
         <path>/home/fsat-integration/ti/ccsv7/tools/compiler/ti-cgt-msp430_16.6.0.STS/lib/</path>
         <kind>archive</kind>
         <file>rts430x_lc_rd_eabi.lib</file>
         <name>fs_itof.obj</name>
      </input_file>
      <input_file id="fl-41">
         <path>/home/fsat-integration/ti/ccsv7/tools/compiler/ti-cgt-msp430_16.6.0.STS/lib/</path>
         <kind>archive</kind>
         <file>rts430x_lc_rd_eabi.lib</file>
         <name>fs_ltof.obj</name>
      </input_file>
      <input_file id="fl-42">
         <path>/home/fsat-integration/ti/ccsv7/tools/compiler/ti-cgt-msp430_16.6.0.STS/lib/</path>
         <kind>archive</kind>
         <file>rts430x_lc_rd_eabi.lib</file>
         <name>fs_mpy.obj</name>
      </input_file>
      <input_file id="fl-43">
         <path>/home/fsat-integration/ti/ccsv7/tools/compiler/ti-cgt-msp430_16.6.0.STS/lib/</path>
         <kind>archive</kind>
         <file>rts430x_lc_rd_eabi.lib</file>
         <name>fs_neg.obj</name>
      </input_file>
      <input_file id="fl-44">
         <path>/home/fsat-integration/ti/ccsv7/tools/compiler/ti-cgt-msp430_16.6.0.STS/lib/</path>
         <kind>archive</kind>
         <file>rts430x_lc_rd_eabi.lib</file>
         <name>fs_tou.obj</name>
      </input_file>
      <input_file id="fl-45">
         <path>/home/fsat-integration/ti/ccsv7/tools/compiler/ti-cgt-msp430_16.6.0.STS/lib/</path>
         <kind>archive</kind>
         <file>rts430x_lc_rd_eabi.lib</file>
         <name>fs_utof.obj</name>
      </input_file>
      <input_file id="fl-46">
         <path>/home/fsat-integration/ti/ccsv7/tools/compiler/ti-cgt-msp430_16.6.0.STS/lib/</path>
         <kind>archive</kind>
         <file>rts430x_lc_rd_eabi.lib</file>
         <name>int36.obj</name>
      </input_file>
      <input_file id="fl-47">
         <path>/home/fsat-integration/ti/ccsv7/tools/compiler/ti-cgt-msp430_16.6.0.STS/lib/</path>
         <kind>archive</kind>
         <file>rts430x_lc_rd_eabi.lib</file>
         <name>int37.obj</name>
      </input_file>
      <input_file id="fl-48">
         <path>/home/fsat-integration/ti/ccsv7/tools/compiler/ti-cgt-msp430_16.6.0.STS/lib/</path>
         <kind>archive</kind>
         <file>rts430x_lc_rd_eabi.lib</file>
         <name>int38.obj</name>
      </input_file>
      <input_file id="fl-49">
         <path>/home/fsat-integration/ti/ccsv7/tools/compiler/ti-cgt-msp430_16.6.0.STS/lib/</path>
         <kind>archive</kind>
         <file>rts430x_lc_rd_eabi.lib</file>
         <name>int39.obj</name>
      </input_file>
      <input_file id="fl-4a">
         <path>/home/fsat-integration/ti/ccsv7/tools/compiler/ti-cgt-msp430_16.6.0.STS/lib/</path>
         <kind>archive</kind>
         <file>rts430x_lc_rd_eabi.lib</file>
         <name>int41.obj</name>
      </input_file>
      <input_file id="fl-4b">
         <path>/home/fsat-integration/ti/ccsv7/tools/compiler/ti-cgt-msp430_16.6.0.STS/lib/</path>
         <kind>archive</kind>
         <file>rts430x_lc_rd_eabi.lib</file>
         <name>int42.obj</name>
      </input_file>
      <input_file id="fl-4c">
         <path>/home/fsat-integration/ti/ccsv7/tools/compiler/ti-cgt-msp430_16.6.0.STS/lib/</path>
         <kind>archive</kind>
         <file>rts430x_lc_rd_eabi.lib</file>
         <name>int43.obj</name>
      </input_file>
      <input_file id="fl-4d">
         <path>/home/fsat-integration/ti/ccsv7/tools/compiler/ti-cgt-msp430_16.6.0.STS/lib/</path>
         <kind>archive</kind>
         <file>rts430x_lc_rd_eabi.lib</file>
         <name>int44.obj</name>
      </input_file>
      <input_file id="fl-4e">
         <path>/home/fsat-integration/ti/ccsv7/tools/compiler/ti-cgt-msp430_16.6.0.STS/lib/</path>
         <kind>archive</kind>
         <file>rts430x_lc_rd_eabi.lib</file>
         <name>int45.obj</name>
      </input_file>
      <input_file id="fl-4f">
         <path>/home/fsat-integration/ti/ccsv7/tools/compiler/ti-cgt-msp430_16.6.0.STS/lib/</path>
         <kind>archive</kind>
         <file>rts430x_lc_rd_eabi.lib</file>
         <name>int46.obj</name>
      </input_file>
      <input_file id="fl-50">
         <path>/home/fsat-integration/ti/ccsv7/tools/compiler/ti-cgt-msp430_16.6.0.STS/lib/</path>
         <kind>archive</kind>
         <file>rts430x_lc_rd_eabi.lib</file>
         <name>int47.obj</name>
      </input_file>
      <input_file id="fl-51">
         <path>/home/fsat-integration/ti/ccsv7/tools/compiler/ti-cgt-msp430_16.6.0.STS/lib/</path>
         <kind>archive</kind>
         <file>rts430x_lc_rd_eabi.lib</file>
         <name>int48.obj</name>
      </input_file>
      <input_file id="fl-52">
         <path>/home/fsat-integration/ti/ccsv7/tools/compiler/ti-cgt-msp430_16.6.0.STS/lib/</path>
         <kind>archive</kind>
         <file>rts430x_lc_rd_eabi.lib</file>
         <name>int49.obj</name>
      </input_file>
      <input_file id="fl-53">
         <path>/home/fsat-integration/ti/ccsv7/tools/compiler/ti-cgt-msp430_16.6.0.STS/lib/</path>
         <kind>archive</kind>
         <file>rts430x_lc_rd_eabi.lib</file>
         <name>int50.obj</name>
      </input_file>
      <input_file id="fl-54">
         <path>/home/fsat-integration/ti/ccsv7/tools/compiler/ti-cgt-msp430_16.6.0.STS/lib/</path>
         <kind>archive</kind>
         <file>rts430x_lc_rd_eabi.lib</file>
         <name>int51.obj</name>
      </input_file>
      <input_file id="fl-55">
         <path>/home/fsat-integration/ti/ccsv7/tools/compiler/ti-cgt-msp430_16.6.0.STS/lib/</path>
         <kind>archive</kind>
         <file>rts430x_lc_rd_eabi.lib</file>
         <name>int52.obj</name>
      </input_file>
      <input_file id="fl-56">
         <path>/home/fsat-integration/ti/ccsv7/tools/compiler/ti-cgt-msp430_16.6.0.STS/lib/</path>
         <kind>archive</kind>
         <file>rts430x_lc_rd_eabi.lib</file>
         <name>int54.obj</name>
      </input_file>
      <input_file id="fl-57">
         <path>/home/fsat-integration/ti/ccsv7/tools/compiler/ti-cgt-msp430_16.6.0.STS/lib/</path>
         <kind>archive</kind>
         <file>rts430x_lc_rd_eabi.lib</file>
         <name>int55.obj</name>
      </input_file>
      <input_file id="fl-58">
         <path>/home/fsat-integration/ti/ccsv7/tools/compiler/ti-cgt-msp430_16.6.0.STS/lib/</path>
         <kind>archive</kind>
         <file>rts430x_lc_rd_eabi.lib</file>
         <name>int56.obj</name>
      </input_file>
      <input_file id="fl-59">
         <path>/home/fsat-integration/ti/ccsv7/tools/compiler/ti-cgt-msp430_16.6.0.STS/lib/</path>
         <kind>archive</kind>
         <file>rts430x_lc_rd_eabi.lib</file>
         <name>int57.obj</name>
      </input_file>
      <input_file id="fl-5a">
         <path>/home/fsat-integration/ti/ccsv7/tools/compiler/ti-cgt-msp430_16.6.0.STS/lib/</path>
         <kind>archive</kind>
         <file>rts430x_lc_rd_eabi.lib</file>
         <name>int58.obj</name>
      </input_file>
      <input_file id="fl-5b">
         <path>/home/fsat-integration/ti/ccsv7/tools/compiler/ti-cgt-msp430_16.6.0.STS/lib/</path>
         <kind>archive</kind>
         <file>rts430x_lc_rd_eabi.lib</file>
         <name>int59.obj</name>
      </input_file>
      <input_file id="fl-5c">
         <path>/home/fsat-integration/ti/ccsv7/tools/compiler/ti-cgt-msp430_16.6.0.STS/lib/</path>
         <kind>archive</kind>
         <file>rts430x_lc_rd_eabi.lib</file>
         <name>int60.obj</name>
      </input_file>
      <input_file id="fl-5d">
         <path>/home/fsat-integration/ti/ccsv7/tools/compiler/ti-cgt-msp430_16.6.0.STS/lib/</path>
         <kind>archive</kind>
         <file>rts430x_lc_rd_eabi.lib</file>
         <name>int61.obj</name>
      </input_file>
      <input_file id="fl-5e">
         <path>/home/fsat-integration/ti/ccsv7/tools/compiler/ti-cgt-msp430_16.6.0.STS/lib/</path>
         <kind>archive</kind>
         <file>rts430x_lc_rd_eabi.lib</file>
         <name>int62.obj</name>
      </input_file>
      <input_file id="fl-5f">
         <path>/home/fsat-integration/ti/ccsv7/tools/compiler/ti-cgt-msp430_16.6.0.STS/lib/</path>
         <kind>archive</kind>
         <file>rts430x_lc_rd_eabi.lib</file>
         <name>isr_trap.obj</name>
      </input_file>
      <input_file id="fl-60">
         <path>/home/fsat-integration/ti/ccsv7/tools/compiler/ti-cgt-msp430_16.6.0.STS/lib/</path>
         <kind>archive</kind>
         <file>rts430x_lc_rd_eabi.lib</file>
         <name>lsl16.obj</name>
      </input_file>
      <input_file id="fl-61">
         <path>/home/fsat-integration/ti/ccsv7/tools/compiler/ti-cgt-msp430_16.6.0.STS/lib/</path>
         <kind>archive</kind>
         <file>rts430x_lc_rd_eabi.lib</file>
         <name>lsl32.obj</name>
      </input_file>
      <input_file id="fl-62">
         <path>/home/fsat-integration/ti/ccsv7/tools/compiler/ti-cgt-msp430_16.6.0.STS/lib/</path>
         <kind>archive</kind>
         <file>rts430x_lc_rd_eabi.lib</file>
         <name>lsr32.obj</name>
      </input_file>
      <input_file id="fl-63">
         <path>/home/fsat-integration/ti/ccsv7/tools/compiler/ti-cgt-msp430_16.6.0.STS/lib/</path>
         <kind>archive</kind>
         <file>rts430x_lc_rd_eabi.lib</file>
         <name>lsr64.obj</name>
      </input_file>
      <input_file id="fl-64">
         <path>/home/fsat-integration/ti/ccsv7/tools/compiler/ti-cgt-msp430_16.6.0.STS/lib/</path>
         <kind>archive</kind>
         <file>rts430x_lc_rd_eabi.lib</file>
         <name>memcpy.obj</name>
      </input_file>
      <input_file id="fl-65">
         <path>/home/fsat-integration/ti/ccsv7/tools/compiler/ti-cgt-msp430_16.6.0.STS/lib/</path>
         <kind>archive</kind>
         <file>rts430x_lc_rd_eabi.lib</file>
         <name>memset.obj</name>
      </input_file>
      <input_file id="fl-66">
         <path>/home/fsat-integration/ti/ccsv7/tools/compiler/ti-cgt-msp430_16.6.0.STS/lib/</path>
         <kind>archive</kind>
         <file>rts430x_lc_rd_eabi.lib</file>
         <name>mpu_init.obj</name>
      </input_file>
      <input_file id="fl-67">
         <path>/home/fsat-integration/ti/ccsv7/tools/compiler/ti-cgt-msp430_16.6.0.STS/lib/</path>
         <kind>archive</kind>
         <file>rts430x_lc_rd_eabi.lib</file>
         <name>mpyd.obj</name>
      </input_file>
      <input_file id="fl-68">
         <path>/home/fsat-integration/ti/ccsv7/tools/compiler/ti-cgt-msp430_16.6.0.STS/lib/</path>
         <kind>archive</kind>
         <file>rts430x_lc_rd_eabi.lib</file>
         <name>mult16.obj</name>
      </input_file>
      <input_file id="fl-69">
         <path>/home/fsat-integration/ti/ccsv7/tools/compiler/ti-cgt-msp430_16.6.0.STS/lib/</path>
         <kind>archive</kind>
         <file>rts430x_lc_rd_eabi.lib</file>
         <name>mult1632_f5hw.obj</name>
      </input_file>
      <input_file id="fl-6a">
         <path>/home/fsat-integration/ti/ccsv7/tools/compiler/ti-cgt-msp430_16.6.0.STS/lib/</path>
         <kind>archive</kind>
         <file>rts430x_lc_rd_eabi.lib</file>
         <name>mult16_f5hw.obj</name>
      </input_file>
      <input_file id="fl-6b">
         <path>/home/fsat-integration/ti/ccsv7/tools/compiler/ti-cgt-msp430_16.6.0.STS/lib/</path>
         <kind>archive</kind>
         <file>rts430x_lc_rd_eabi.lib</file>
         <name>mult32.obj</name>
      </input_file>
      <input_file id="fl-6c">
         <path>/home/fsat-integration/ti/ccsv7/tools/compiler/ti-cgt-msp430_16.6.0.STS/lib/</path>
         <kind>archive</kind>
         <file>rts430x_lc_rd_eabi.lib</file>
         <name>mult3264_f5hw.obj</name>
      </input_file>
      <input_file id="fl-6d">
         <path>/home/fsat-integration/ti/ccsv7/tools/compiler/ti-cgt-msp430_16.6.0.STS/lib/</path>
         <kind>archive</kind>
         <file>rts430x_lc_rd_eabi.lib</file>
         <name>mult32_f5hw.obj</name>
      </input_file>
      <input_file id="fl-6e">
         <path>/home/fsat-integration/ti/ccsv7/tools/compiler/ti-cgt-msp430_16.6.0.STS/lib/</path>
         <kind>archive</kind>
         <file>rts430x_lc_rd_eabi.lib</file>
         <name>mult64_f5hw.obj</name>
      </input_file>
      <input_file id="fl-6f">
         <path>/home/fsat-integration/ti/ccsv7/tools/compiler/ti-cgt-msp430_16.6.0.STS/lib/</path>
         <kind>archive</kind>
         <file>rts430x_lc_rd_eabi.lib</file>
         <name>pre_init.obj</name>
      </input_file>
      <input_file id="fl-70">
         <path>/home/fsat-integration/ti/ccsv7/tools/compiler/ti-cgt-msp430_16.6.0.STS/lib/</path>
         <kind>archive</kind>
         <file>rts430x_lc_rd_eabi.lib</file>
         <name>renormd.obj</name>
      </input_file>
      <input_file id="fl-71">
         <path>/home/fsat-integration/ti/ccsv7/tools/compiler/ti-cgt-msp430_16.6.0.STS/lib/</path>
         <kind>archive</kind>
         <file>rts430x_lc_rd_eabi.lib</file>
         <name>sprintf.obj</name>
      </input_file>
      <input_file id="fl-72">
         <path>/home/fsat-integration/ti/ccsv7/tools/compiler/ti-cgt-msp430_16.6.0.STS/lib/</path>
         <kind>archive</kind>
         <file>rts430x_lc_rd_eabi.lib</file>
         <name>subd.obj</name>
      </input_file>
      <input_file id="fl-73">
         <path>/home/fsat-integration/ti/ccsv7/tools/compiler/ti-cgt-msp430_16.6.0.STS/lib/</path>
         <kind>archive</kind>
         <file>rts430x_lc_rd_eabi.lib</file>
         <name>_lock.obj</name>
      </input_file>
      <input_file id="fl-74">
         <path>/home/fsat-integration/ti/ccsv7/tools/compiler/ti-cgt-msp430_16.6.0.STS/lib/</path>
         <kind>archive</kind>
         <file>rts430x_lc_rd_eabi.lib</file>
         <name>_printfi.obj</name>
      </input_file>
      <input_file id="fl-75">
         <path>/home/fsat-integration/ti/ccsv7/tools/compiler/ti-cgt-msp430_16.6.0.STS/lib/</path>
         <kind>archive</kind>
         <file>rts430x_lc_rd_eabi.lib</file>
         <name>args_main.obj</name>
      </input_file>
      <input_file id="fl-76">
         <path>/home/fsat-integration/ti/ccsv7/tools/compiler/ti-cgt-msp430_16.6.0.STS/lib/</path>
         <kind>archive</kind>
         <file>rts430x_lc_rd_eabi.lib</file>
         <name>asr32.obj</name>
      </input_file>
      <input_file id="fl-77">
         <path>/home/fsat-integration/ti/ccsv7/tools/compiler/ti-cgt-msp430_16.6.0.STS/lib/</path>
         <kind>archive</kind>
         <file>rts430x_lc_rd_eabi.lib</file>
         <name>atoi.obj</name>
      </input_file>
      <input_file id="fl-78">
         <path>/home/fsat-integration/ti/ccsv7/tools/compiler/ti-cgt-msp430_16.6.0.STS/lib/</path>
         <kind>archive</kind>
         <file>rts430x_lc_rd_eabi.lib</file>
         <name>autoinit_wdt.obj</name>
      </input_file>
      <input_file id="fl-79">
         <path>/home/fsat-integration/ti/ccsv7/tools/compiler/ti-cgt-msp430_16.6.0.STS/lib/</path>
         <kind>archive</kind>
         <file>rts430x_lc_rd_eabi.lib</file>
         <name>cpy_tbl.obj</name>
      </input_file>
      <input_file id="fl-7a">
         <path>/home/fsat-integration/ti/ccsv7/tools/compiler/ti-cgt-msp430_16.6.0.STS/lib/</path>
         <kind>archive</kind>
         <file>rts430x_lc_rd_eabi.lib</file>
         <name>ctype.obj</name>
      </input_file>
      <input_file id="fl-7b">
         <path>/home/fsat-integration/ti/ccsv7/tools/compiler/ti-cgt-msp430_16.6.0.STS/lib/</path>
         <kind>archive</kind>
         <file>rts430x_lc_rd_eabi.lib</file>
         <name>div32u.obj</name>
      </input_file>
      <input_file id="fl-7c">
         <path>/home/fsat-integration/ti/ccsv7/tools/compiler/ti-cgt-msp430_16.6.0.STS/lib/</path>
         <kind>archive</kind>
         <file>rts430x_lc_rd_eabi.lib</file>
         <name>div64u.obj</name>
      </input_file>
      <input_file id="fl-7d">
         <path>/home/fsat-integration/ti/ccsv7/tools/compiler/ti-cgt-msp430_16.6.0.STS/lib/</path>
         <kind>archive</kind>
         <file>rts430x_lc_rd_eabi.lib</file>
         <name>fixdi.obj</name>
      </input_file>
      <input_file id="fl-7e">
         <path>/home/fsat-integration/ti/ccsv7/tools/compiler/ti-cgt-msp430_16.6.0.STS/lib/</path>
         <kind>archive</kind>
         <file>rts430x_lc_rd_eabi.lib</file>
         <name>fixdli.obj</name>
      </input_file>
      <input_file id="fl-7f">
         <path>/home/fsat-integration/ti/ccsv7/tools/compiler/ti-cgt-msp430_16.6.0.STS/lib/</path>
         <kind>archive</kind>
         <file>rts430x_lc_rd_eabi.lib</file>
         <name>fltid.obj</name>
      </input_file>
      <input_file id="fl-80">
         <path>/home/fsat-integration/ti/ccsv7/tools/compiler/ti-cgt-msp430_16.6.0.STS/lib/</path>
         <kind>archive</kind>
         <file>rts430x_lc_rd_eabi.lib</file>
         <name>fltlid.obj</name>
      </input_file>
      <input_file id="fl-81">
         <path>/home/fsat-integration/ti/ccsv7/tools/compiler/ti-cgt-msp430_16.6.0.STS/lib/</path>
         <kind>archive</kind>
         <file>rts430x_lc_rd_eabi.lib</file>
         <name>frcmpyd.obj</name>
      </input_file>
      <input_file id="fl-82">
         <path>/home/fsat-integration/ti/ccsv7/tools/compiler/ti-cgt-msp430_16.6.0.STS/lib/</path>
         <kind>archive</kind>
         <file>rts430x_lc_rd_eabi.lib</file>
         <name>lsl64.obj</name>
      </input_file>
      <input_file id="fl-83">
         <path>/home/fsat-integration/ti/ccsv7/tools/compiler/ti-cgt-msp430_16.6.0.STS/lib/</path>
         <kind>archive</kind>
         <file>rts430x_lc_rd_eabi.lib</file>
         <name>ltoa.obj</name>
      </input_file>
      <input_file id="fl-84">
         <path>/home/fsat-integration/ti/ccsv7/tools/compiler/ti-cgt-msp430_16.6.0.STS/lib/</path>
         <kind>archive</kind>
         <file>rts430x_lc_rd_eabi.lib</file>
         <name>memccpy.obj</name>
      </input_file>
      <input_file id="fl-85">
         <path>/home/fsat-integration/ti/ccsv7/tools/compiler/ti-cgt-msp430_16.6.0.STS/lib/</path>
         <kind>archive</kind>
         <file>rts430x_lc_rd_eabi.lib</file>
         <name>negd.obj</name>
      </input_file>
      <input_file id="fl-86">
         <path>/home/fsat-integration/ti/ccsv7/tools/compiler/ti-cgt-msp430_16.6.0.STS/lib/</path>
         <kind>archive</kind>
         <file>rts430x_lc_rd_eabi.lib</file>
         <name>s_frexp.obj</name>
      </input_file>
      <input_file id="fl-87">
         <path>/home/fsat-integration/ti/ccsv7/tools/compiler/ti-cgt-msp430_16.6.0.STS/lib/</path>
         <kind>archive</kind>
         <file>rts430x_lc_rd_eabi.lib</file>
         <name>s_scalbn.obj</name>
      </input_file>
      <input_file id="fl-88">
         <path>/home/fsat-integration/ti/ccsv7/tools/compiler/ti-cgt-msp430_16.6.0.STS/lib/</path>
         <kind>archive</kind>
         <file>rts430x_lc_rd_eabi.lib</file>
         <name>startup.obj</name>
      </input_file>
      <input_file id="fl-89">
         <path>/home/fsat-integration/ti/ccsv7/tools/compiler/ti-cgt-msp430_16.6.0.STS/lib/</path>
         <kind>archive</kind>
         <file>rts430x_lc_rd_eabi.lib</file>
         <name>strchr.obj</name>
      </input_file>
      <input_file id="fl-8a">
         <path>/home/fsat-integration/ti/ccsv7/tools/compiler/ti-cgt-msp430_16.6.0.STS/lib/</path>
         <kind>archive</kind>
         <file>rts430x_lc_rd_eabi.lib</file>
         <name>strlen.obj</name>
      </input_file>
      <input_file id="fl-8b">
         <path>/home/fsat-integration/ti/ccsv7/tools/compiler/ti-cgt-msp430_16.6.0.STS/lib/</path>
         <kind>archive</kind>
         <file>rts430x_lc_rd_eabi.lib</file>
         <name>toupper.obj</name>
      </input_file>
      <input_file id="fl-8c">
         <path>/home/fsat-integration/ti/ccsv7/tools/compiler/ti-cgt-msp430_16.6.0.STS/lib/</path>
         <kind>archive</kind>
         <file>rts430x_lc_rd_eabi.lib</file>
         <name>abs.obj</name>
      </input_file>
      <input_file id="fl-8d">
         <path>/home/fsat-integration/ti/ccsv7/tools/compiler/ti-cgt-msp430_16.6.0.STS/lib/</path>
         <kind>archive</kind>
         <file>rts430x_lc_rd_eabi.lib</file>
         <name>div32s.obj</name>
      </input_file>
      <input_file id="fl-8e">
         <path>/home/fsat-integration/ti/ccsv7/tools/compiler/ti-cgt-msp430_16.6.0.STS/lib/</path>
         <kind>archive</kind>
         <file>rts430x_lc_rd_eabi.lib</file>
         <name>errno.obj</name>
      </input_file>
      <input_file id="fl-8f">
         <path>/home/fsat-integration/ti/ccsv7/tools/compiler/ti-cgt-msp430_16.6.0.STS/lib/</path>
         <kind>archive</kind>
         <file>rts430x_lc_rd_eabi.lib</file>
         <name>s_copysign.obj</name>
      </input_file>
   </input_file_list>
   <object_component_list>
      <object_component id="oc-51d">
         <name>.data:EPS_data</name>
         <load_address>0x2448</load_address>
         <run_address>0x2448</run_address>
         <size>0x47</size>
         <input_file_ref idref="fl-4"/>
      </object_component>
      <object_component id="oc-51a">
         <name>.data:EPS_data2</name>
         <load_address>0x2400</load_address>
         <run_address>0x2400</run_address>
         <size>0x47</size>
         <input_file_ref idref="fl-4"/>
      </object_component>
      <object_component id="oc-519">
         <name>.data</name>
         <load_address>0x2447</load_address>
         <run_address>0x2447</run_address>
         <size>0x1</size>
         <input_file_ref idref="fl-4"/>
      </object_component>
      <object_component id="oc-52f">
         <name>.data</name>
         <load_address>0x24cc</load_address>
         <run_address>0x24cc</run_address>
         <size>0x16</size>
         <input_file_ref idref="fl-e"/>
      </object_component>
      <object_component id="oc-557">
         <name>.data:parameters_heater1$3</name>
         <load_address>0x2490</load_address>
         <run_address>0x2490</run_address>
         <size>0x1e</size>
         <input_file_ref idref="fl-e"/>
      </object_component>
      <object_component id="oc-568">
         <name>.data:parameters_heater2$4</name>
         <load_address>0x24ae</load_address>
         <run_address>0x24ae</run_address>
         <size>0x1e</size>
         <input_file_ref idref="fl-e"/>
      </object_component>
      <object_component id="oc-536">
         <name>.data:panel12_parameters$15</name>
         <load_address>0x24e2</load_address>
         <run_address>0x24e2</run_address>
         <size>0x8</size>
         <input_file_ref idref="fl-e"/>
      </object_component>
      <object_component id="oc-53d">
         <name>.data:panel34_parameters$16</name>
         <load_address>0x24ea</load_address>
         <run_address>0x24ea</run_address>
         <size>0x8</size>
         <input_file_ref idref="fl-e"/>
      </object_component>
      <object_component id="oc-53e">
         <name>.data:panel56_parameters$17</name>
         <load_address>0x24f2</load_address>
         <run_address>0x24f2</run_address>
         <size>0x8</size>
         <input_file_ref idref="fl-e"/>
      </object_component>
      <object_component id="oc-495">
         <name>.stack</name>
         <uninitialized>true</uninitialized>
         <run_address>0x6360</run_address>
         <size>0x4</size>
         <input_file_ref idref="fl-2d"/>
      </object_component>
      <object_component id="oc-7f7">
         <name>.stack</name>
         <uninitialized>true</uninitialized>
         <run_address>0x6360</run_address>
         <size>0x0</size>
      </object_component>
      <object_component id="oc-67d">
         <name>.text:__TI_frcdivd</name>
         <load_address>0x10000</load_address>
         <run_address>0x10000</run_address>
         <size>0x478</size>
         <input_file_ref idref="fl-3c"/>
      </object_component>
      <object_component id="oc-652">
         <name>.text:__mspabi_addd</name>
         <load_address>0x10478</load_address>
         <run_address>0x10478</run_address>
         <size>0x2d8</size>
         <input_file_ref idref="fl-2c"/>
      </object_component>
      <object_component id="oc-66f">
         <name>.text:__TI_frcmpyd</name>
         <load_address>0x10750</load_address>
         <run_address>0x10750</run_address>
         <size>0x286</size>
         <input_file_ref idref="fl-81"/>
      </object_component>
      <object_component id="oc-581">
         <name>.text:__mspabi_mpyd</name>
         <load_address>0x109d6</load_address>
         <run_address>0x109d6</run_address>
         <size>0x282</size>
         <input_file_ref idref="fl-67"/>
      </object_component>
      <object_component id="oc-558">
         <name>.text:Pid_Control</name>
         <load_address>0x10c58</load_address>
         <run_address>0x10c58</run_address>
         <size>0x252</size>
         <input_file_ref idref="fl-d"/>
      </object_component>
      <object_component id="oc-722">
         <name>.text:__TI_frcaddd</name>
         <load_address>0x10eaa</load_address>
         <run_address>0x10eaa</run_address>
         <size>0x252</size>
         <input_file_ref idref="fl-3b"/>
      </object_component>
      <object_component id="oc-58d">
         <name>.text:__mspabi_divd</name>
         <load_address>0x110fc</load_address>
         <run_address>0x110fc</run_address>
         <size>0x222</size>
         <input_file_ref idref="fl-36"/>
      </object_component>
      <object_component id="oc-569">
         <name>.text:energyLevelAlgorithm</name>
         <load_address>0x1131e</load_address>
         <run_address>0x1131e</run_address>
         <size>0x194</size>
         <input_file_ref idref="fl-8"/>
      </object_component>
      <object_component id="oc-551">
         <name>.text:read_ADS1248</name>
         <load_address>0x114b2</load_address>
         <run_address>0x114b2</run_address>
         <size>0x190</size>
         <input_file_ref idref="fl-3"/>
      </object_component>
      <object_component id="oc-537">
         <name>.text:mppt_algorithm</name>
         <load_address>0x11642</load_address>
         <run_address>0x11642</run_address>
         <size>0x152</size>
         <input_file_ref idref="fl-b"/>
      </object_component>
      <object_component id="oc-63d">
         <name>.text</name>
         <load_address>0x11794</load_address>
         <run_address>0x11794</run_address>
         <size>0x132</size>
         <input_file_ref idref="fl-3d"/>
      </object_component>
      <object_component id="oc-5da">
         <name>.text:config_DS2775</name>
         <load_address>0x118c6</load_address>
         <run_address>0x118c6</run_address>
         <size>0xf2</size>
         <input_file_ref idref="fl-c"/>
      </object_component>
      <object_component id="oc-661">
         <name>.text:__mspabi_cmpd</name>
         <load_address>0x119b8</load_address>
         <run_address>0x119b8</run_address>
         <size>0xd8</size>
         <input_file_ref idref="fl-2f"/>
      </object_component>
      <object_component id="oc-530">
         <name>.text:adc_read</name>
         <load_address>0x11a90</load_address>
         <run_address>0x11a90</run_address>
         <size>0xce</size>
         <input_file_ref idref="fl-2"/>
      </object_component>
      <object_component id="oc-55e">
         <name>.text</name>
         <load_address>0x11b5e</load_address>
         <run_address>0x11b5e</run_address>
         <size>0xb8</size>
         <input_file_ref idref="fl-42"/>
      </object_component>
      <object_component id="oc-777">
         <name>.text:__TI_renormd</name>
         <load_address>0x11c16</load_address>
         <run_address>0x11c16</run_address>
         <size>0xb2</size>
         <input_file_ref idref="fl-70"/>
      </object_component>
      <object_component id="oc-6db">
         <name>.text:timer_config</name>
         <load_address>0x11cc8</load_address>
         <run_address>0x11cc8</run_address>
         <size>0xb2</size>
         <input_file_ref idref="fl-e"/>
      </object_component>
      <object_component id="oc-5d4">
         <name>.text:config_ADS1248</name>
         <load_address>0x11d7a</load_address>
         <run_address>0x11d7a</run_address>
         <size>0xa6</size>
         <input_file_ref idref="fl-3"/>
      </object_component>
      <object_component id="oc-647">
         <name>.text</name>
         <load_address>0x11e20</load_address>
         <run_address>0x11e20</run_address>
         <size>0x90</size>
         <input_file_ref idref="fl-3f"/>
      </object_component>
      <object_component id="oc-593">
         <name>.text:__mspabi_cvtdf</name>
         <load_address>0x11eb0</load_address>
         <run_address>0x11eb0</run_address>
         <size>0x8c</size>
         <input_file_ref idref="fl-33"/>
      </object_component>
      <object_component id="oc-4d5">
         <name>.text:_auto_init_hold_wdt</name>
         <load_address>0x11f3c</load_address>
         <run_address>0x11f3c</run_address>
         <size>0x82</size>
         <input_file_ref idref="fl-78"/>
      </object_component>
      <object_component id="oc-6c9">
         <name>.text:adc_config</name>
         <load_address>0x11fbe</load_address>
         <run_address>0x11fbe</run_address>
         <size>0x82</size>
         <input_file_ref idref="fl-2"/>
      </object_component>
      <object_component id="oc-57b">
         <name>.text:__mspabi_fltuld</name>
         <load_address>0x12040</load_address>
         <run_address>0x12040</run_address>
         <size>0x80</size>
         <input_file_ref idref="fl-3a"/>
      </object_component>
      <object_component id="oc-71">
         <name>.text:decompress:lzss:__TI_decompress_lzss</name>
         <load_address>0x120c0</load_address>
         <run_address>0x120c0</run_address>
         <size>0x78</size>
         <input_file_ref idref="fl-30"/>
      </object_component>
      <object_component id="oc-64c">
         <name>.text:__mspabi_cvtfd</name>
         <load_address>0x12138</load_address>
         <run_address>0x12138</run_address>
         <size>0x6e</size>
         <input_file_ref idref="fl-34"/>
      </object_component>
      <object_component id="oc-5a7">
         <name>.text:copy_in</name>
         <load_address>0x121a6</load_address>
         <run_address>0x121a6</run_address>
         <size>0x66</size>
         <input_file_ref idref="fl-79"/>
      </object_component>
      <object_component id="oc-6fd">
         <name>.text:OneWireWrite</name>
         <load_address>0x1220c</load_address>
         <run_address>0x1220c</run_address>
         <size>0x56</size>
         <input_file_ref idref="fl-c"/>
      </object_component>
      <object_component id="oc-6c3">
         <name>.text:uart_config</name>
         <load_address>0x12262</load_address>
         <run_address>0x12262</run_address>
         <size>0x54</size>
         <input_file_ref idref="fl-f"/>
      </object_component>
      <object_component id="oc-610">
         <name>.text:OneWireReset</name>
         <load_address>0x122b6</load_address>
         <run_address>0x122b6</run_address>
         <size>0x4a</size>
         <input_file_ref idref="fl-c"/>
      </object_component>
      <object_component id="oc-606">
         <name>.text</name>
         <load_address>0x12300</load_address>
         <run_address>0x12300</run_address>
         <size>0x4a</size>
         <input_file_ref idref="fl-3e"/>
      </object_component>
      <object_component id="oc-642">
         <name>.text</name>
         <load_address>0x1234a</load_address>
         <run_address>0x1234a</run_address>
         <size>0x4a</size>
         <input_file_ref idref="fl-41"/>
      </object_component>
      <object_component id="oc-5ce">
         <name>.text:config_msp430</name>
         <load_address>0x12394</load_address>
         <run_address>0x12394</run_address>
         <size>0x46</size>
         <input_file_ref idref="fl-9"/>
      </object_component>
      <object_component id="oc-563">
         <name>.text</name>
         <load_address>0x123da</load_address>
         <run_address>0x123da</run_address>
         <size>0x46</size>
         <input_file_ref idref="fl-44"/>
      </object_component>
      <object_component id="oc-717">
         <name>.text:l_asr_const</name>
         <load_address>0x12420</load_address>
         <run_address>0x12420</run_address>
         <size>0x3e</size>
         <input_file_ref idref="fl-76"/>
      </object_component>
      <object_component id="oc-631">
         <name>.text:l_lsl_const</name>
         <load_address>0x1245e</load_address>
         <run_address>0x1245e</run_address>
         <size>0x3e</size>
         <input_file_ref idref="fl-61"/>
      </object_component>
      <object_component id="oc-599">
         <name>.text:l_lsr_const</name>
         <load_address>0x1249c</load_address>
         <run_address>0x1249c</run_address>
         <size>0x3e</size>
         <input_file_ref idref="fl-62"/>
      </object_component>
      <object_component id="oc-704">
         <name>.text:OneWireReadBit</name>
         <load_address>0x124da</load_address>
         <run_address>0x124da</run_address>
         <size>0x3c</size>
         <input_file_ref idref="fl-c"/>
      </object_component>
      <object_component id="oc-6b7">
         <name>.text:clock_config</name>
         <load_address>0x12516</load_address>
         <run_address>0x12516</run_address>
         <size>0x3c</size>
         <input_file_ref idref="fl-6"/>
      </object_component>
      <object_component id="oc-638">
         <name>.text</name>
         <load_address>0x12552</load_address>
         <run_address>0x12552</run_address>
         <size>0x36</size>
         <input_file_ref idref="fl-40"/>
      </object_component>
      <object_component id="oc-587">
         <name>.text:__mspabi_subd</name>
         <load_address>0x12588</load_address>
         <run_address>0x12588</run_address>
         <size>0x32</size>
         <input_file_ref idref="fl-72"/>
      </object_component>
      <object_component id="oc-520">
         <name>.text:crc8</name>
         <load_address>0x125ba</load_address>
         <run_address>0x125ba</run_address>
         <size>0x2e</size>
         <input_file_ref idref="fl-7"/>
      </object_component>
      <object_component id="oc-6cf">
         <name>.text:spi_config</name>
         <load_address>0x125e8</load_address>
         <run_address>0x125e8</run_address>
         <size>0x2e</size>
         <input_file_ref idref="fl-5"/>
      </object_component>
      <object_component id="oc-6d5">
         <name>.text:I2C_config</name>
         <load_address>0x12616</load_address>
         <run_address>0x12616</run_address>
         <size>0x28</size>
         <input_file_ref idref="fl-4"/>
      </object_component>
      <object_component id="oc-65c">
         <name>.text</name>
         <load_address>0x1263e</load_address>
         <run_address>0x1263e</run_address>
         <size>0x24</size>
         <input_file_ref idref="fl-45"/>
      </object_component>
      <object_component id="oc-736">
         <name>.text</name>
         <load_address>0x12662</load_address>
         <run_address>0x12662</run_address>
         <size>0x24</size>
         <input_file_ref idref="fl-6d"/>
      </object_component>
      <object_component id="oc-54b">
         <name>.text:DS2775_read_register</name>
         <load_address>0x12686</load_address>
         <run_address>0x12686</run_address>
         <size>0x20</size>
         <input_file_ref idref="fl-c"/>
      </object_component>
      <object_component id="oc-4ef">
         <name>.text:main</name>
         <load_address>0x126a6</load_address>
         <run_address>0x126a6</run_address>
         <size>0x20</size>
         <input_file_ref idref="fl-9"/>
      </object_component>
      <object_component id="oc-529">
         <name>.text:watchdog_reset_counter</name>
         <load_address>0x126c6</load_address>
         <run_address>0x126c6</run_address>
         <size>0x20</size>
         <input_file_ref idref="fl-10"/>
      </object_component>
      <object_component id="oc-61c">
         <name>.text:OWReadByte</name>
         <load_address>0x126e6</load_address>
         <run_address>0x126e6</run_address>
         <size>0x1a</size>
         <input_file_ref idref="fl-c"/>
      </object_component>
      <object_component id="oc-6f6">
         <name>.text:inp</name>
         <load_address>0x12700</load_address>
         <run_address>0x12700</run_address>
         <size>0x1a</size>
         <input_file_ref idref="fl-c"/>
      </object_component>
      <object_component id="oc-688">
         <name>.text</name>
         <load_address>0x1271a</load_address>
         <run_address>0x1271a</run_address>
         <size>0x18</size>
         <input_file_ref idref="fl-6a"/>
      </object_component>
      <object_component id="oc-616">
         <name>.text:OWWriteByte</name>
         <load_address>0x12732</load_address>
         <run_address>0x12732</run_address>
         <size>0x16</size>
         <input_file_ref idref="fl-c"/>
      </object_component>
      <object_component id="oc-56f">
         <name>.text:memset</name>
         <load_address>0x12748</load_address>
         <run_address>0x12748</run_address>
         <size>0x16</size>
         <input_file_ref idref="fl-65"/>
      </object_component>
      <object_component id="oc-53f">
         <name>.text</name>
         <load_address>0x1275e</load_address>
         <run_address>0x1275e</run_address>
         <size>0x16</size>
         <input_file_ref idref="fl-35"/>
      </object_component>
      <object_component id="oc-4a4">
         <name>.text:memcpy</name>
         <load_address>0x12774</load_address>
         <run_address>0x12774</run_address>
         <size>0x14</size>
         <input_file_ref idref="fl-64"/>
      </object_component>
      <object_component id="oc-6f0">
         <name>.text:outp</name>
         <load_address>0x12788</load_address>
         <run_address>0x12788</run_address>
         <size>0x14</size>
         <input_file_ref idref="fl-c"/>
      </object_component>
      <object_component id="oc-77">
         <name>.text:decompress:none:__TI_decompress_none</name>
         <load_address>0x1279c</load_address>
         <run_address>0x1279c</run_address>
         <size>0x12</size>
         <input_file_ref idref="fl-31"/>
      </object_component>
      <object_component id="oc-754">
         <name>.text:port_mapping</name>
         <load_address>0x127ae</load_address>
         <run_address>0x127ae</run_address>
         <size>0x12</size>
         <input_file_ref idref="fl-f"/>
      </object_component>
      <object_component id="oc-625">
         <name>.text:spi_send</name>
         <load_address>0x127c0</load_address>
         <run_address>0x127c0</run_address>
         <size>0x12</size>
         <input_file_ref idref="fl-5"/>
      </object_component>
      <object_component id="oc-772">
         <name>.text:l_asr</name>
         <load_address>0x127d2</load_address>
         <run_address>0x127d2</run_address>
         <size>0x10</size>
         <input_file_ref idref="fl-76"/>
      </object_component>
      <object_component id="oc-768">
         <name>.text:l_lsl</name>
         <load_address>0x127e2</load_address>
         <run_address>0x127e2</run_address>
         <size>0x10</size>
         <input_file_ref idref="fl-61"/>
      </object_component>
      <object_component id="oc-76d">
         <name>.text:l_lsr</name>
         <load_address>0x127f2</load_address>
         <run_address>0x127f2</run_address>
         <size>0x10</size>
         <input_file_ref idref="fl-62"/>
      </object_component>
      <object_component id="oc-62b">
         <name>.text:spi_read</name>
         <load_address>0x12802</load_address>
         <run_address>0x12802</run_address>
         <size>0xc</size>
         <input_file_ref idref="fl-5"/>
      </object_component>
      <object_component id="oc-575">
         <name>.text:uart_tx_beacon</name>
         <load_address>0x1280e</load_address>
         <run_address>0x1280e</run_address>
         <size>0xc</size>
         <input_file_ref idref="fl-f"/>
      </object_component>
      <object_component id="oc-5f9">
         <name>.text</name>
         <load_address>0x1281a</load_address>
         <run_address>0x1281a</run_address>
         <size>0xa</size>
         <input_file_ref idref="fl-60"/>
      </object_component>
      <object_component id="oc-6bd">
         <name>.text:watchdog_config</name>
         <load_address>0x12824</load_address>
         <run_address>0x12824</run_address>
         <size>0x8</size>
         <input_file_ref idref="fl-10"/>
      </object_component>
      <object_component id="oc-600">
         <name>.text:__mspabi_fltud</name>
         <load_address>0x1282c</load_address>
         <run_address>0x1282c</run_address>
         <size>0x6</size>
         <input_file_ref idref="fl-39"/>
      </object_component>
      <object_component id="oc-4f7">
         <name>.text:abort</name>
         <load_address>0x12832</load_address>
         <run_address>0x12832</run_address>
         <size>0x6</size>
         <input_file_ref idref="fl-37"/>
      </object_component>
      <object_component id="oc-4cf">
         <name>.text:_system_pre_init</name>
         <load_address>0x12838</load_address>
         <run_address>0x12838</run_address>
         <size>0x4</size>
         <input_file_ref idref="fl-6f"/>
      </object_component>
      <object_component id="oc-5ad">
         <name>.text:_system_post_cinit</name>
         <load_address>0x1283c</load_address>
         <run_address>0x1283c</run_address>
         <size>0x2</size>
         <input_file_ref idref="fl-88"/>
      </object_component>
      <object_component id="oc-4c2">
         <name>.text:_isr:timer0_a0_isr</name>
         <load_address>0x8000</load_address>
         <run_address>0x8000</run_address>
         <size>0x482</size>
         <input_file_ref idref="fl-e"/>
      </object_component>
      <object_component id="oc-4bc">
         <name>.text:_isr:timer2_a0_isr</name>
         <load_address>0x8482</load_address>
         <run_address>0x8482</run_address>
         <size>0x29c</size>
         <input_file_ref idref="fl-e"/>
      </object_component>
      <object_component id="oc-4b1">
         <name>.text:_isr:USCI_B2_ISR</name>
         <load_address>0x871e</load_address>
         <run_address>0x871e</run_address>
         <size>0x6e</size>
         <input_file_ref idref="fl-4"/>
      </object_component>
      <object_component id="oc-b7">
         <name>.text:_isr:_c_int00_noargs_noexit</name>
         <load_address>0x878c</load_address>
         <run_address>0x878c</run_address>
         <size>0x1a</size>
         <input_file_ref idref="fl-2e"/>
      </object_component>
      <object_component id="oc-4b7">
         <name>.text:_isr:__TI_ISR_TRAP</name>
         <load_address>0x87a6</load_address>
         <run_address>0x87a6</run_address>
         <size>0x8</size>
         <input_file_ref idref="fl-5f"/>
      </object_component>
      <object_component id="oc-7f6">
         <name>.cinit..data.load</name>
         <load_address>0x87c4</load_address>
         <run_address>0x87c4</run_address>
         <size>0x72</size>
      </object_component>
      <object_component id="oc-7f4">
         <name>__TI_handler_table</name>
         <load_address>0x8836</load_address>
         <run_address>0x8836</run_address>
         <size>0x8</size>
      </object_component>
      <object_component id="oc-7f5">
         <name>__TI_cinit_table</name>
         <load_address>0x883e</load_address>
         <run_address>0x883e</run_address>
         <size>0x8</size>
      </object_component>
      <object_component id="oc-6e2">
         <name>.const:.string:$P$T0$1</name>
         <load_address>0x87ae</load_address>
         <run_address>0x87ae</run_address>
         <size>0x15</size>
         <input_file_ref idref="fl-3"/>
      </object_component>
      <object_component id="oc-7d">
         <name>.int35</name>
         <load_address>0xffc6</load_address>
         <run_address>0xffc6</run_address>
         <size>0x2</size>
         <input_file_ref idref="fl-4"/>
      </object_component>
      <object_component id="oc-7e">
         <name>.int36</name>
         <load_address>0xffc8</load_address>
         <run_address>0xffc8</run_address>
         <size>0x2</size>
         <input_file_ref idref="fl-46"/>
      </object_component>
      <object_component id="oc-7f">
         <name>.int37</name>
         <load_address>0xffca</load_address>
         <run_address>0xffca</run_address>
         <size>0x2</size>
         <input_file_ref idref="fl-47"/>
      </object_component>
      <object_component id="oc-80">
         <name>.int38</name>
         <load_address>0xffcc</load_address>
         <run_address>0xffcc</run_address>
         <size>0x2</size>
         <input_file_ref idref="fl-48"/>
      </object_component>
      <object_component id="oc-81">
         <name>.int39</name>
         <load_address>0xffce</load_address>
         <run_address>0xffce</run_address>
         <size>0x2</size>
         <input_file_ref idref="fl-49"/>
      </object_component>
      <object_component id="oc-82">
         <name>.int40</name>
         <load_address>0xffd0</load_address>
         <run_address>0xffd0</run_address>
         <size>0x2</size>
         <input_file_ref idref="fl-e"/>
      </object_component>
      <object_component id="oc-83">
         <name>.int41</name>
         <load_address>0xffd2</load_address>
         <run_address>0xffd2</run_address>
         <size>0x2</size>
         <input_file_ref idref="fl-4a"/>
      </object_component>
      <object_component id="oc-84">
         <name>.int42</name>
         <load_address>0xffd4</load_address>
         <run_address>0xffd4</run_address>
         <size>0x2</size>
         <input_file_ref idref="fl-4b"/>
      </object_component>
      <object_component id="oc-85">
         <name>.int43</name>
         <load_address>0xffd6</load_address>
         <run_address>0xffd6</run_address>
         <size>0x2</size>
         <input_file_ref idref="fl-4c"/>
      </object_component>
      <object_component id="oc-86">
         <name>.int44</name>
         <load_address>0xffd8</load_address>
         <run_address>0xffd8</run_address>
         <size>0x2</size>
         <input_file_ref idref="fl-4d"/>
      </object_component>
      <object_component id="oc-87">
         <name>.int45</name>
         <load_address>0xffda</load_address>
         <run_address>0xffda</run_address>
         <size>0x2</size>
         <input_file_ref idref="fl-4e"/>
      </object_component>
      <object_component id="oc-88">
         <name>.int46</name>
         <load_address>0xffdc</load_address>
         <run_address>0xffdc</run_address>
         <size>0x2</size>
         <input_file_ref idref="fl-4f"/>
      </object_component>
      <object_component id="oc-89">
         <name>.int47</name>
         <load_address>0xffde</load_address>
         <run_address>0xffde</run_address>
         <size>0x2</size>
         <input_file_ref idref="fl-50"/>
      </object_component>
      <object_component id="oc-8a">
         <name>.int48</name>
         <load_address>0xffe0</load_address>
         <run_address>0xffe0</run_address>
         <size>0x2</size>
         <input_file_ref idref="fl-51"/>
      </object_component>
      <object_component id="oc-8b">
         <name>.int49</name>
         <load_address>0xffe2</load_address>
         <run_address>0xffe2</run_address>
         <size>0x2</size>
         <input_file_ref idref="fl-52"/>
      </object_component>
      <object_component id="oc-8c">
         <name>.int50</name>
         <load_address>0xffe4</load_address>
         <run_address>0xffe4</run_address>
         <size>0x2</size>
         <input_file_ref idref="fl-53"/>
      </object_component>
      <object_component id="oc-8d">
         <name>.int51</name>
         <load_address>0xffe6</load_address>
         <run_address>0xffe6</run_address>
         <size>0x2</size>
         <input_file_ref idref="fl-54"/>
      </object_component>
      <object_component id="oc-8e">
         <name>.int52</name>
         <load_address>0xffe8</load_address>
         <run_address>0xffe8</run_address>
         <size>0x2</size>
         <input_file_ref idref="fl-55"/>
      </object_component>
      <object_component id="oc-8f">
         <name>.int53</name>
         <load_address>0xffea</load_address>
         <run_address>0xffea</run_address>
         <size>0x2</size>
         <input_file_ref idref="fl-e"/>
      </object_component>
      <object_component id="oc-90">
         <name>.int54</name>
         <load_address>0xffec</load_address>
         <run_address>0xffec</run_address>
         <size>0x2</size>
         <input_file_ref idref="fl-56"/>
      </object_component>
      <object_component id="oc-91">
         <name>.int55</name>
         <load_address>0xffee</load_address>
         <run_address>0xffee</run_address>
         <size>0x2</size>
         <input_file_ref idref="fl-57"/>
      </object_component>
      <object_component id="oc-92">
         <name>.int56</name>
         <load_address>0xfff0</load_address>
         <run_address>0xfff0</run_address>
         <size>0x2</size>
         <input_file_ref idref="fl-58"/>
      </object_component>
      <object_component id="oc-93">
         <name>.int57</name>
         <load_address>0xfff2</load_address>
         <run_address>0xfff2</run_address>
         <size>0x2</size>
         <input_file_ref idref="fl-59"/>
      </object_component>
      <object_component id="oc-94">
         <name>.int58</name>
         <load_address>0xfff4</load_address>
         <run_address>0xfff4</run_address>
         <size>0x2</size>
         <input_file_ref idref="fl-5a"/>
      </object_component>
      <object_component id="oc-95">
         <name>.int59</name>
         <load_address>0xfff6</load_address>
         <run_address>0xfff6</run_address>
         <size>0x2</size>
         <input_file_ref idref="fl-5b"/>
      </object_component>
      <object_component id="oc-96">
         <name>.int60</name>
         <load_address>0xfff8</load_address>
         <run_address>0xfff8</run_address>
         <size>0x2</size>
         <input_file_ref idref="fl-5c"/>
      </object_component>
      <object_component id="oc-97">
         <name>.int61</name>
         <load_address>0xfffa</load_address>
         <run_address>0xfffa</run_address>
         <size>0x2</size>
         <input_file_ref idref="fl-5d"/>
      </object_component>
      <object_component id="oc-98">
         <name>.int62</name>
         <load_address>0xfffc</load_address>
         <run_address>0xfffc</run_address>
         <size>0x2</size>
         <input_file_ref idref="fl-5e"/>
      </object_component>
      <object_component id="oc-498">
         <name>.reset</name>
         <load_address>0xfffe</load_address>
         <run_address>0xfffe</run_address>
         <size>0x2</size>
         <input_file_ref idref="fl-2d"/>
      </object_component>
      <object_component id="oc-5ff">
         <name>.debug_info</name>
         <load_address>0x0</load_address>
         <run_address>0x0</run_address>
         <size>0x6cb</size>
         <input_file_ref idref="fl-2"/>
      </object_component>
      <object_component id="oc-531">
         <name>.debug_info</name>
         <load_address>0x6cb</load_address>
         <run_address>0x6cb</run_address>
         <size>0x1ad</size>
         <input_file_ref idref="fl-2"/>
      </object_component>
      <object_component id="oc-6ca">
         <name>.debug_info</name>
         <load_address>0x878</load_address>
         <run_address>0x878</run_address>
         <size>0x10b</size>
         <input_file_ref idref="fl-2"/>
      </object_component>
      <object_component id="oc-49f">
         <name>.debug_info</name>
         <load_address>0x983</load_address>
         <run_address>0x983</run_address>
         <size>0x84</size>
         <input_file_ref idref="fl-2"/>
      </object_component>
      <object_component id="oc-5f3">
         <name>.debug_info</name>
         <load_address>0xa07</load_address>
         <run_address>0xa07</run_address>
         <size>0x9c</size>
         <input_file_ref idref="fl-2"/>
      </object_component>
      <object_component id="oc-5eb">
         <name>.debug_info</name>
         <load_address>0xaa3</load_address>
         <run_address>0xaa3</run_address>
         <size>0x18b</size>
         <input_file_ref idref="fl-2"/>
      </object_component>
      <object_component id="oc-637">
         <name>.debug_info</name>
         <load_address>0xc2e</load_address>
         <run_address>0xc2e</run_address>
         <size>0x2e3</size>
         <input_file_ref idref="fl-3"/>
      </object_component>
      <object_component id="oc-6e3">
         <name>.debug_info</name>
         <load_address>0xf11</load_address>
         <run_address>0xf11</run_address>
         <size>0xe0</size>
         <input_file_ref idref="fl-3"/>
      </object_component>
      <object_component id="oc-552">
         <name>.debug_info</name>
         <load_address>0xff1</load_address>
         <run_address>0xff1</run_address>
         <size>0x288</size>
         <input_file_ref idref="fl-3"/>
      </object_component>
      <object_component id="oc-5d5">
         <name>.debug_info</name>
         <load_address>0x1279</load_address>
         <run_address>0x1279</run_address>
         <size>0x218</size>
         <input_file_ref idref="fl-3"/>
      </object_component>
      <object_component id="oc-527">
         <name>.debug_info</name>
         <load_address>0x1491</load_address>
         <run_address>0x1491</run_address>
         <size>0x42a</size>
         <input_file_ref idref="fl-4"/>
      </object_component>
      <object_component id="oc-51e">
         <name>.debug_info</name>
         <load_address>0x18bb</load_address>
         <run_address>0x18bb</run_address>
         <size>0xdf</size>
         <input_file_ref idref="fl-4"/>
      </object_component>
      <object_component id="oc-51b">
         <name>.debug_info</name>
         <load_address>0x199a</load_address>
         <run_address>0x199a</run_address>
         <size>0xe1</size>
         <input_file_ref idref="fl-4"/>
      </object_component>
      <object_component id="oc-4b2">
         <name>.debug_info</name>
         <load_address>0x1a7b</load_address>
         <run_address>0x1a7b</run_address>
         <size>0x153</size>
         <input_file_ref idref="fl-4"/>
      </object_component>
      <object_component id="oc-6d6">
         <name>.debug_info</name>
         <load_address>0x1bce</load_address>
         <run_address>0x1bce</run_address>
         <size>0x10b</size>
         <input_file_ref idref="fl-4"/>
      </object_component>
      <object_component id="oc-50d">
         <name>.debug_info</name>
         <load_address>0x1cd9</load_address>
         <run_address>0x1cd9</run_address>
         <size>0x2c</size>
         <input_file_ref idref="fl-4"/>
      </object_component>
      <object_component id="oc-70e">
         <name>.debug_info</name>
         <load_address>0x1d05</load_address>
         <run_address>0x1d05</run_address>
         <size>0x356</size>
         <input_file_ref idref="fl-5"/>
      </object_component>
      <object_component id="oc-626">
         <name>.debug_info</name>
         <load_address>0x205b</load_address>
         <run_address>0x205b</run_address>
         <size>0x129</size>
         <input_file_ref idref="fl-5"/>
      </object_component>
      <object_component id="oc-62c">
         <name>.debug_info</name>
         <load_address>0x2184</load_address>
         <run_address>0x2184</run_address>
         <size>0x10b</size>
         <input_file_ref idref="fl-5"/>
      </object_component>
      <object_component id="oc-6d0">
         <name>.debug_info</name>
         <load_address>0x228f</load_address>
         <run_address>0x228f</run_address>
         <size>0x10b</size>
         <input_file_ref idref="fl-5"/>
      </object_component>
      <object_component id="oc-6b8">
         <name>.debug_info</name>
         <load_address>0x239a</load_address>
         <run_address>0x239a</run_address>
         <size>0x115</size>
         <input_file_ref idref="fl-6"/>
      </object_component>
      <object_component id="oc-5f0">
         <name>.debug_info</name>
         <load_address>0x24af</load_address>
         <run_address>0x24af</run_address>
         <size>0x21c</size>
         <input_file_ref idref="fl-7"/>
      </object_component>
      <object_component id="oc-521">
         <name>.debug_info</name>
         <load_address>0x26cb</load_address>
         <run_address>0x26cb</run_address>
         <size>0x1dd</size>
         <input_file_ref idref="fl-7"/>
      </object_component>
      <object_component id="oc-668">
         <name>.debug_info</name>
         <load_address>0x28a8</load_address>
         <run_address>0x28a8</run_address>
         <size>0x24e</size>
         <input_file_ref idref="fl-8"/>
      </object_component>
      <object_component id="oc-56a">
         <name>.debug_info</name>
         <load_address>0x2af6</load_address>
         <run_address>0x2af6</run_address>
         <size>0x348</size>
         <input_file_ref idref="fl-8"/>
      </object_component>
      <object_component id="oc-5cf">
         <name>.debug_info</name>
         <load_address>0x2e3e</load_address>
         <run_address>0x2e3e</run_address>
         <size>0x226</size>
         <input_file_ref idref="fl-9"/>
      </object_component>
      <object_component id="oc-4f0">
         <name>.debug_info</name>
         <load_address>0x3064</load_address>
         <run_address>0x3064</run_address>
         <size>0x139</size>
         <input_file_ref idref="fl-9"/>
      </object_component>
      <object_component id="oc-59f">
         <name>.debug_info</name>
         <load_address>0x319d</load_address>
         <run_address>0x319d</run_address>
         <size>0xeb</size>
         <input_file_ref idref="fl-9"/>
      </object_component>
      <object_component id="oc-60c">
         <name>.debug_info</name>
         <load_address>0x3288</load_address>
         <run_address>0x3288</run_address>
         <size>0x245</size>
         <input_file_ref idref="fl-b"/>
      </object_component>
      <object_component id="oc-538">
         <name>.debug_info</name>
         <load_address>0x34cd</load_address>
         <run_address>0x34cd</run_address>
         <size>0x33c</size>
         <input_file_ref idref="fl-b"/>
      </object_component>
      <object_component id="oc-546">
         <name>.debug_info</name>
         <load_address>0x3809</load_address>
         <run_address>0x3809</run_address>
         <size>0x72</size>
         <input_file_ref idref="fl-b"/>
      </object_component>
      <object_component id="oc-623">
         <name>.debug_info</name>
         <load_address>0x387b</load_address>
         <run_address>0x387b</run_address>
         <size>0x2f6</size>
         <input_file_ref idref="fl-c"/>
      </object_component>
      <object_component id="oc-6f1">
         <name>.debug_info</name>
         <load_address>0x3b71</load_address>
         <run_address>0x3b71</run_address>
         <size>0x12f</size>
         <input_file_ref idref="fl-c"/>
      </object_component>
      <object_component id="oc-6f7">
         <name>.debug_info</name>
         <load_address>0x3ca0</load_address>
         <run_address>0x3ca0</run_address>
         <size>0x123</size>
         <input_file_ref idref="fl-c"/>
      </object_component>
      <object_component id="oc-611">
         <name>.debug_info</name>
         <load_address>0x3dc3</load_address>
         <run_address>0x3dc3</run_address>
         <size>0x16a</size>
         <input_file_ref idref="fl-c"/>
      </object_component>
      <object_component id="oc-6fe">
         <name>.debug_info</name>
         <load_address>0x3f2d</load_address>
         <run_address>0x3f2d</run_address>
         <size>0x16b</size>
         <input_file_ref idref="fl-c"/>
      </object_component>
      <object_component id="oc-617">
         <name>.debug_info</name>
         <load_address>0x4098</load_address>
         <run_address>0x4098</run_address>
         <size>0x14e</size>
         <input_file_ref idref="fl-c"/>
      </object_component>
      <object_component id="oc-705">
         <name>.debug_info</name>
         <load_address>0x41e6</load_address>
         <run_address>0x41e6</run_address>
         <size>0x143</size>
         <input_file_ref idref="fl-c"/>
      </object_component>
      <object_component id="oc-61d">
         <name>.debug_info</name>
         <load_address>0x4329</load_address>
         <run_address>0x4329</run_address>
         <size>0x145</size>
         <input_file_ref idref="fl-c"/>
      </object_component>
      <object_component id="oc-5db">
         <name>.debug_info</name>
         <load_address>0x446e</load_address>
         <run_address>0x446e</run_address>
         <size>0x2fe</size>
         <input_file_ref idref="fl-c"/>
      </object_component>
      <object_component id="oc-54c">
         <name>.debug_info</name>
         <load_address>0x476c</load_address>
         <run_address>0x476c</run_address>
         <size>0x1d9</size>
         <input_file_ref idref="fl-c"/>
      </object_component>
      <object_component id="oc-659">
         <name>.debug_info</name>
         <load_address>0x4945</load_address>
         <run_address>0x4945</run_address>
         <size>0x187</size>
         <input_file_ref idref="fl-d"/>
      </object_component>
      <object_component id="oc-559">
         <name>.debug_info</name>
         <load_address>0x4acc</load_address>
         <run_address>0x4acc</run_address>
         <size>0x447</size>
         <input_file_ref idref="fl-d"/>
      </object_component>
      <object_component id="oc-545">
         <name>.debug_info</name>
         <load_address>0x4f13</load_address>
         <run_address>0x4f13</run_address>
         <size>0x7b4</size>
         <input_file_ref idref="fl-e"/>
      </object_component>
      <object_component id="oc-6dc">
         <name>.debug_info</name>
         <load_address>0x56c7</load_address>
         <run_address>0x56c7</run_address>
         <size>0x118</size>
         <input_file_ref idref="fl-e"/>
      </object_component>
      <object_component id="oc-4bd">
         <name>.debug_info</name>
         <load_address>0x57df</load_address>
         <run_address>0x57df</run_address>
         <size>0x7e0</size>
         <input_file_ref idref="fl-e"/>
      </object_component>
      <object_component id="oc-4c3">
         <name>.debug_info</name>
         <load_address>0x5fbf</load_address>
         <run_address>0x5fbf</run_address>
         <size>0x7fd</size>
         <input_file_ref idref="fl-e"/>
      </object_component>
      <object_component id="oc-66c">
         <name>.debug_info</name>
         <load_address>0x67bc</load_address>
         <run_address>0x67bc</run_address>
         <size>0x4a6</size>
         <input_file_ref idref="fl-f"/>
      </object_component>
      <object_component id="oc-576">
         <name>.debug_info</name>
         <load_address>0x6c62</load_address>
         <run_address>0x6c62</run_address>
         <size>0x144</size>
         <input_file_ref idref="fl-f"/>
      </object_component>
      <object_component id="oc-755">
         <name>.debug_info</name>
         <load_address>0x6da6</load_address>
         <run_address>0x6da6</run_address>
         <size>0x112</size>
         <input_file_ref idref="fl-f"/>
      </object_component>
      <object_component id="oc-6c4">
         <name>.debug_info</name>
         <load_address>0x6eb8</load_address>
         <run_address>0x6eb8</run_address>
         <size>0x123</size>
         <input_file_ref idref="fl-f"/>
      </object_component>
      <object_component id="oc-52a">
         <name>.debug_info</name>
         <load_address>0x6fdb</load_address>
         <run_address>0x6fdb</run_address>
         <size>0x132</size>
         <input_file_ref idref="fl-10"/>
      </object_component>
      <object_component id="oc-6be">
         <name>.debug_info</name>
         <load_address>0x710d</load_address>
         <run_address>0x710d</run_address>
         <size>0x124</size>
         <input_file_ref idref="fl-10"/>
      </object_component>
      <object_component id="oc-729">
         <name>.debug_info</name>
         <load_address>0x7231</load_address>
         <run_address>0x7231</run_address>
         <size>0x20b</size>
         <input_file_ref idref="fl-2c"/>
      </object_component>
      <object_component id="oc-653">
         <name>.debug_info</name>
         <load_address>0x743c</load_address>
         <run_address>0x743c</run_address>
         <size>0x227</size>
         <input_file_ref idref="fl-2c"/>
      </object_component>
      <object_component id="oc-677">
         <name>.debug_info</name>
         <load_address>0x7663</load_address>
         <run_address>0x7663</run_address>
         <size>0x94</size>
         <input_file_ref idref="fl-2c"/>
      </object_component>
      <object_component id="oc-496">
         <name>.debug_info</name>
         <load_address>0x76f7</load_address>
         <run_address>0x76f7</run_address>
         <size>0xf5</size>
         <input_file_ref idref="fl-2d"/>
      </object_component>
      <object_component id="oc-b8">
         <name>.debug_info</name>
         <load_address>0x77ec</load_address>
         <run_address>0x77ec</run_address>
         <size>0x196</size>
         <input_file_ref idref="fl-2e"/>
      </object_component>
      <object_component id="oc-662">
         <name>.debug_info</name>
         <load_address>0x7982</load_address>
         <run_address>0x7982</run_address>
         <size>0x1c4</size>
         <input_file_ref idref="fl-2f"/>
      </object_component>
      <object_component id="oc-50a">
         <name>.debug_info</name>
         <load_address>0x7b46</load_address>
         <run_address>0x7b46</run_address>
         <size>0x170</size>
         <input_file_ref idref="fl-30"/>
      </object_component>
      <object_component id="oc-72">
         <name>.debug_info</name>
         <load_address>0x7cb6</load_address>
         <run_address>0x7cb6</run_address>
         <size>0x245</size>
         <input_file_ref idref="fl-30"/>
      </object_component>
      <object_component id="oc-49a">
         <name>.debug_info</name>
         <load_address>0x7efb</load_address>
         <run_address>0x7efb</run_address>
         <size>0x60</size>
         <input_file_ref idref="fl-30"/>
      </object_component>
      <object_component id="oc-505">
         <name>.debug_info</name>
         <load_address>0x7f5b</load_address>
         <run_address>0x7f5b</run_address>
         <size>0x46</size>
         <input_file_ref idref="fl-30"/>
      </object_component>
      <object_component id="oc-4b0">
         <name>.debug_info</name>
         <load_address>0x7fa1</load_address>
         <run_address>0x7fa1</run_address>
         <size>0x1c6</size>
         <input_file_ref idref="fl-31"/>
      </object_component>
      <object_component id="oc-7b">
         <name>.debug_info</name>
         <load_address>0x8167</load_address>
         <run_address>0x8167</run_address>
         <size>0x1c8</size>
         <input_file_ref idref="fl-31"/>
      </object_component>
      <object_component id="oc-4ab">
         <name>.debug_info</name>
         <load_address>0x832f</load_address>
         <run_address>0x832f</run_address>
         <size>0x46</size>
         <input_file_ref idref="fl-31"/>
      </object_component>
      <object_component id="oc-514">
         <name>.debug_info</name>
         <load_address>0x8375</load_address>
         <run_address>0x8375</run_address>
         <size>0x2c</size>
         <input_file_ref idref="fl-31"/>
      </object_component>
      <object_component id="oc-686">
         <name>.debug_info</name>
         <load_address>0x83a1</load_address>
         <run_address>0x83a1</run_address>
         <size>0x1c9</size>
         <input_file_ref idref="fl-33"/>
      </object_component>
      <object_component id="oc-594">
         <name>.debug_info</name>
         <load_address>0x856a</load_address>
         <run_address>0x856a</run_address>
         <size>0x1a0</size>
         <input_file_ref idref="fl-33"/>
      </object_component>
      <object_component id="oc-71d">
         <name>.debug_info</name>
         <load_address>0x870a</load_address>
         <run_address>0x870a</run_address>
         <size>0xdb</size>
         <input_file_ref idref="fl-33"/>
      </object_component>
      <object_component id="oc-64f">
         <name>.debug_info</name>
         <load_address>0x87e5</load_address>
         <run_address>0x87e5</run_address>
         <size>0x17d</size>
         <input_file_ref idref="fl-34"/>
      </object_component>
      <object_component id="oc-541">
         <name>.debug_info</name>
         <load_address>0x8962</load_address>
         <run_address>0x8962</run_address>
         <size>0x119</size>
         <input_file_ref idref="fl-35"/>
      </object_component>
      <object_component id="oc-684">
         <name>.debug_info</name>
         <load_address>0x8a7b</load_address>
         <run_address>0x8a7b</run_address>
         <size>0x206</size>
         <input_file_ref idref="fl-36"/>
      </object_component>
      <object_component id="oc-58f">
         <name>.debug_info</name>
         <load_address>0x8c81</load_address>
         <run_address>0x8c81</run_address>
         <size>0x247</size>
         <input_file_ref idref="fl-36"/>
      </object_component>
      <object_component id="oc-4f8">
         <name>.debug_info</name>
         <load_address>0x8ec8</load_address>
         <run_address>0x8ec8</run_address>
         <size>0x117</size>
         <input_file_ref idref="fl-37"/>
      </object_component>
      <object_component id="oc-602">
         <name>.debug_info</name>
         <load_address>0x8fdf</load_address>
         <run_address>0x8fdf</run_address>
         <size>0x15b</size>
         <input_file_ref idref="fl-39"/>
      </object_component>
      <object_component id="oc-66e">
         <name>.debug_info</name>
         <load_address>0x913a</load_address>
         <run_address>0x913a</run_address>
         <size>0x1d4</size>
         <input_file_ref idref="fl-3a"/>
      </object_component>
      <object_component id="oc-57e">
         <name>.debug_info</name>
         <load_address>0x930e</load_address>
         <run_address>0x930e</run_address>
         <size>0x1b6</size>
         <input_file_ref idref="fl-3a"/>
      </object_component>
      <object_component id="oc-77e">
         <name>.debug_info</name>
         <load_address>0x94c4</load_address>
         <run_address>0x94c4</run_address>
         <size>0x209</size>
         <input_file_ref idref="fl-3b"/>
      </object_component>
      <object_component id="oc-723">
         <name>.debug_info</name>
         <load_address>0x96cd</load_address>
         <run_address>0x96cd</run_address>
         <size>0x2b1</size>
         <input_file_ref idref="fl-3b"/>
      </object_component>
      <object_component id="oc-740">
         <name>.debug_info</name>
         <load_address>0x997e</load_address>
         <run_address>0x997e</run_address>
         <size>0x1db</size>
         <input_file_ref idref="fl-3c"/>
      </object_component>
      <object_component id="oc-67e">
         <name>.debug_info</name>
         <load_address>0x9b59</load_address>
         <run_address>0x9b59</run_address>
         <size>0x5b2</size>
         <input_file_ref idref="fl-3c"/>
      </object_component>
      <object_component id="oc-63e">
         <name>.debug_info</name>
         <load_address>0xa10b</load_address>
         <run_address>0xa10b</run_address>
         <size>0x119</size>
[...]
         <value>0xffea</value>
         <object_component_ref idref="oc-8f"/>
      </symbol>
      <symbol id="sm-5ff">
         <name>timer0_a0_isr</name>
         <value>0x8000</value>
         <object_component_ref idref="oc-4c2"/>
      </symbol>
      <symbol id="sm-600">
         <name>timer2_a0_isr</name>
         <value>0x8482</value>
         <object_component_ref idref="oc-4bc"/>
      </symbol>
      <symbol id="sm-601">
         <name>timer_config</name>
         <value>0x11cc8</value>
         <object_component_ref idref="oc-6db"/>
      </symbol>
      <symbol id="sm-61c">
         <name>uart_config</name>
         <value>0x12262</value>
         <object_component_ref idref="oc-6c3"/>
      </symbol>
      <symbol id="sm-61d">
         <name>uart_tx_beacon</name>
         <value>0x1280e</value>
         <object_component_ref idref="oc-575"/>
      </symbol>
      <symbol id="sm-61e">
         <name>port_mapping</name>
         <value>0x127ae</value>
         <object_component_ref idref="oc-754"/>
      </symbol>
      <symbol id="sm-62e">
         <name>watchdog_reset_counter</name>
         <value>0x126c6</value>
         <object_component_ref idref="oc-529"/>
      </symbol>
      <symbol id="sm-62f">
         <name>watchdog_config</name>
         <value>0x12824</value>
         <object_component_ref idref="oc-6bd"/>
      </symbol>
      <symbol id="sm-656">
         <name>__mspabi_addd</name>
         <value>0x10478</value>
         <object_component_ref idref="oc-652"/>
      </symbol>
      <symbol id="sm-65e">
         <name>_stack</name>
         <value>0x6360</value>
         <object_component_ref idref="oc-495"/>
      </symbol>
      <symbol id="sm-65f">
         <name>_reset_vector</name>
         <value>0xfffe</value>
         <object_component_ref idref="oc-498"/>
      </symbol>
      <symbol id="sm-669">
         <name>_c_int00_noargs_noexit</name>
         <value>0x878c</value>
         <object_component_ref idref="oc-b7"/>
      </symbol>
      <symbol id="sm-683">
         <name>__mspabi_cmpd</name>
         <value>0x119b8</value>
         <object_component_ref idref="oc-661"/>
      </symbol>
      <symbol id="sm-6a1">
         <name>__TI_decompress_lzss</name>
         <value>0x120c0</value>
         <object_component_ref idref="oc-71"/>
      </symbol>
      <symbol id="sm-6b7">
         <name>__TI_decompress_none</name>
         <value>0x1279c</value>
         <object_component_ref idref="oc-77"/>
      </symbol>
      <symbol id="sm-6d0">
         <name>__mspabi_cvtdf</name>
         <value>0x11eb0</value>
         <object_component_ref idref="oc-593"/>
      </symbol>
      <symbol id="sm-6de">
         <name>__mspabi_cvtfd</name>
         <value>0x12138</value>
         <object_component_ref idref="oc-64c"/>
      </symbol>
      <symbol id="sm-6e8">
         <name>__mspabi_remu</name>
         <value>0x1275e</value>
         <object_component_ref idref="oc-53f"/>
      </symbol>
      <symbol id="sm-6e9">
         <name>__mspabi_divu</name>
         <value>0x1275e</value>
         <object_component_ref idref="oc-53f"/>
      </symbol>
      <symbol id="sm-70a">
         <name>__mspabi_divd</name>
         <value>0x110fc</value>
         <object_component_ref idref="oc-58d"/>
      </symbol>
      <symbol id="sm-714">
         <name>C$$EXIT</name>
         <value>0x12832</value>
         <object_component_ref idref="oc-4f7"/>
      </symbol>
      <symbol id="sm-715">
         <name>abort</name>
         <value>0x12832</value>
         <object_component_ref idref="oc-4f7"/>
      </symbol>
      <symbol id="sm-71f">
         <name>__mspabi_fltud</name>
         <value>0x1282c</value>
         <object_component_ref idref="oc-600"/>
      </symbol>
      <symbol id="sm-734">
         <name>__mspabi_fltuld</name>
         <value>0x12040</value>
         <object_component_ref idref="oc-57b"/>
      </symbol>
      <symbol id="sm-755">
         <name>__TI_frcaddd</name>
         <value>0x10eaa</value>
         <object_component_ref idref="oc-722"/>
      </symbol>
      <symbol id="sm-770">
         <name>__TI_frcdivd</name>
         <value>0x10000</value>
         <object_component_ref idref="oc-67d"/>
      </symbol>
      <symbol id="sm-78b">
         <name>__mspabi_subf</name>
         <value>0x11794</value>
         <object_component_ref idref="oc-63d"/>
      </symbol>
      <symbol id="sm-78c">
         <name>__mspabi_addf</name>
         <value>0x1179a</value>
         <object_component_ref idref="oc-63d"/>
      </symbol>
      <symbol id="sm-79c">
         <name>__mspabi_cmpf</name>
         <value>0x12300</value>
         <object_component_ref idref="oc-606"/>
      </symbol>
      <symbol id="sm-7ae">
         <name>__mspabi_divf</name>
         <value>0x11e20</value>
         <object_component_ref idref="oc-647"/>
      </symbol>
      <symbol id="sm-7bb">
         <name>__mspabi_fltif</name>
         <value>0x12552</value>
         <object_component_ref idref="oc-638"/>
      </symbol>
      <symbol id="sm-7ca">
         <name>__mspabi_fltlif</name>
         <value>0x1234a</value>
         <object_component_ref idref="oc-642"/>
      </symbol>
      <symbol id="sm-7e1">
         <name>__mspabi_mpyf</name>
         <value>0x11b5e</value>
         <object_component_ref idref="oc-55e"/>
      </symbol>
      <symbol id="sm-7f1">
         <name>__mspabi_fixfu</name>
         <value>0x123da</value>
         <object_component_ref idref="oc-563"/>
      </symbol>
      <symbol id="sm-7fc">
         <name>__mspabi_fltuf</name>
         <value>0x1263e</value>
         <object_component_ref idref="oc-65c"/>
      </symbol>
      <symbol id="sm-7ff">
         <name>__TI_int36</name>
         <value>0xffc8</value>
         <object_component_ref idref="oc-7e"/>
      </symbol>
      <symbol id="sm-802">
         <name>__TI_int37</name>
         <value>0xffca</value>
         <object_component_ref idref="oc-7f"/>
      </symbol>
      <symbol id="sm-805">
         <name>__TI_int38</name>
         <value>0xffcc</value>
         <object_component_ref idref="oc-80"/>
      </symbol>
      <symbol id="sm-808">
         <name>__TI_int39</name>
         <value>0xffce</value>
         <object_component_ref idref="oc-81"/>
      </symbol>
      <symbol id="sm-80b">
         <name>__TI_int41</name>
         <value>0xffd2</value>
         <object_component_ref idref="oc-83"/>
      </symbol>
      <symbol id="sm-80e">
         <name>__TI_int42</name>
         <value>0xffd4</value>
         <object_component_ref idref="oc-84"/>
      </symbol>
      <symbol id="sm-811">
         <name>__TI_int43</name>
         <value>0xffd6</value>
         <object_component_ref idref="oc-85"/>
      </symbol>
      <symbol id="sm-814">
         <name>__TI_int44</name>
         <value>0xffd8</value>
         <object_component_ref idref="oc-86"/>
      </symbol>
      <symbol id="sm-817">
         <name>__TI_int45</name>
         <value>0xffda</value>
         <object_component_ref idref="oc-87"/>
      </symbol>
      <symbol id="sm-81a">
         <name>__TI_int46</name>
         <value>0xffdc</value>
         <object_component_ref idref="oc-88"/>
      </symbol>
      <symbol id="sm-81d">
         <name>__TI_int47</name>
         <value>0xffde</value>
         <object_component_ref idref="oc-89"/>
      </symbol>
      <symbol id="sm-820">
         <name>__TI_int48</name>
         <value>0xffe0</value>
         <object_component_ref idref="oc-8a"/>
      </symbol>
      <symbol id="sm-823">
         <name>__TI_int49</name>
         <value>0xffe2</value>
         <object_component_ref idref="oc-8b"/>
      </symbol>
      <symbol id="sm-826">
         <name>__TI_int50</name>
         <value>0xffe4</value>
         <object_component_ref idref="oc-8c"/>
      </symbol>
      <symbol id="sm-829">
         <name>__TI_int51</name>
         <value>0xffe6</value>
         <object_component_ref idref="oc-8d"/>
      </symbol>
      <symbol id="sm-82c">
         <name>__TI_int52</name>
         <value>0xffe8</value>
         <object_component_ref idref="oc-8e"/>
      </symbol>
      <symbol id="sm-82f">
         <name>__TI_int54</name>
         <value>0xffec</value>
         <object_component_ref idref="oc-90"/>
      </symbol>
      <symbol id="sm-832">
         <name>__TI_int55</name>
         <value>0xffee</value>
         <object_component_ref idref="oc-91"/>
      </symbol>
      <symbol id="sm-835">
         <name>__TI_int56</name>
         <value>0xfff0</value>
         <object_component_ref idref="oc-92"/>
      </symbol>
      <symbol id="sm-838">
         <name>__TI_int57</name>
         <value>0xfff2</value>
         <object_component_ref idref="oc-93"/>
      </symbol>
      <symbol id="sm-83b">
         <name>__TI_int58</name>
         <value>0xfff4</value>
         <object_component_ref idref="oc-94"/>
      </symbol>
      <symbol id="sm-83e">
         <name>__TI_int59</name>
         <value>0xfff6</value>
         <object_component_ref idref="oc-95"/>
      </symbol>
      <symbol id="sm-841">
         <name>__TI_int60</name>
         <value>0xfff8</value>
         <object_component_ref idref="oc-96"/>
      </symbol>
      <symbol id="sm-844">
         <name>__TI_int61</name>
         <value>0xfffa</value>
         <object_component_ref idref="oc-97"/>
      </symbol>
      <symbol id="sm-847">
         <name>__TI_int62</name>
         <value>0xfffc</value>
         <object_component_ref idref="oc-98"/>
      </symbol>
      <symbol id="sm-84f">
         <name>__TI_ISR_TRAP</name>
         <value>0x87a6</value>
         <object_component_ref idref="oc-4b7"/>
      </symbol>
      <symbol id="sm-858">
         <name>__mspabi_slli</name>
         <value>0x1281a</value>
         <object_component_ref idref="oc-5f9"/>
      </symbol>
      <symbol id="sm-868">
         <name>__mspabi_slll_9</name>
         <value>0x12476</value>
         <object_component_ref idref="oc-631"/>
      </symbol>
      <symbol id="sm-869">
         <name>__mspabi_slll_8</name>
         <value>0x1247a</value>
         <object_component_ref idref="oc-631"/>
      </symbol>
      <symbol id="sm-86a">
         <name>__mspabi_slll_7</name>
         <value>0x1247e</value>
         <object_component_ref idref="oc-631"/>
      </symbol>
      <symbol id="sm-86b">
         <name>__mspabi_slll_6</name>
         <value>0x12482</value>
         <object_component_ref idref="oc-631"/>
      </symbol>
      <symbol id="sm-86c">
         <name>__mspabi_slll_5</name>
         <value>0x12486</value>
         <object_component_ref idref="oc-631"/>
      </symbol>
      <symbol id="sm-86d">
         <name>__mspabi_slll_4</name>
         <value>0x1248a</value>
         <object_component_ref idref="oc-631"/>
      </symbol>
      <symbol id="sm-86e">
         <name>__mspabi_slll_3</name>
         <value>0x1248e</value>
         <object_component_ref idref="oc-631"/>
      </symbol>
      <symbol id="sm-86f">
         <name>__mspabi_slll_2</name>
         <value>0x12492</value>
         <object_component_ref idref="oc-631"/>
      </symbol>
      <symbol id="sm-870">
         <name>__mspabi_slll_1</name>
         <value>0x12496</value>
         <object_component_ref idref="oc-631"/>
      </symbol>
      <symbol id="sm-871">
         <name>__mspabi_slll</name>
         <value>0x127e2</value>
         <object_component_ref idref="oc-768"/>
      </symbol>
      <symbol id="sm-872">
         <name>__mspabi_slll_15</name>
         <value>0x1245e</value>
         <object_component_ref idref="oc-631"/>
      </symbol>
      <symbol id="sm-873">
         <name>__mspabi_slll_14</name>
         <value>0x12462</value>
         <object_component_ref idref="oc-631"/>
      </symbol>
      <symbol id="sm-874">
         <name>__mspabi_slll_13</name>
         <value>0x12466</value>
         <object_component_ref idref="oc-631"/>
      </symbol>
      <symbol id="sm-875">
         <name>__mspabi_slll_12</name>
         <value>0x1246a</value>
         <object_component_ref idref="oc-631"/>
      </symbol>
      <symbol id="sm-876">
         <name>__mspabi_slll_11</name>
         <value>0x1246e</value>
         <object_component_ref idref="oc-631"/>
      </symbol>
      <symbol id="sm-877">
         <name>__mspabi_slll_10</name>
         <value>0x12472</value>
         <object_component_ref idref="oc-631"/>
      </symbol>
      <symbol id="sm-887">
         <name>__mspabi_srll_8</name>
         <value>0x124b8</value>
         <object_component_ref idref="oc-599"/>
      </symbol>
      <symbol id="sm-888">
         <name>__mspabi_srll_9</name>
         <value>0x124b4</value>
         <object_component_ref idref="oc-599"/>
      </symbol>
      <symbol id="sm-889">
         <name>__mspabi_srll_6</name>
         <value>0x124c0</value>
         <object_component_ref idref="oc-599"/>
      </symbol>
      <symbol id="sm-88a">
         <name>__mspabi_srll_7</name>
         <value>0x124bc</value>
         <object_component_ref idref="oc-599"/>
      </symbol>
      <symbol id="sm-88b">
         <name>__mspabi_srll_4</name>
         <value>0x124c8</value>
         <object_component_ref idref="oc-599"/>
      </symbol>
      <symbol id="sm-88c">
         <name>__mspabi_srll_5</name>
         <value>0x124c4</value>
         <object_component_ref idref="oc-599"/>
      </symbol>
      <symbol id="sm-88d">
         <name>__mspabi_srll_2</name>
         <value>0x124d0</value>
         <object_component_ref idref="oc-599"/>
      </symbol>
      <symbol id="sm-88e">
         <name>__mspabi_srll_3</name>
         <value>0x124cc</value>
         <object_component_ref idref="oc-599"/>
      </symbol>
      <symbol id="sm-88f">
         <name>__mspabi_srll_1</name>
         <value>0x124d4</value>
         <object_component_ref idref="oc-599"/>
      </symbol>
      <symbol id="sm-890">
         <name>__mspabi_srll_15</name>
         <value>0x1249c</value>
         <object_component_ref idref="oc-599"/>
      </symbol>
      <symbol id="sm-891">
         <name>__mspabi_srll_14</name>
         <value>0x124a0</value>
         <object_component_ref idref="oc-599"/>
      </symbol>
      <symbol id="sm-892">
         <name>__mspabi_srll_13</name>
         <value>0x124a4</value>
         <object_component_ref idref="oc-599"/>
      </symbol>
      <symbol id="sm-893">
         <name>__mspabi_srll_12</name>
         <value>0x124a8</value>
         <object_component_ref idref="oc-599"/>
      </symbol>
      <symbol id="sm-894">
         <name>__mspabi_srll_11</name>
         <value>0x124ac</value>
         <object_component_ref idref="oc-599"/>
      </symbol>
      <symbol id="sm-895">
         <name>__mspabi_srll_10</name>
         <value>0x124b0</value>
         <object_component_ref idref="oc-599"/>
      </symbol>
      <symbol id="sm-896">
         <name>__mspabi_srll</name>
         <value>0x127f2</value>
         <object_component_ref idref="oc-76d"/>
      </symbol>
      <symbol id="sm-8a5">
         <name>memcpy</name>
         <value>0x12774</value>
         <object_component_ref idref="oc-4a4"/>
      </symbol>
      <symbol id="sm-8b3">
         <name>memset</name>
         <value>0x12748</value>
         <object_component_ref idref="oc-56f"/>
      </symbol>
      <symbol id="sm-8d4">
         <name>__mspabi_mpyd</name>
         <value>0x109d6</value>
         <object_component_ref idref="oc-581"/>
      </symbol>
      <symbol id="sm-8de">
         <name>__mspabi_mpyi_f5hw</name>
         <value>0x1271a</value>
         <object_component_ref idref="oc-688"/>
      </symbol>
      <symbol id="sm-8e8">
         <name>__mspabi_mpyl_f5hw</name>
         <value>0x12662</value>
         <object_component_ref idref="oc-736"/>
      </symbol>
      <symbol id="sm-8f2">
         <name>_system_pre_init</name>
         <value>0x12838</value>
         <object_component_ref idref="oc-4cf"/>
      </symbol>
      <symbol id="sm-906">
         <name>__TI_renormd</name>
         <value>0x11c16</value>
         <object_component_ref idref="oc-777"/>
      </symbol>
      <symbol id="sm-910">
         <name>__mspabi_subd</name>
         <value>0x12588</value>
         <object_component_ref idref="oc-587"/>
      </symbol>
      <symbol id="sm-923">
         <name>__mspabi_sral</name>
         <value>0x127d2</value>
         <object_component_ref idref="oc-772"/>
      </symbol>
      <symbol id="sm-924">
         <name>__mspabi_sral_15</name>
         <value>0x12420</value>
         <object_component_ref idref="oc-717"/>
      </symbol>
      <symbol id="sm-925">
         <name>__mspabi_sral_14</name>
         <value>0x12424</value>
         <object_component_ref idref="oc-717"/>
      </symbol>
      <symbol id="sm-926">
         <name>__mspabi_sral_13</name>
         <value>0x12428</value>
         <object_component_ref idref="oc-717"/>
      </symbol>
      <symbol id="sm-927">
         <name>__mspabi_sral_12</name>
         <value>0x1242c</value>
         <object_component_ref idref="oc-717"/>
      </symbol>
      <symbol id="sm-928">
         <name>__mspabi_sral_11</name>
         <value>0x12430</value>
         <object_component_ref idref="oc-717"/>
      </symbol>
      <symbol id="sm-929">
         <name>__mspabi_sral_10</name>
         <value>0x12434</value>
         <object_component_ref idref="oc-717"/>
      </symbol>
      <symbol id="sm-92a">
         <name>__mspabi_sral_8</name>
         <value>0x1243c</value>
         <object_component_ref idref="oc-717"/>
      </symbol>
      <symbol id="sm-92b">
         <name>__mspabi_sral_9</name>
         <value>0x12438</value>
         <object_component_ref idref="oc-717"/>
      </symbol>
      <symbol id="sm-92c">
         <name>__mspabi_sral_6</name>
         <value>0x12444</value>
         <object_component_ref idref="oc-717"/>
      </symbol>
      <symbol id="sm-92d">
         <name>__mspabi_sral_7</name>
         <value>0x12440</value>
         <object_component_ref idref="oc-717"/>
      </symbol>
      <symbol id="sm-92e">
         <name>__mspabi_sral_4</name>
         <value>0x1244c</value>
         <object_component_ref idref="oc-717"/>
      </symbol>
      <symbol id="sm-92f">
         <name>__mspabi_sral_5</name>
         <value>0x12448</value>
         <object_component_ref idref="oc-717"/>
      </symbol>
      <symbol id="sm-930">
         <name>__mspabi_sral_2</name>
         <value>0x12454</value>
         <object_component_ref idref="oc-717"/>
      </symbol>
      <symbol id="sm-931">
         <name>__mspabi_sral_3</name>
         <value>0x12450</value>
         <object_component_ref idref="oc-717"/>
      </symbol>
      <symbol id="sm-932">
         <name>__mspabi_sral_1</name>
         <value>0x12458</value>
         <object_component_ref idref="oc-717"/>
      </symbol>
      <symbol id="sm-955">
         <name>_auto_init_hold_wdt</name>
         <value>0x11f3c</value>
         <object_component_ref idref="oc-4d5"/>
      </symbol>
      <symbol id="sm-96b">
         <name>copy_in</name>
         <value>0x121a6</value>
         <object_component_ref idref="oc-5a7"/>
      </symbol>
      <symbol id="sm-983">
         <name>__TI_frcmpyd</name>
         <value>0x10750</value>
         <object_component_ref idref="oc-66f"/>
      </symbol>
      <symbol id="sm-992">
         <name>_system_post_cinit</name>
         <value>0x1283c</value>
         <object_component_ref idref="oc-5ad"/>
      </symbol>
      <symbol id="sm-99b">
         <name>__TI_BINIT_Base</name>
         <value>0x0</value>
      </symbol>
      <symbol id="sm-99c">
         <name>__TI_BINIT_Limit</name>
         <value>0x0</value>
      </symbol>
      <symbol id="sm-99d">
         <name>__TI_INITARRAY_Base</name>
         <value>0x0</value>
      </symbol>
      <symbol id="sm-99e">
         <name>__TI_INITARRAY_Limit</name>
         <value>0x0</value>
      </symbol>
   </symbol_table>
   <title>Link successful</title>
</link_info>
